Group Assignment 2/Orange Juice Assignment 2.csv
STORE,Week,STOREWEEK,Season,BRAND,MOVE,logmove,PRICE,logprice,Feat,PROFIT,AGE9,AGE60,EDUC,ETHNIC,INCOME,SINGLE,POVERTY,NOCAR
109,153,109153,Summer,FG,11,2.397895273,2.39,0.871293366,0,35.44,0.147519804,0.151055656,0.476916693,0.060687451,11.23319833,0.231391726,0.023230199,0.030239311
109,23,109023,Winter,FG,719,6.577861358,1.89,0.636576829,1,0.63,0.147519804,0.151055656,0.476916693,0.060687451,11.23319833,0.231391726,0.023230199,0.030239311
109,17,109017,Winter,FG,25,3.218875825,2.32,0.841567186,0,29.78,0.147519804,0.151055656,0.476916693,0.060687451,11.23319833,0.231391726,0.023230199,0.030239311
109,130,109130,Spring,FG,87,4.465908119,1.69,0.524728529,1,14.73,0.147519804,0.151055656,0.476916693,0.060687451,11.23319833,0.231391726,0.023230199,0.030239311
109,63,109063,Winter,FG,17,2.833213344,2.79,1.026041596,1,35.81,0.147519804,0.151055656,0.476916693,0.060687451,11.23319833,0.231391726,0.023230199,0.030239311
109,155,109155,Fall,FG,9,2.197224577,2.39,0.871293366,0,37.03,0.147519804,0.151055656,0.476916693,0.060687451,11.23319833,0.231391726,0.023230199,0.030239311
109,73,109073,Winter,FG,141,4.94875989,1.99,0.688134639,1,24.97,0.147519804,0.151055656,0.476916693,0.060687451,11.23319833,0.231391726,0.023230199,0.030239311
109,7,109007,Fall,FG,37,3.610917913,2.19,0.783901544,0,23.56,0.147519804,0.151055656,0.476916693,0.060687451,11.23319833,0.231391726,0.023230199,0.030239311
109,109,109109,Fall,FG,20,2.995732274,2.39,0.871293366,0,49.71,0.147519804,0.151055656,0.476916693,0.060687451,11.23319833,0.231391726,0.023230199,0.030239311
109,159,109159,Fall,FG,42,3.737669618,1.59,0.463734016,1,15.66,0.147519804,0.151055656,0.476916693,0.060687451,11.23319833,0.231391726,0.023230199,0.030239311
109,173,109173,Winter,FG,13,2.564949357,2.56,0.940007258,0,39.34,0.147519804,0.151055656,0.476916693,0.060687451,11.23319833,0.231391726,0.023230199,0.030239311
109,9,109009,Fall,FG,3,1.098612289,2.54,0.932164081,0,38.82,0.147519804,0.151055656,0.476916693,0.060687451,11.23319833,0.231391726,0.023230199,0.030239311
109,106,109106,Fall,FG,22,3.091042453,1.99,0.688134639,1,32.31,0.147519804,0.151055656,0.476916693,0.060687451,11.23319833,0.231391726,0.023230199,0.030239311
109,92,109092,Summer,FG,17,2.833213344,1.86,0.620576488,1,31.02,0.147519804,0.151055656,0.476916693,0.060687451,11.23319833,0.231391726,0.023230199,0.030239311
109,31,109031,Spring,FG,22,3.091042453,3.08,1.124929597,0,33.73,0.147519804,0.151055656,0.476916693,0.060687451,11.23319833,0.231391726,0.023230199,0.030239311
109,75,109075,Winter,FG,29,3.36729583,1.99,0.688134639,1,24.22,0.147519804,0.151055656,0.476916693,0.060687451,11.23319833,0.231391726,0.023230199,0.030239311
109,42,109042,Summer,FG,5,1.609437912,3.08,1.124929597,0,40.39,0.147519804,0.151055656,0.476916693,0.060687451,11.23319833,0.231391726,0.023230199,0.030239311
109,97,109097,Summer,FG,10,2.302585093,2.49,0.91228271,0,48.47,0.147519804,0.151055656,0.476916693,0.060687451,11.23319833,0.231391726,0.023230199,0.030239311
109,90,109090,Summer,FG,34,3.526360525,1.69,0.524728529,1,24.08,0.147519804,0.151055656,0.476916693,0.060687451,11.23319833,0.231391726,0.023230199,0.030239311
109,141,109141,Summer,FG,14,2.63905733,2.39,0.871293366,0,29.5,0.147519804,0.151055656,0.476916693,0.060687451,11.23319833,0.231391726,0.023230199,0.030239311
109,129,109129,Spring,FG,35,3.555348061,2.39,0.871293366,0,39.71,0.147519804,0.151055656,0.476916693,0.060687451,11.23319833,0.231391726,0.023230199,0.030239311
109,62,109062,Fall,FG,19,2.944438979,2.79,1.026041596,1,35.81,0.147519804,0.151055656,0.476916693,0.060687451,11.23319833,0.231391726,0.023230199,0.030239311
109,158,109158,Fall,FG,530,6.272877007,1.59,0.463734016,1,15.28,0.147519804,0.151055656,0.476916693,0.060687451,11.23319833,0.231391726,0.023230199,0.030239311
109,101,109101,Summer,FG,20,2.995732274,2.49,0.91228271,0,44.98,0.147519804,0.151055656,0.476916693,0.060687451,11.23319833,0.231391726,0.023230199,0.030239311
109,139,109139,Spring,FG,25,3.218875825,2.39,0.871293366,0,29.5,0.147519804,0.151055656,0.476916693,0.060687451,11.23319833,0.231391726,0.023230199,0.030239311
109,187,109187,Spring,FG,7,1.945910149,2.56,0.940007258,0,45.66,0.147519804,0.151055656,0.476916693,0.060687451,11.23319833,0.231391726,0.023230199,0.030239311
109,85,109085,Spring,FG,71,4.262679877,1.79,0.58221562,0,20.28,0.147519804,0.151055656,0.476916693,0.060687451,11.23319833,0.231391726,0.023230199,0.030239311
109,93,109093,Summer,FG,7,1.945910149,1.29,0.254642218,1,13.49,0.147519804,0.151055656,0.476916693,0.060687451,11.23319833,0.231391726,0.023230199,0.030239311
107,183,107183,Spring,FG,18,2.890371758,1.92,0.652325186,0,28.49,0.119089317,0.261867453,0.273051907,0.025624482,10.82713119,0.216217723,0.027871216,0.042052145
107,44,107044,Summer,FG,14,2.63905733,2.75,1.011600912,1,33.78,0.119089317,0.261867453,0.273051907,0.025624482,10.82713119,0.216217723,0.027871216,0.042052145
107,144,107144,Summer,FG,85,4.442651256,1.79,0.58221562,0,5.87,0.119089317,0.261867453,0.273051907,0.025624482,10.82713119,0.216217723,0.027871216,0.042052145
107,42,107042,Summer,FG,1,0,2.91,1.068153081,0,36.91,0.119089317,0.261867453,0.273051907,0.025624482,10.82713119,0.216217723,0.027871216,0.042052145
107,54,107054,Fall,FG,12,2.48490665,2.91,1.068153081,0,41.62,0.119089317,0.261867453,0.273051907,0.025624482,10.82713119,0.216217723,0.027871216,0.042052145
107,163,107163,Fall,FG,18,2.890371758,1.92,0.652325186,0,20.1,0.119089317,0.261867453,0.273051907,0.025624482,10.82713119,0.216217723,0.027871216,0.042052145
107,119,107119,Winter,FG,14,2.63905733,1.99,0.688134639,0,32.66,0.119089317,0.261867453,0.273051907,0.025624482,10.82713119,0.216217723,0.027871216,0.042052145
107,105,107105,Fall,FG,58,4.060443011,1.99,0.688134639,0,31.96,0.119089317,0.261867453,0.273051907,0.025624482,10.82713119,0.216217723,0.027871216,0.042052145
107,143,107143,Summer,FG,66,4.189654742,1.79,0.58221562,0,5.87,0.119089317,0.261867453,0.273051907,0.025624482,10.82713119,0.216217723,0.027871216,0.042052145
107,97,107097,Summer,FG,4,1.386294361,2.36,0.858661619,0,45.64,0.119089317,0.261867453,0.273051907,0.025624482,10.82713119,0.216217723,0.027871216,0.042052145
107,92,107092,Summer,FG,31,3.433987204,1.77,0.570979547,1,27.51,0.119089317,0.261867453,0.273051907,0.025624482,10.82713119,0.216217723,0.027871216,0.042052145
107,50,107050,Fall,FG,6,1.791759469,2.71,0.996948635,1,36.61,0.119089317,0.261867453,0.273051907,0.025624482,10.82713119,0.216217723,0.027871216,0.042052145
107,172,107172,Winter,FG,102,4.624972813,1.69,0.524728529,1,20.41,0.119089317,0.261867453,0.273051907,0.025624482,10.82713119,0.216217723,0.027871216,0.042052145
107,82,107082,Spring,FG,21,3.044522438,2.36,0.858661619,0,37.29,0.119089317,0.261867453,0.273051907,0.025624482,10.82713119,0.216217723,0.027871216,0.042052145
107,192,107192,Spring,FG,54,3.988984047,1.49,0.39877612,1,26.71,0.119089317,0.261867453,0.273051907,0.025624482,10.82713119,0.216217723,0.027871216,0.042052145
107,43,107043,Summer,FG,12,2.48490665,2.91,1.068153081,0,33.13,0.119089317,0.261867453,0.273051907,0.025624482,10.82713119,0.216217723,0.027871216,0.042052145
107,189,107189,Spring,FG,24,3.17805383,1.89,0.636576829,1,29.26,0.119089317,0.261867453,0.273051907,0.025624482,10.82713119,0.216217723,0.027871216,0.042052145
107,75,107075,Winter,FG,14,2.63905733,1.99,0.688134639,1,24.22,0.119089317,0.261867453,0.273051907,0.025624482,10.82713119,0.216217723,0.027871216,0.042052145
107,20,107020,Winter,FG,51,3.931825633,2.24,0.806475866,1,30.54,0.119089317,0.261867453,0.273051907,0.025624482,10.82713119,0.216217723,0.027871216,0.042052145
107,91,107091,Summer,FG,5,1.609437912,2.36,0.858661619,0,45.64,0.119089317,0.261867453,0.273051907,0.025624482,10.82713119,0.216217723,0.027871216,0.042052145
107,174,107174,Winter,FG,37,3.610917913,1.92,0.652325186,0,19.11,0.119089317,0.261867453,0.273051907,0.025624482,10.82713119,0.216217723,0.027871216,0.042052145
107,37,107037,Summer,FG,31,3.433987204,2.59,0.951657876,0,24.86,0.119089317,0.261867453,0.273051907,0.025624482,10.82713119,0.216217723,0.027871216,0.042052145
107,86,107086,Spring,FG,55,4.007333185,1.79,0.58221562,0,27.32,0.119089317,0.261867453,0.273051907,0.025624482,10.82713119,0.216217723,0.027871216,0.042052145
107,155,107155,Fall,FG,30,3.401197382,1.79,0.58221562,0,15.92,0.119089317,0.261867453,0.273051907,0.025624482,10.82713119,0.216217723,0.027871216,0.042052145
107,181,107181,Spring,FG,18,2.890371758,1.77,0.570979547,1,23.11,0.119089317,0.261867453,0.273051907,0.025624482,10.82713119,0.216217723,0.027871216,0.042052145
107,10,107010,Fall,FG,7,1.945910149,2.41,0.879626748,0,35.52,0.119089317,0.261867453,0.273051907,0.025624482,10.82713119,0.216217723,0.027871216,0.042052145
107,31,107031,Spring,FG,18,2.890371758,2.91,1.068153081,0,29.86,0.119089317,0.261867453,0.273051907,0.025624482,10.82713119,0.216217723,0.027871216,0.042052145
107,188,107188,Spring,FG,36,3.583518938,1.92,0.652325186,0,30.36,0.119089317,0.261867453,0.273051907,0.025624482,10.82713119,0.216217723,0.027871216,0.042052145
107,61,107061,Fall,FG,7,1.945910149,2.91,1.068153081,0,38.45,0.119089317,0.261867453,0.273051907,0.025624482,10.82713119,0.216217723,0.027871216,0.042052145
107,168,107168,Winter,FG,28,3.33220451,1.92,0.652325186,0,12.6,0.119089317,0.261867453,0.273051907,0.025624482,10.82713119,0.216217723,0.027871216,0.042052145
107,194,107194,Summer,FG,29,3.36729583,1.49,0.39877612,1,19.79,0.119089317,0.261867453,0.273051907,0.025624482,10.82713119,0.216217723,0.027871216,0.042052145
107,178,107178,Winter,FG,18,2.890371758,1.92,0.652325186,0,29.64,0.119089317,0.261867453,0.273051907,0.025624482,10.82713119,0.216217723,0.027871216,0.042052145
107,170,107170,Winter,FG,35,3.555348061,1.92,0.652325186,0,28.96,0.119089317,0.261867453,0.273051907,0.025624482,10.82713119,0.216217723,0.027871216,0.042052145
126,147,126147,Summer,FG,31,3.433987204,1.79,0.58221562,0,13.79,0.160059877,0.107002273,0.413222417,0.045018573,10.9808762,0.262072942,0.01373033,0.023449553
126,188,126188,Spring,FG,1,0,1.79,0.58221562,0,25.3,0.160059877,0.107002273,0.413222417,0.045018573,10.9808762,0.262072942,0.01373033,0.023449553
126,119,126119,Winter,FG,14,2.63905733,1.99,0.688134639,0,26.33,0.160059877,0.107002273,0.413222417,0.045018573,10.9808762,0.262072942,0.01373033,0.023449553
126,42,126042,Summer,FG,2,0.693147181,2.91,1.068153081,0,36.91,0.160059877,0.107002273,0.413222417,0.045018573,10.9808762,0.262072942,0.01373033,0.023449553
126,25,126025,Spring,FG,4,1.386294361,2.91,1.068153081,0,30.72,0.160059877,0.107002273,0.413222417,0.045018573,10.9808762,0.262072942,0.01373033,0.023449553
126,191,126191,Spring,FG,9,2.197224577,1.49,0.39877612,1,27.65,0.160059877,0.107002273,0.413222417,0.045018573,10.9808762,0.262072942,0.01373033,0.023449553
126,21,126021,Winter,FG,14,2.63905733,2.29,0.828551818,0,32.05,0.160059877,0.107002273,0.413222417,0.045018573,10.9808762,0.262072942,0.01373033,0.023449553
126,113,126113,Fall,FG,6,1.791759469,2.17,0.774727168,0,43.08,0.160059877,0.107002273,0.413222417,0.045018573,10.9808762,0.262072942,0.01373033,0.023449553
126,100,126100,Summer,FG,123,4.812184355,1.89,0.636576829,0,27.51,0.160059877,0.107002273,0.413222417,0.045018573,10.9808762,0.262072942,0.01373033,0.023449553
126,154,126154,Fall,FG,24,3.17805383,1.79,0.58221562,0,15.19,0.160059877,0.107002273,0.413222417,0.045018573,10.9808762,0.262072942,0.01373033,0.023449553
126,93,126093,Summer,FG,20,2.995732274,1.29,0.254642218,0,8.21,0.160059877,0.107002273,0.413222417,0.045018573,10.9808762,0.262072942,0.01373033,0.023449553
126,74,126074,Winter,FG,54,3.988984047,1.99,0.688134639,0,20.2,0.160059877,0.107002273,0.413222417,0.045018573,10.9808762,0.262072942,0.01373033,0.023449553
126,30,126030,Spring,FG,1,0,2.91,1.068153081,0,35.53,0.160059877,0.107002273,0.413222417,0.045018573,10.9808762,0.262072942,0.01373033,0.023449553
126,14,126014,Winter,FG,15,2.708050201,2.23,0.802001585,0,30.22,0.160059877,0.107002273,0.413222417,0.045018573,10.9808762,0.262072942,0.01373033,0.023449553
126,56,126056,Fall,FG,8,2.079441542,2.91,1.068153081,0,41.2,0.160059877,0.107002273,0.413222417,0.045018573,10.9808762,0.262072942,0.01373033,0.023449553
126,184,126184,Spring,FG,21,3.044522438,1.79,0.58221562,0,23.63,0.160059877,0.107002273,0.413222417,0.045018573,10.9808762,0.262072942,0.01373033,0.023449553
126,192,126192,Spring,FG,16,2.772588722,1.49,0.39877612,1,24.96,0.160059877,0.107002273,0.413222417,0.045018573,10.9808762,0.262072942,0.01373033,0.023449553
126,64,126064,Winter,FG,14,2.63905733,2.79,1.026041596,0,44.87,0.160059877,0.107002273,0.413222417,0.045018573,10.9808762,0.262072942,0.01373033,0.023449553
126,65,126065,Winter,FG,10,2.302585093,2.79,1.026041596,0,44.87,0.160059877,0.107002273,0.413222417,0.045018573,10.9808762,0.262072942,0.01373033,0.023449553
126,166,126166,Fall,FG,11,2.397895273,1.79,0.58221562,0,7.82,0.160059877,0.107002273,0.413222417,0.045018573,10.9808762,0.262072942,0.01373033,0.023449553
126,67,126067,Winter,FG,37,3.610917913,1.99,0.688134639,0,25.08,0.160059877,0.107002273,0.413222417,0.045018573,10.9808762,0.262072942,0.01373033,0.023449553
126,142,126142,Summer,FG,69,4.234106505,1.79,0.58221562,0,5.86,0.160059877,0.107002273,0.413222417,0.045018573,10.9808762,0.262072942,0.01373033,0.023449553
126,127,126127,Winter,FG,842,6.735780014,0.99,-0.010050336,0,45.65,0.160059877,0.107002273,0.413222417,0.045018573,10.9808762,0.262072942,0.01373033,0.023449553
126,181,126181,Spring,FG,9,2.197224577,1.67,0.512823626,1,18.32,0.160059877,0.107002273,0.413222417,0.045018573,10.9808762,0.262072942,0.01373033,0.023449553
126,136,126136,Spring,FG,65,4.17438727,1.73,0.548121409,0,2.6,0.160059877,0.107002273,0.413222417,0.045018573,10.9808762,0.262072942,0.01373033,0.023449553
126,96,126096,Summer,FG,3,1.098612289,2.36,0.858661619,0,48.38,0.160059877,0.107002273,0.413222417,0.045018573,10.9808762,0.262072942,0.01373033,0.023449553
126,90,126090,Summer,FG,30,3.401197382,1.69,0.524728529,1,24.08,0.160059877,0.107002273,0.413222417,0.045018573,10.9808762,0.262072942,0.01373033,0.023449553
126,120,126120,Winter,FG,31,3.433987204,1.99,0.688134639,0,31.9,0.160059877,0.107002273,0.413222417,0.045018573,10.9808762,0.262072942,0.01373033,0.023449553
126,75,126075,Winter,FG,32,3.465735903,1.99,0.688134639,1,24.22,0.160059877,0.107002273,0.413222417,0.045018573,10.9808762,0.262072942,0.01373033,0.023449553
126,54,126054,Fall,FG,6,1.791759469,2.91,1.068153081,0,41.62,0.160059877,0.107002273,0.413222417,0.045018573,10.9808762,0.262072942,0.01373033,0.023449553
126,91,126091,Summer,FG,4,1.386294361,2.36,0.858661619,0,45.64,0.160059877,0.107002273,0.413222417,0.045018573,10.9808762,0.262072942,0.01373033,0.023449553
126,104,126104,Fall,FG,28,3.33220451,1.99,0.688134639,0,31.7,0.160059877,0.107002273,0.413222417,0.045018573,10.9808762,0.262072942,0.01373033,0.023449553
126,193,126193,Summer,FG,20,2.995732274,1.49,0.39877612,1,20.33,0.160059877,0.107002273,0.413222417,0.045018573,10.9808762,0.262072942,0.01373033,0.023449553
126,169,126169,Winter,FG,24,3.17805383,1.79,0.58221562,0,19.49,0.160059877,0.107002273,0.413222417,0.045018573,10.9808762,0.262072942,0.01373033,0.023449553
126,59,126059,Fall,FG,23,3.135494216,1.99,0.688134639,0,10,0.160059877,0.107002273,0.413222417,0.045018573,10.9808762,0.262072942,0.01373033,0.023449553
126,157,126157,Fall,FG,28,3.33220451,1.79,0.58221562,0,21.67,0.160059877,0.107002273,0.413222417,0.045018573,10.9808762,0.262072942,0.01373033,0.023449553
126,20,126020,Winter,FG,32,3.465735903,2.24,0.806475866,1,30.54,0.160059877,0.107002273,0.413222417,0.045018573,10.9808762,0.262072942,0.01373033,0.023449553
