Group Assignment 2/Orange Juice Assignment 2.csv
STORE,Week,STOREWEEK,Season,BRAND,MOVE,logmove,PRICE,logprice,Feat,PROFIT,AGE9,AGE60,EDUC,ETHNIC,INCOME,SINGLE,POVERTY,NOCAR
28,165,28165,Fall,FG,30,3.401197382,1.92,0.652325186,0,19.9,0.128879537,0.213308785,0.233162564,0.055935473,10.79853422,0.233601718,0.035497431,0.054855275
28,105,28105,Fall,FG,73,4.290459441,1.99,0.688134639,0,31.96,0.128879537,0.213308785,0.233162564,0.055935473,10.79853422,0.233601718,0.035497431,0.054855275
28,194,28194,Summer,FG,87,4.465908119,1.49,0.39877612,1,19.79,0.128879537,0.213308785,0.233162564,0.055935473,10.79853422,0.233601718,0.035497431,0.054855275
28,14,28014,Winter,FG,24,3.17805383,2.23,0.802001585,0,30.22,0.128879537,0.213308785,0.233162564,0.055935473,10.79853422,0.233601718,0.035497431,0.054855275
28,85,28085,Spring,FG,25,3.218875825,1.79,0.58221562,0,20.28,0.128879537,0.213308785,0.233162564,0.055935473,10.79853422,0.233601718,0.035497431,0.054855275
28,131,28131,Spring,FG,34,3.526360525,1.59,0.463734016,1,9.37,0.128879537,0.213308785,0.233162564,0.055935473,10.79853422,0.233601718,0.035497431,0.054855275
28,132,28132,Spring,FG,28,3.33220451,1.59,0.463734016,0,9.37,0.128879537,0.213308785,0.233162564,0.055935473,10.79853422,0.233601718,0.035497431,0.054855275
28,188,28188,Spring,FG,20,2.995732274,1.9,0.641853886,0,29.63,0.128879537,0.213308785,0.233162564,0.055935473,10.79853422,0.233601718,0.035497431,0.054855275
28,114,28114,Fall,FG,24,3.17805383,1.99,0.688134639,1,37.04,0.128879537,0.213308785,0.233162564,0.055935473,10.79853422,0.233601718,0.035497431,0.054855275
28,56,28056,Fall,FG,8,2.079441542,2.91,1.068153081,0,41.2,0.128879537,0.213308785,0.233162564,0.055935473,10.79853422,0.233601718,0.035497431,0.054855275
28,120,28120,Winter,FG,11,2.397895273,1.99,0.688134639,1,32.66,0.128879537,0.213308785,0.233162564,0.055935473,10.79853422,0.233601718,0.035497431,0.054855275
28,39,28039,Summer,FG,14,2.63905733,2.91,1.068153081,0,43.44,0.128879537,0.213308785,0.233162564,0.055935473,10.79853422,0.233601718,0.035497431,0.054855275
28,153,28153,Summer,FG,24,3.17805383,1.79,0.58221562,0,13.8,0.128879537,0.213308785,0.233162564,0.055935473,10.79853422,0.233601718,0.035497431,0.054855275
28,160,28160,Fall,FG,20,2.995732274,1.92,0.652325186,1,30.16,0.128879537,0.213308785,0.233162564,0.055935473,10.79853422,0.233601718,0.035497431,0.054855275
28,97,28097,Summer,FG,3,1.098612289,2.36,0.858661619,0,45.64,0.128879537,0.213308785,0.233162564,0.055935473,10.79853422,0.233601718,0.035497431,0.054855275
28,161,28161,Fall,FG,24,3.17805383,1.92,0.652325186,0,30.16,0.128879537,0.213308785,0.233162564,0.055935473,10.79853422,0.233601718,0.035497431,0.054855275
28,3,28003,Fall,FG,12,2.48490665,2.29,0.828551818,1,23.41,0.128879537,0.213308785,0.233162564,0.055935473,10.79853422,0.233601718,0.035497431,0.054855275
28,19,28019,Winter,FG,24,3.17805383,2.24,0.806475866,0,30.54,0.128879537,0.213308785,0.233162564,0.055935473,10.79853422,0.233601718,0.035497431,0.054855275
28,26,28026,Spring,FG,6,1.791759469,2.91,1.068153081,0,30.72,0.128879537,0.213308785,0.233162564,0.055935473,10.79853422,0.233601718,0.035497431,0.054855275
28,129,28129,Spring,FG,24,3.17805383,1.79,0.58221562,0,19.5,0.128879537,0.213308785,0.233162564,0.055935473,10.79853422,0.233601718,0.035497431,0.054855275
28,198,28198,Summer,FG,28,3.33220451,0.99,-0.010050336,0,-20.7,0.128879537,0.213308785,0.233162564,0.055935473,10.79853422,0.233601718,0.035497431,0.054855275
28,64,28064,Winter,FG,9,2.197224577,2.79,1.026041596,0,44.87,0.128879537,0.213308785,0.233162564,0.055935473,10.79853422,0.233601718,0.035497431,0.054855275
28,66,28066,Winter,FG,27,3.295836866,1.99,0.688134639,0,29.75,0.128879537,0.213308785,0.233162564,0.055935473,10.79853422,0.233601718,0.035497431,0.054855275
28,28,28028,Spring,FG,8,2.079441542,2.91,1.068153081,0,35.53,0.128879537,0.213308785,0.233162564,0.055935473,10.79853422,0.233601718,0.035497431,0.054855275
28,1,28001,Fall,FG,51,3.931825633,2.29,0.828551818,0,23.41,0.128879537,0.213308785,0.233162564,0.055935473,10.79853422,0.233601718,0.035497431,0.054855275
28,111,28111,Fall,FG,9,2.197224577,2.26,0.815364813,0,46.9,0.128879537,0.213308785,0.233162564,0.055935473,10.79853422,0.233601718,0.035497431,0.054855275
28,117,28117,Winter,FG,25,3.218875825,1.59,0.463734016,1,33.77,0.128879537,0.213308785,0.233162564,0.055935473,10.79853422,0.233601718,0.035497431,0.054855275
28,68,28068,Winter,FG,22,3.091042453,1.99,0.688134639,1,25.08,0.128879537,0.213308785,0.233162564,0.055935473,10.79853422,0.233601718,0.035497431,0.054855275
28,34,28034,Spring,FG,12,2.48490665,2.91,1.068153081,0,33.13,0.128879537,0.213308785,0.233162564,0.055935473,10.79853422,0.233601718,0.035497431,0.054855275
28,126,28126,Winter,FG,12,2.48490665,1.79,0.58221562,0,11.45,0.128879537,0.213308785,0.233162564,0.055935473,10.79853422,0.233601718,0.035497431,0.054855275
28,98,28098,Summer,FG,3,1.098612289,2.36,0.858661619,0,45.64,0.128879537,0.213308785,0.233162564,0.055935473,10.79853422,0.233601718,0.035497431,0.054855275
90,86,90086,Spring,FG,3,1.098612289,1.79,0.58221562,0,27.32,0.129722571,0.225219573,0.050193454,0.268367489,10.5046565,0.285503472,0.091751622,0.180874722
90,109,90109,Fall,FG,5,1.609437912,2.39,0.871293366,0,49.71,0.129722571,0.225219573,0.050193454,0.268367489,10.5046565,0.285503472,0.091751622,0.180874722
90,156,90156,Fall,FG,22,3.091042453,1.92,0.652325186,0,21.61,0.129722571,0.225219573,0.050193454,0.268367489,10.5046565,0.285503472,0.091751622,0.180874722
90,176,90176,Winter,FG,58,4.060443011,1.84,0.609765572,1,22.34,0.129722571,0.225219573,0.050193454,0.268367489,10.5046565,0.285503472,0.091751622,0.180874722
90,92,90092,Summer,FG,33,3.496507561,1.77,0.570979547,1,27.51,0.129722571,0.225219573,0.050193454,0.268367489,10.5046565,0.285503472,0.091751622,0.180874722
90,155,90155,Fall,FG,11,2.397895273,2.39,0.871293366,0,37.03,0.129722571,0.225219573,0.050193454,0.268367489,10.5046565,0.285503472,0.091751622,0.180874722
90,149,90149,Summer,FG,38,3.63758616,2.09,0.737164066,0,26.79,0.129722571,0.225219573,0.050193454,0.268367489,10.5046565,0.285503472,0.091751622,0.180874722
90,20,90020,Winter,FG,41,3.713572067,2.24,0.806475866,1,30.54,0.129722571,0.225219573,0.050193454,0.268367489,10.5046565,0.285503472,0.091751622,0.180874722
90,102,90102,Fall,FG,5,1.609437912,2.36,0.858661619,0,41.95,0.129722571,0.225219573,0.050193454,0.268367489,10.5046565,0.285503472,0.091751622,0.180874722
90,188,90188,Spring,FG,14,2.63905733,1.92,0.652325186,0,30.36,0.129722571,0.225219573,0.050193454,0.268367489,10.5046565,0.285503472,0.091751622,0.180874722
90,153,90153,Summer,FG,7,1.945910149,2.39,0.871293366,0,35.44,0.129722571,0.225219573,0.050193454,0.268367489,10.5046565,0.285503472,0.091751622,0.180874722
90,32,90032,Spring,FG,375,5.926926026,1.99,0.688134639,1,2.21,0.129722571,0.225219573,0.050193454,0.268367489,10.5046565,0.285503472,0.091751622,0.180874722
90,76,90076,Spring,FG,16,2.772588722,1.99,0.688134639,0,24.22,0.129722571,0.225219573,0.050193454,0.268367489,10.5046565,0.285503472,0.091751622,0.180874722
90,201,90201,Summer,FG,4,1.386294361,2.09,0.737164066,0,47.6,0.129722571,0.225219573,0.050193454,0.268367489,10.5046565,0.285503472,0.091751622,0.180874722
90,43,90043,Summer,FG,10,2.302585093,2.91,1.068153081,0,33.13,0.129722571,0.225219573,0.050193454,0.268367489,10.5046565,0.285503472,0.091751622,0.180874722
90,84,90084,Spring,FG,50,3.912023005,1.79,0.58221562,0,20.28,0.129722571,0.225219573,0.050193454,0.268367489,10.5046565,0.285503472,0.091751622,0.180874722
90,115,90115,Winter,FG,75,4.317488114,1.99,0.688134639,1,37.04,0.129722571,0.225219573,0.050193454,0.268367489,10.5046565,0.285503472,0.091751622,0.180874722
90,44,90044,Summer,FG,8,2.079441542,2.75,1.011600912,1,33.78,0.129722571,0.225219573,0.050193454,0.268367489,10.5046565,0.285503472,0.091751622,0.180874722
90,160,90160,Fall,FG,37,3.610917913,1.92,0.652325186,1,30.16,0.129722571,0.225219573,0.050193454,0.268367489,10.5046565,0.285503472,0.091751622,0.180874722
90,165,90165,Fall,FG,23,3.135494216,1.92,0.652325186,0,19.9,0.129722571,0.225219573,0.050193454,0.268367489,10.5046565,0.285503472,0.091751622,0.180874722
90,191,90191,Spring,FG,4,1.386294361,1.49,0.39877612,1,27.45,0.129722571,0.225219573,0.050193454,0.268367489,10.5046565,0.285503472,0.091751622,0.180874722
90,13,90013,Winter,FG,12,2.48490665,2.23,0.802001585,0,30.22,0.129722571,0.225219573,0.050193454,0.268367489,10.5046565,0.285503472,0.091751622,0.180874722
90,132,90132,Spring,FG,137,4.919980926,1.59,0.463734016,0,9.37,0.129722571,0.225219573,0.050193454,0.268367489,10.5046565,0.285503472,0.091751622,0.180874722
90,81,90081,Spring,FG,7,1.945910149,2.19,0.783901544,1,32.42,0.129722571,0.225219573,0.050193454,0.268367489,10.5046565,0.285503472,0.091751622,0.180874722
90,182,90182,Spring,FG,111,4.709530201,1.79,0.58221562,1,23.3,0.129722571,0.225219573,0.050193454,0.268367489,10.5046565,0.285503472,0.091751622,0.180874722
90,174,90174,Winter,FG,21,3.044522438,1.92,0.652325186,0,19.11,0.129722571,0.225219573,0.050193454,0.268367489,10.5046565,0.285503472,0.091751622,0.180874722
90,71,90071,Winter,FG,21,3.044522438,1.99,0.688134639,1,24.97,0.129722571,0.225219573,0.050193454,0.268367489,10.5046565,0.285503472,0.091751622,0.180874722
90,105,90105,Fall,FG,91,4.510859507,1.99,0.688134639,0,31.96,0.129722571,0.225219573,0.050193454,0.268367489,10.5046565,0.285503472,0.091751622,0.180874722
90,168,90168,Winter,FG,10,2.302585093,1.92,0.652325186,0,12.6,0.129722571,0.225219573,0.050193454,0.268367489,10.5046565,0.285503472,0.091751622,0.180874722
90,113,90113,Fall,FG,13,2.564949357,2.39,0.871293366,0,49.79,0.129722571,0.225219573,0.050193454,0.268367489,10.5046565,0.285503472,0.091751622,0.180874722
90,39,90039,Summer,FG,59,4.077537444,2.91,1.068153081,0,43.44,0.129722571,0.225219573,0.050193454,0.268367489,10.5046565,0.285503472,0.091751622,0.180874722
90,98,90098,Summer,FG,15,2.708050201,2.36,0.858661619,0,45.64,0.129722571,0.225219573,0.050193454,0.268367489,10.5046565,0.285503472,0.091751622,0.180874722
5,131,5131,Spring,FG,43,3.761200116,1.59,0.463734016,1,9.37,0.141433483,0.117368032,0.32122573,0.053875277,10.92237097,0.26458527,0.025104603,0.025569503
5,73,5073,Winter,FG,40,3.688879454,1.99,0.688134639,1,24.97,0.141433483,0.117368032,0.32122573,0.053875277,10.92237097,0.26458527,0.025104603,0.025569503
5,96,5096,Summer,FG,3,1.098612289,2.36,0.858661619,0,49.75,0.141433483,0.117368032,0.32122573,0.053875277,10.92237097,0.26458527,0.025104603,0.025569503
5,139,5139,Spring,FG,57,4.043051268,1.79,0.58221562,0,5.87,0.141433483,0.117368032,0.32122573,0.053875277,10.92237097,0.26458527,0.025104603,0.025569503
5,11,5011,Winter,FG,7,1.945910149,2.29,0.828551818,0,32.05,0.141433483,0.117368032,0.32122573,0.053875277,10.92237097,0.26458527,0.025104603,0.025569503
5,196,5196,Summer,FG,18,2.890371758,1.79,0.58221562,0,33.24,0.141433483,0.117368032,0.32122573,0.053875277,10.92237097,0.26458527,0.025104603,0.025569503
5,178,5178,Winter,FG,21,3.044522438,1.79,0.58221562,0,24.41,0.141433483,0.117368032,0.32122573,0.053875277,10.92237097,0.26458527,0.025104603,0.025569503
5,133,5133,Spring,FG,212,5.356586275,1.29,0.254642218,0,3.8,0.141433483,0.117368032,0.32122573,0.053875277,10.92237097,0.26458527,0.025104603,0.025569503
5,119,5119,Winter,FG,8,2.079441542,1.99,0.688134639,0,32.66,0.141433483,0.117368032,0.32122573,0.053875277,10.92237097,0.26458527,0.025104603,0.025569503
5,79,5079,Spring,FG,7,1.945910149,2.19,0.783901544,0,32.79,0.141433483,0.117368032,0.32122573,0.053875277,10.92237097,0.26458527,0.025104603,0.025569503
5,44,5044,Summer,FG,1,0,2.75,1.011600912,1,33.78,0.141433483,0.117368032,0.32122573,0.053875277,10.92237097,0.26458527,0.025104603,0.025569503
5,50,5050,Fall,FG,4,1.386294361,2.71,0.996948635,1,36.61,0.141433483,0.117368032,0.32122573,0.053875277,10.92237097,0.26458527,0.025104603,0.025569503
5,127,5127,Winter,FG,1987,7.594381243,0.99,-0.010050336,1,45.86,0.141433483,0.117368032,0.32122573,0.053875277,10.92237097,0.26458527,0.025104603,0.025569503
5,21,5021,Winter,FG,6,1.791759469,2.29,0.828551818,0,32.05,0.141433483,0.117368032,0.32122573,0.053875277,10.92237097,0.26458527,0.025104603,0.025569503
5,42,5042,Summer,FG,4,1.386294361,2.91,1.068153081,0,36.91,0.141433483,0.117368032,0.32122573,0.053875277,10.92237097,0.26458527,0.025104603,0.025569503
5,39,5039,Summer,FG,57,4.043051268,2.91,1.068153081,0,43.44,0.141433483,0.117368032,0.32122573,0.053875277,10.92237097,0.26458527,0.025104603,0.025569503
5,19,5019,Winter,FG,14,2.63905733,2.24,0.806475866,0,30.54,0.141433483,0.117368032,0.32122573,0.053875277,10.92237097,0.26458527,0.025104603,0.025569503
5,146,5146,Summer,FG,26,3.258096538,1.79,0.58221562,0,5.87,0.141433483,0.117368032,0.32122573,0.053875277,10.92237097,0.26458527,0.025104603,0.025569503
5,191,5191,Spring,FG,28,3.33220451,1.49,0.39877612,1,27.65,0.141433483,0.117368032,0.32122573,0.053875277,10.92237097,0.26458527,0.025104603,0.025569503
5,121,5121,Winter,FG,143,4.96284463,1.79,0.58221562,1,30.39,0.141433483,0.117368032,0.32122573,0.053875277,10.92237097,0.26458527,0.025104603,0.025569503
5,120,5120,Winter,FG,8,2.079441542,1.99,0.688134639,1,32.66,0.141433483,0.117368032,0.32122573,0.053875277,10.92237097,0.26458527,0.025104603,0.025569503
5,13,5013,Winter,FG,5,1.609437912,2.23,0.802001585,0,30.22,0.141433483,0.117368032,0.32122573,0.053875277,10.92237097,0.26458527,0.025104603,0.025569503
5,129,5129,Spring,FG,257,5.549076085,1.79,0.58221562,0,19.5,0.141433483,0.117368032,0.32122573,0.053875277,10.92237097,0.26458527,0.025104603,0.025569503
5,111,5111,Fall,FG,8,2.079441542,2.26,0.815364813,0,46.9,0.141433483,0.117368032,0.32122573,0.053875277,10.92237097,0.26458527,0.025104603,0.025569503
5,195,5195,Summer,FG,39,3.663561646,1.59,0.463734016,1,24.84,0.141433483,0.117368032,0.32122573,0.053875277,10.92237097,0.26458527,0.025104603,0.025569503
5,9,5009,Fall,FG,9,2.197224577,2.41,0.879626748,0,35.52,0.141433483,0.117368032,0.32122573,0.053875277,10.92237097,0.26458527,0.025104603,0.025569503
5,33,5033,Spring,FG,5,1.609437912,2.91,1.068153081,0,33.13,0.141433483,0.117368032,0.32122573,0.053875277,10.92237097,0.26458527,0.025104603,0.025569503
5,99,5099,Summer,FG,24,3.17805383,2.36,0.858661619,0,45.64,0.141433483,0.117368032,0.32122573,0.053875277,10.92237097,0.26458527,0.025104603,0.025569503
5,105,5105,Fall,FG,38,3.63758616,1.99,0.688134639,0,31.96,0.141433483,0.117368032,0.32122573,0.053875277,10.92237097,0.26458527,0.025104603,0.025569503
5,18,5018,Winter,FG,6,1.791759469,2.24,0.806475866,0,27.28,0.141433483,0.117368032,0.32122573,0.053875277,10.92237097,0.26458527,0.025104603,0.025569503
