Group Assignment 2/Orange Juice Assignment 2.csv
STORE,Week,STOREWEEK,Season,BRAND,MOVE,logmove,PRICE,logprice,Feat,PROFIT,AGE9,AGE60,EDUC,ETHNIC,INCOME,SINGLE,POVERTY,NOCAR
40,55,40055,Fall,FG,30,3.401197382,2.19,0.783901544,0,21.87,0.133684648,0.1818518,0.072128605,0.044053067,10.55025042,0.266478451,0.055184805,0.046329569
40,200,40200,Summer,FG,1,0,1.79,0.58221562,0,38.82,0.133684648,0.1818518,0.072128605,0.044053067,10.55025042,0.266478451,0.055184805,0.046329569
40,128,40128,Spring,FG,30,3.401197382,1.55,0.438254931,0,7.03,0.133684648,0.1818518,0.072128605,0.044053067,10.55025042,0.266478451,0.055184805,0.046329569
40,7,40007,Fall,FG,19,2.944438979,1.98,0.683096845,0,15.45,0.133684648,0.1818518,0.072128605,0.044053067,10.55025042,0.266478451,0.055184805,0.046329569
40,94,40094,Summer,FG,30,3.401197382,1.89,0.636576829,0,37.35,0.133684648,0.1818518,0.072128605,0.044053067,10.55025042,0.266478451,0.055184805,0.046329569
40,96,40096,Summer,FG,3,1.098612289,1.89,0.636576829,0,37.25,0.133684648,0.1818518,0.072128605,0.044053067,10.55025042,0.266478451,0.055184805,0.046329569
40,35,40035,Spring,FG,141,4.94875989,2.19,0.783901544,0,11.14,0.133684648,0.1818518,0.072128605,0.044053067,10.55025042,0.266478451,0.055184805,0.046329569
40,115,40115,Winter,FG,16,2.772588722,1.29,0.254642218,1,18.37,0.133684648,0.1818518,0.072128605,0.044053067,10.55025042,0.266478451,0.055184805,0.046329569
40,109,40109,Fall,FG,53,3.970291914,1.19,0.173953307,0,0.92,0.133684648,0.1818518,0.072128605,0.044053067,10.55025042,0.266478451,0.055184805,0.046329569
40,163,40163,Fall,FG,13,2.564949357,1.92,0.652325186,0,19.89,0.133684648,0.1818518,0.072128605,0.044053067,10.55025042,0.266478451,0.055184805,0.046329569
40,57,40057,Fall,FG,14,2.63905733,2.19,0.783901544,0,31.05,0.133684648,0.1818518,0.072128605,0.044053067,10.55025042,0.266478451,0.055184805,0.046329569
40,172,40172,Winter,FG,25,3.218875825,1.77,0.570979547,1,19.83,0.133684648,0.1818518,0.072128605,0.044053067,10.55025042,0.266478451,0.055184805,0.046329569
40,179,40179,Winter,FG,14,2.63905733,1.84,0.609765572,0,26.03,0.133684648,0.1818518,0.072128605,0.044053067,10.55025042,0.266478451,0.055184805,0.046329569
40,134,40134,Spring,FG,26,3.258096538,1.39,0.329303747,1,53.45,0.133684648,0.1818518,0.072128605,0.044053067,10.55025042,0.266478451,0.055184805,0.046329569
40,59,40059,Fall,FG,25,3.218875825,1.99,0.688134639,0,10,0.133684648,0.1818518,0.072128605,0.044053067,10.55025042,0.266478451,0.055184805,0.046329569
40,26,40026,Spring,FG,26,3.258096538,2.19,0.783901544,0,7.95,0.133684648,0.1818518,0.072128605,0.044053067,10.55025042,0.266478451,0.055184805,0.046329569
40,63,40063,Winter,FG,10,2.302585093,2.19,0.783901544,1,18.22,0.133684648,0.1818518,0.072128605,0.044053067,10.55025042,0.266478451,0.055184805,0.046329569
40,162,40162,Fall,FG,30,3.401197382,1.69,0.524728529,1,10.71,0.133684648,0.1818518,0.072128605,0.044053067,10.55025042,0.266478451,0.055184805,0.046329569
40,71,40071,Winter,FG,15,2.708050201,1.89,0.636576829,1,21.01,0.133684648,0.1818518,0.072128605,0.044053067,10.55025042,0.266478451,0.055184805,0.046329569
40,130,40130,Spring,FG,41,3.713572067,1.59,0.463734016,1,9.37,0.133684648,0.1818518,0.072128605,0.044053067,10.55025042,0.266478451,0.055184805,0.046329569
40,151,40151,Summer,FG,35,3.555348061,1.75,0.559615788,0,11.94,0.133684648,0.1818518,0.072128605,0.044053067,10.55025042,0.266478451,0.055184805,0.046329569
40,60,40060,Fall,FG,21,3.044522438,1.99,0.688134639,1,10,0.133684648,0.1818518,0.072128605,0.044053067,10.55025042,0.266478451,0.055184805,0.046329569
40,81,40081,Spring,FG,8,2.079441542,1.89,0.636576829,1,21.69,0.133684648,0.1818518,0.072128605,0.044053067,10.55025042,0.266478451,0.055184805,0.046329569
40,161,40161,Fall,FG,8,2.079441542,1.92,0.652325186,0,27.13,0.133684648,0.1818518,0.072128605,0.044053067,10.55025042,0.266478451,0.055184805,0.046329569
40,180,40180,Spring,FG,17,2.833213344,1.77,0.570979547,1,23.1,0.133684648,0.1818518,0.072128605,0.044053067,10.55025042,0.266478451,0.055184805,0.046329569
40,116,40116,Winter,FG,65,4.17438727,1.56,0.444685821,1,32.5,0.133684648,0.1818518,0.072128605,0.044053067,10.55025042,0.266478451,0.055184805,0.046329569
40,166,40166,Fall,FG,16,2.772588722,1.92,0.652325186,0,15.41,0.133684648,0.1818518,0.072128605,0.044053067,10.55025042,0.266478451,0.055184805,0.046329569
40,61,40061,Fall,FG,12,2.48490665,2.19,0.783901544,0,18.22,0.133684648,0.1818518,0.072128605,0.044053067,10.55025042,0.266478451,0.055184805,0.046329569
40,142,40142,Summer,FG,35,3.555348061,1.79,0.58221562,0,5.86,0.133684648,0.1818518,0.072128605,0.044053067,10.55025042,0.266478451,0.055184805,0.046329569
40,85,40085,Spring,FG,20,2.995732274,1.79,0.58221562,0,20.28,0.133684648,0.1818518,0.072128605,0.044053067,10.55025042,0.266478451,0.055184805,0.046329569
40,101,40101,Summer,FG,12,2.48490665,1.89,0.636576829,0,27.51,0.133684648,0.1818518,0.072128605,0.044053067,10.55025042,0.266478451,0.055184805,0.046329569
40,154,40154,Fall,FG,19,2.944438979,1.79,0.58221562,0,14.69,0.133684648,0.1818518,0.072128605,0.044053067,10.55025042,0.266478451,0.055184805,0.046329569
40,58,40058,Fall,FG,31,3.433987204,1.99,0.688134639,1,24.12,0.133684648,0.1818518,0.072128605,0.044053067,10.55025042,0.266478451,0.055184805,0.046329569
40,121,40121,Winter,FG,87,4.465908119,1.79,0.58221562,1,30.39,0.133684648,0.1818518,0.072128605,0.044053067,10.55025042,0.266478451,0.055184805,0.046329569
40,89,40089,Summer,FG,40,3.688879454,1.69,0.524728529,1,24.08,0.133684648,0.1818518,0.072128605,0.044053067,10.55025042,0.266478451,0.055184805,0.046329569
40,73,40073,Winter,FG,11,2.397895273,1.89,0.636576829,1,21.01,0.133684648,0.1818518,0.072128605,0.044053067,10.55025042,0.266478451,0.055184805,0.046329569
118,29,118029,Spring,FG,8,2.079441542,2.91,1.068153081,0,35.53,0.103791822,0.289442379,0.224725883,0.040669145,10.63236378,0.220619282,0.039278937,0.081783681
118,190,118190,Spring,FG,211,5.351858133,1.49,0.39877612,1,24.89,0.103791822,0.289442379,0.224725883,0.040669145,10.63236378,0.220619282,0.039278937,0.081783681
118,178,118178,Winter,FG,15,2.708050201,1.79,0.58221562,0,24.53,0.103791822,0.289442379,0.224725883,0.040669145,10.63236378,0.220619282,0.039278937,0.081783681
118,49,118049,Summer,FG,14,2.63905733,2.71,0.996948635,1,33.62,0.103791822,0.289442379,0.224725883,0.040669145,10.63236378,0.220619282,0.039278937,0.081783681
118,40,118040,Summer,FG,42,3.737669618,1.85,0.615185639,1,11.03,0.103791822,0.289442379,0.224725883,0.040669145,10.63236378,0.220619282,0.039278937,0.081783681
118,24,118024,Spring,FG,8,2.079441542,2.73,1.004301609,0,31.25,0.103791822,0.289442379,0.224725883,0.040669145,10.63236378,0.220619282,0.039278937,0.081783681
118,54,118054,Fall,FG,3,1.098612289,2.91,1.068153081,0,41.62,0.103791822,0.289442379,0.224725883,0.040669145,10.63236378,0.220619282,0.039278937,0.081783681
118,128,118128,Spring,FG,6,1.791759469,2.39,0.871293366,0,39.71,0.103791822,0.289442379,0.224725883,0.040669145,10.63236378,0.220619282,0.039278937,0.081783681
118,141,118141,Summer,FG,41,3.713572067,2.39,0.871293366,0,29.5,0.103791822,0.289442379,0.224725883,0.040669145,10.63236378,0.220619282,0.039278937,0.081783681
118,13,118013,Winter,FG,23,3.135494216,2.23,0.802001585,0,30.22,0.103791822,0.289442379,0.224725883,0.040669145,10.63236378,0.220619282,0.039278937,0.081783681
118,23,118023,Winter,FG,377,5.932245187,1.89,0.636576829,1,0.63,0.103791822,0.289442379,0.224725883,0.040669145,10.63236378,0.220619282,0.039278937,0.081783681
118,7,118007,Fall,FG,15,2.708050201,2.19,0.783901544,0,23.56,0.103791822,0.289442379,0.224725883,0.040669145,10.63236378,0.220619282,0.039278937,0.081783681
118,5,118005,Fall,FG,3,1.098612289,2.35,0.854415328,0,29.79,0.103791822,0.289442379,0.224725883,0.040669145,10.63236378,0.220619282,0.039278937,0.081783681
118,179,118179,Winter,FG,28,3.33220451,1.79,0.58221562,0,24.53,0.103791822,0.289442379,0.224725883,0.040669145,10.63236378,0.220619282,0.039278937,0.081783681
118,189,118189,Spring,FG,22,3.091042453,1.79,0.58221562,0,33.24,0.103791822,0.289442379,0.224725883,0.040669145,10.63236378,0.220619282,0.039278937,0.081783681
118,99,118099,Summer,FG,4,1.386294361,2.36,0.858661619,0,45.64,0.103791822,0.289442379,0.224725883,0.040669145,10.63236378,0.220619282,0.039278937,0.081783681
118,32,118032,Spring,FG,289,5.666426688,1.99,0.688134639,1,2.21,0.103791822,0.289442379,0.224725883,0.040669145,10.63236378,0.220619282,0.039278937,0.081783681
118,100,118100,Summer,FG,164,5.099866428,1.89,0.636576829,1,27.51,0.103791822,0.289442379,0.224725883,0.040669145,10.63236378,0.220619282,0.039278937,0.081783681
118,22,118022,Winter,FG,1,0,2.29,0.828551818,0,32.05,0.103791822,0.289442379,0.224725883,0.040669145,10.63236378,0.220619282,0.039278937,0.081783681
118,91,118091,Summer,FG,3,1.098612289,2.36,0.858661619,0,45.64,0.103791822,0.289442379,0.224725883,0.040669145,10.63236378,0.220619282,0.039278937,0.081783681
118,15,118015,Winter,FG,14,2.63905733,2.23,0.802001585,1,30.22,0.103791822,0.289442379,0.224725883,0.040669145,10.63236378,0.220619282,0.039278937,0.081783681
118,200,118200,Summer,FG,5,1.609437912,2.09,0.737164066,0,47.6,0.103791822,0.289442379,0.224725883,0.040669145,10.63236378,0.220619282,0.039278937,0.081783681
118,159,118159,Fall,FG,39,3.663561646,1.59,0.463734016,1,15.66,0.103791822,0.289442379,0.224725883,0.040669145,10.63236378,0.220619282,0.039278937,0.081783681
118,103,118103,Fall,FG,26,3.258096538,2.36,0.858661619,0,41.95,0.103791822,0.289442379,0.224725883,0.040669145,10.63236378,0.220619282,0.039278937,0.081783681
118,163,118163,Fall,FG,22,3.091042453,1.79,0.58221562,0,14.3,0.103791822,0.289442379,0.224725883,0.040669145,10.63236378,0.220619282,0.039278937,0.081783681
118,66,118066,Winter,FG,68,4.219507705,1.99,0.688134639,0,29.75,0.103791822,0.289442379,0.224725883,0.040669145,10.63236378,0.220619282,0.039278937,0.081783681
118,142,118142,Summer,FG,53,3.970291914,1.99,0.688134639,0,15.33,0.103791822,0.289442379,0.224725883,0.040669145,10.63236378,0.220619282,0.039278937,0.081783681
118,86,118086,Spring,FG,9,2.197224577,1.79,0.58221562,0,27.32,0.103791822,0.289442379,0.224725883,0.040669145,10.63236378,0.220619282,0.039278937,0.081783681
118,62,118062,Fall,FG,15,2.708050201,2.79,1.026041596,1,35.81,0.103791822,0.289442379,0.224725883,0.040669145,10.63236378,0.220619282,0.039278937,0.081783681
118,52,118052,Fall,FG,372,5.918893854,1.99,0.688134639,1,15.48,0.103791822,0.289442379,0.224725883,0.040669145,10.63236378,0.220619282,0.039278937,0.081783681
33,92,33092,Summer,FG,24,3.17805383,1.86,0.620576488,1,31.02,0.046070917,0.134169965,0.419688004,0.130127179,10.34592726,0.593475533,0.087538074,0.506223517
33,56,33056,Fall,FG,8,2.079441542,3.08,1.124929597,0,44.45,0.046070917,0.134169965,0.419688004,0.130127179,10.34592726,0.593475533,0.087538074,0.506223517
33,25,33025,Spring,FG,4,1.386294361,3.08,1.124929597,0,34.55,0.046070917,0.134169965,0.419688004,0.130127179,10.34592726,0.593475533,0.087538074,0.506223517
33,96,33096,Summer,FG,1,0,2.49,0.91228271,0,52.37,0.046070917,0.134169965,0.419688004,0.130127179,10.34592726,0.593475533,0.087538074,0.506223517
33,20,33020,Winter,FG,14,2.63905733,2.31,0.837247525,1,32.64,0.046070917,0.134169965,0.419688004,0.130127179,10.34592726,0.593475533,0.087538074,0.506223517
33,186,33186,Spring,FG,19,2.944438979,1.79,0.58221562,1,32.45,0.046070917,0.134169965,0.419688004,0.130127179,10.34592726,0.593475533,0.087538074,0.506223517
33,155,33155,Fall,FG,6,1.791759469,2.44,0.891998039,0,38.31,0.046070917,0.134169965,0.419688004,0.130127179,10.34592726,0.593475533,0.087538074,0.506223517
33,16,33016,Winter,FG,18,2.890371758,2.32,0.841567186,1,32.93,0.046070917,0.134169965,0.419688004,0.130127179,10.34592726,0.593475533,0.087538074,0.506223517
33,171,33171,Winter,FG,55,4.007333185,1.69,0.524728529,1,20.41,0.046070917,0.134169965,0.419688004,0.130127179,10.34592726,0.593475533,0.087538074,0.506223517
33,140,33140,Spring,FG,7,1.945910149,2.39,0.871293366,0,29.49,0.046070917,0.134169965,0.419688004,0.130127179,10.34592726,0.593475533,0.087538074,0.506223517
33,158,33158,Fall,FG,79,4.369447852,1.59,0.463734016,1,15.34,0.046070917,0.134169965,0.419688004,0.130127179,10.34592726,0.593475533,0.087538074,0.506223517
33,154,33154,Fall,FG,5,1.609437912,2.39,0.871293366,0,36.4,0.046070917,0.134169965,0.419688004,0.130127179,10.34592726,0.593475533,0.087538074,0.506223517
33,173,33173,Winter,FG,14,2.63905733,2.56,0.940007258,0,39.33,0.046070917,0.134169965,0.419688004,0.130127179,10.34592726,0.593475533,0.087538074,0.506223517
33,139,33139,Spring,FG,8,2.079441542,2.39,0.871293366,0,29.49,0.046070917,0.134169965,0.419688004,0.130127179,10.34592726,0.593475533,0.087538074,0.506223517
33,195,33195,Summer,FG,56,4.025351691,1.56,0.444685821,1,23.39,0.046070917,0.134169965,0.419688004,0.130127179,10.34592726,0.593475533,0.087538074,0.506223517
33,93,33093,Summer,FG,9,2.197224577,1.29,0.254642218,1,13.49,0.046070917,0.134169965,0.419688004,0.130127179,10.34592726,0.593475533,0.087538074,0.506223517
33,75,33075,Winter,FG,10,2.302585093,1.99,0.688134639,1,24.22,0.046070917,0.134169965,0.419688004,0.130127179,10.34592726,0.593475533,0.087538074,0.506223517
33,22,33022,Winter,FG,9,2.197224577,2.45,0.896088025,0,36.49,0.046070917,0.134169965,0.419688004,0.130127179,10.34592726,0.593475533,0.087538074,0.506223517
33,164,33164,Fall,FG,5,1.609437912,2.56,0.940007258,0,39.92,0.046070917,0.134169965,0.419688004,0.130127179,10.34592726,0.593475533,0.087538074,0.506223517
33,94,33094,Summer,FG,1,0,2.49,0.91228271,0,52.45,0.046070917,0.134169965,0.419688004,0.130127179,10.34592726,0.593475533,0.087538074,0.506223517
33,177,33177,Winter,FG,2,0.693147181,2.23,0.802001585,1,39.41,0.046070917,0.134169965,0.419688004,0.130127179,10.34592726,0.593475533,0.087538074,0.506223517
33,163,33163,Fall,FG,17,2.833213344,2.56,0.940007258,0,39.92,0.046070917,0.134169965,0.419688004,0.130127179,10.34592726,0.593475533,0.087538074,0.506223517
33,27,33027,Spring,FG,16,2.772588722,3.08,1.124929597,0,39.09,0.046070917,0.134169965,0.419688004,0.130127179,10.34592726,0.593475533,0.087538074,0.506223517
33,48,33048,Summer,FG,26,3.258096538,2.71,0.996948635,0,33.62,0.046070917,0.134169965,0.419688004,0.130127179,10.34592726,0.593475533,0.087538074,0.506223517
33,142,33142,Summer,FG,26,3.258096538,1.99,0.688134639,1,15.32,0.046070917,0.134169965,0.419688004,0.130127179,10.34592726,0.593475533,0.087538074,0.506223517
33,45,33045,Summer,FG,21,3.044522438,2.75,1.011600912,1,33.78,0.046070917,0.134169965,0.419688004,0.130127179,10.34592726,0.593475533,0.087538074,0.506223517
33,42,33042,Summer,FG,14,2.63905733,3.08,1.124929597,0,40.39,0.046070917,0.134169965,0.419688004,0.130127179,10.34592726,0.593475533,0.087538074,0.506223517
33,108,33108,Fall,FG,6,1.791759469,2.44,0.891998039,0,46.02,0.046070917,0.134169965,0.419688004,0.130127179,10.34592726,0.593475533,0.087538074,0.506223517
