Group Assignment 2/Orange Juice Assignment 2.csv
STORE,Week,STOREWEEK,Season,BRAND,MOVE,logmove,PRICE,logprice,Feat,PROFIT,AGE9,AGE60,EDUC,ETHNIC,INCOME,SINGLE,POVERTY,NOCAR
129,185,129185,Spring,FG,24,3.17805383,1.79,0.58221562,0,30.5,0.172501467,0.103412869,0.307842548,0.034128692,10.99986401,0.203080691,0.029529817,0.024509101
129,166,129166,Fall,FG,14,2.63905733,1.79,0.58221562,0,7.93,0.172501467,0.103412869,0.307842548,0.034128692,10.99986401,0.203080691,0.029529817,0.024509101
129,50,129050,Fall,FG,5,1.609437912,2.71,0.996948635,1,36.61,0.172501467,0.103412869,0.307842548,0.034128692,10.99986401,0.203080691,0.029529817,0.024509101
129,149,129149,Summer,FG,55,4.007333185,1.79,0.58221562,0,14.52,0.172501467,0.103412869,0.307842548,0.034128692,10.99986401,0.203080691,0.029529817,0.024509101
129,127,129127,Winter,FG,631,6.447305863,0.99,-0.010050336,1,45.65,0.172501467,0.103412869,0.307842548,0.034128692,10.99986401,0.203080691,0.029529817,0.024509101
129,190,129190,Spring,FG,315,5.752572639,1.49,0.39877612,1,25.03,0.172501467,0.103412869,0.307842548,0.034128692,10.99986401,0.203080691,0.029529817,0.024509101
129,80,129080,Spring,FG,20,2.995732274,2.19,0.783901544,1,32.79,0.172501467,0.103412869,0.307842548,0.034128692,10.99986401,0.203080691,0.029529817,0.024509101
129,148,129148,Summer,FG,35,3.555348061,1.79,0.58221562,0,16.25,0.172501467,0.103412869,0.307842548,0.034128692,10.99986401,0.203080691,0.029529817,0.024509101
129,105,129105,Fall,FG,30,3.401197382,1.99,0.688134639,0,32.16,0.172501467,0.103412869,0.307842548,0.034128692,10.99986401,0.203080691,0.029529817,0.024509101
129,95,129095,Summer,FG,2,0.693147181,2.36,0.858661619,0,49.74,0.172501467,0.103412869,0.307842548,0.034128692,10.99986401,0.203080691,0.029529817,0.024509101
129,159,129159,Fall,FG,34,3.526360525,1.62,0.482426149,1,17.22,0.172501467,0.103412869,0.307842548,0.034128692,10.99986401,0.203080691,0.029529817,0.024509101
129,126,129126,Winter,FG,10,2.302585093,1.79,0.58221562,0,18.37,0.172501467,0.103412869,0.307842548,0.034128692,10.99986401,0.203080691,0.029529817,0.024509101
129,183,129183,Spring,FG,28,3.33220451,1.79,0.58221562,0,23.29,0.172501467,0.103412869,0.307842548,0.034128692,10.99986401,0.203080691,0.029529817,0.024509101
129,155,129155,Fall,FG,16,2.772588722,1.79,0.58221562,0,15.92,0.172501467,0.103412869,0.307842548,0.034128692,10.99986401,0.203080691,0.029529817,0.024509101
129,84,129084,Spring,FG,21,3.044522438,1.79,0.58221562,0,20.28,0.172501467,0.103412869,0.307842548,0.034128692,10.99986401,0.203080691,0.029529817,0.024509101
129,92,129092,Summer,FG,6,1.791759469,1.77,0.570979547,1,27.51,0.172501467,0.103412869,0.307842548,0.034128692,10.99986401,0.203080691,0.029529817,0.024509101
129,140,129140,Spring,FG,33,3.496507561,1.79,0.58221562,0,5.86,0.172501467,0.103412869,0.307842548,0.034128692,10.99986401,0.203080691,0.029529817,0.024509101
129,88,129088,Spring,FG,87,4.465908119,1.69,0.524728529,1,24.08,0.172501467,0.103412869,0.307842548,0.034128692,10.99986401,0.203080691,0.029529817,0.024509101
129,64,129064,Winter,FG,3,1.098612289,2.79,1.026041596,0,44.87,0.172501467,0.103412869,0.307842548,0.034128692,10.99986401,0.203080691,0.029529817,0.024509101
129,97,129097,Summer,FG,2,0.693147181,2.36,0.858661619,0,45.63,0.172501467,0.103412869,0.307842548,0.034128692,10.99986401,0.203080691,0.029529817,0.024509101
129,90,129090,Summer,FG,7,1.945910149,1.69,0.524728529,1,24.08,0.172501467,0.103412869,0.307842548,0.034128692,10.99986401,0.203080691,0.029529817,0.024509101
129,138,129138,Spring,FG,26,3.258096538,1.79,0.58221562,0,5.86,0.172501467,0.103412869,0.307842548,0.034128692,10.99986401,0.203080691,0.029529817,0.024509101
123,113,123113,Fall,FG,9,2.197224577,2.21,0.792992516,0,44.66,0.138477591,0.176040942,0.153191489,0.204809699,10.33410045,0.316291161,0.087524312,0.241944444
123,42,123042,Summer,FG,8,2.079441542,3.08,1.124929597,0,40.39,0.138477591,0.176040942,0.153191489,0.204809699,10.33410045,0.316291161,0.087524312,0.241944444
123,63,123063,Winter,FG,11,2.397895273,2.79,1.026041596,1,35.81,0.138477591,0.176040942,0.153191489,0.204809699,10.33410045,0.316291161,0.087524312,0.241944444
123,101,123101,Summer,FG,16,2.772588722,2.49,0.91228271,0,44.98,0.138477591,0.176040942,0.153191489,0.204809699,10.33410045,0.316291161,0.087524312,0.241944444
123,169,123169,Winter,FG,11,2.397895273,2.39,0.871293366,0,40.08,0.138477591,0.176040942,0.153191489,0.204809699,10.33410045,0.316291161,0.087524312,0.241944444
123,22,123022,Winter,FG,16,2.772588722,2.29,0.828551818,0,32.05,0.138477591,0.176040942,0.153191489,0.204809699,10.33410045,0.316291161,0.087524312,0.241944444
123,17,123017,Winter,FG,16,2.772588722,2.23,0.802001585,0,26.95,0.138477591,0.176040942,0.153191489,0.204809699,10.33410045,0.316291161,0.087524312,0.241944444
123,21,123021,Winter,FG,9,2.197224577,2.29,0.828551818,0,32.05,0.138477591,0.176040942,0.153191489,0.204809699,10.33410045,0.316291161,0.087524312,0.241944444
123,109,123109,Fall,FG,5,1.609437912,2.39,0.871293366,0,49.79,0.138477591,0.176040942,0.153191489,0.204809699,10.33410045,0.316291161,0.087524312,0.241944444
123,132,123132,Spring,FG,101,4.615120517,1.37,0.31481074,1,5.83,0.138477591,0.176040942,0.153191489,0.204809699,10.33410045,0.316291161,0.087524312,0.241944444
123,146,123146,Summer,FG,8,2.079441542,2.22,0.797507196,1,24.63,0.138477591,0.176040942,0.153191489,0.204809699,10.33410045,0.316291161,0.087524312,0.241944444
123,124,123124,Winter,FG,9,2.197224577,2.39,0.871293366,0,33.93,0.138477591,0.176040942,0.153191489,0.204809699,10.33410045,0.316291161,0.087524312,0.241944444
123,117,123117,Winter,FG,43,3.761200116,1.5,0.405465108,1,25.8,0.138477591,0.176040942,0.153191489,0.204809699,10.33410045,0.316291161,0.087524312,0.241944444
123,58,123058,Fall,FG,34,3.526360525,1.99,0.688134639,1,24.12,0.138477591,0.176040942,0.153191489,0.204809699,10.33410045,0.316291161,0.087524312,0.241944444
123,25,123025,Spring,FG,10,2.302585093,2.91,1.068153081,0,30.72,0.138477591,0.176040942,0.153191489,0.204809699,10.33410045,0.316291161,0.087524312,0.241944444
123,50,123050,Fall,FG,9,2.197224577,2.71,0.996948635,1,36.61,0.138477591,0.176040942,0.153191489,0.204809699,10.33410045,0.316291161,0.087524312,0.241944444
123,78,123078,Spring,FG,45,3.80666249,2.19,0.783901544,1,33.84,0.138477591,0.176040942,0.153191489,0.204809699,10.33410045,0.316291161,0.087524312,0.241944444
123,121,123121,Winter,FG,393,5.973809612,1.79,0.58221562,1,30.39,0.138477591,0.176040942,0.153191489,0.204809699,10.33410045,0.316291161,0.087524312,0.241944444
123,71,123071,Winter,FG,31,3.433987204,1.99,0.688134639,1,24.97,0.138477591,0.176040942,0.153191489,0.204809699,10.33410045,0.316291161,0.087524312,0.241944444
123,55,123055,Fall,FG,9,2.197224577,3.08,1.124929597,0,44.45,0.138477591,0.176040942,0.153191489,0.204809699,10.33410045,0.316291161,0.087524312,0.241944444
123,14,123014,Winter,FG,11,2.397895273,2.23,0.802001585,0,30.22,0.138477591,0.176040942,0.153191489,0.204809699,10.33410045,0.316291161,0.087524312,0.241944444
123,95,123095,Summer,FG,4,1.386294361,2.49,0.91228271,0,52.37,0.138477591,0.176040942,0.153191489,0.204809699,10.33410045,0.316291161,0.087524312,0.241944444
123,160,123160,Fall,FG,6,1.791759469,2.39,0.871293366,1,43.89,0.138477591,0.176040942,0.153191489,0.204809699,10.33410045,0.316291161,0.087524312,0.241944444
123,61,123061,Fall,FG,4,1.386294361,3.08,1.124929597,0,41.85,0.138477591,0.176040942,0.153191489,0.204809699,10.33410045,0.316291161,0.087524312,0.241944444
123,49,123049,Summer,FG,11,2.397895273,2.71,0.996948635,1,33.62,0.138477591,0.176040942,0.153191489,0.204809699,10.33410045,0.316291161,0.087524312,0.241944444
123,184,123184,Spring,FG,33,3.496507561,1.79,0.58221562,1,23.24,0.138477591,0.176040942,0.153191489,0.204809699,10.33410045,0.316291161,0.087524312,0.241944444
123,87,123087,Spring,FG,37,3.610917913,2.49,0.91228271,0,48.19,0.138477591,0.176040942,0.153191489,0.204809699,10.33410045,0.316291161,0.087524312,0.241944444
123,198,123198,Summer,FG,18,2.890371758,1.89,0.636576829,0,38.62,0.138477591,0.176040942,0.153191489,0.204809699,10.33410045,0.316291161,0.087524312,0.241944444
123,72,123072,Winter,FG,47,3.850147602,1.99,0.688134639,0,24.97,0.138477591,0.176040942,0.153191489,0.204809699,10.33410045,0.316291161,0.087524312,0.241944444
123,182,123182,Spring,FG,88,4.477336814,1.79,0.58221562,1,23.29,0.138477591,0.176040942,0.153191489,0.204809699,10.33410045,0.316291161,0.087524312,0.241944444
78,7,78007,Fall,FG,8,2.079441542,2.09,0.737164066,0,19.9,0.155391168,0.111947994,0.314432275,0.056086079,10.95917494,0.246319072,0.017341756,0.013869969
78,180,78180,Spring,FG,30,3.401197382,1.64,0.494696242,1,17.01,0.155391168,0.111947994,0.314432275,0.056086079,10.95917494,0.246319072,0.017341756,0.013869969
78,84,78084,Spring,FG,24,3.17805383,1.79,0.58221562,0,20.28,0.155391168,0.111947994,0.314432275,0.056086079,10.95917494,0.246319072,0.017341756,0.013869969
78,43,78043,Summer,FG,18,2.890371758,2.53,0.928219303,0,23.08,0.155391168,0.111947994,0.314432275,0.056086079,10.95917494,0.246319072,0.017341756,0.013869969
78,185,78185,Spring,FG,30,3.401197382,1.79,0.58221562,0,30.5,0.155391168,0.111947994,0.314432275,0.056086079,10.95917494,0.246319072,0.017341756,0.013869969
78,17,78017,Winter,FG,12,2.48490665,1.99,0.688134639,0,18.14,0.155391168,0.111947994,0.314432275,0.056086079,10.95917494,0.246319072,0.017341756,0.013869969
78,135,78135,Spring,FG,54,3.988984047,1.69,0.524728529,1,11.54,0.155391168,0.111947994,0.314432275,0.056086079,10.95917494,0.246319072,0.017341756,0.013869969
78,89,78089,Summer,FG,56,4.025351691,1.69,0.524728529,1,24.08,0.155391168,0.111947994,0.314432275,0.056086079,10.95917494,0.246319072,0.017341756,0.013869969
78,39,78039,Summer,FG,29,3.36729583,2.53,0.928219303,0,34.94,0.155391168,0.111947994,0.314432275,0.056086079,10.95917494,0.246319072,0.017341756,0.013869969
78,127,78127,Winter,FG,2083,7.641564441,0.99,-0.010050336,1,45.86,0.155391168,0.111947994,0.314432275,0.056086079,10.95917494,0.246319072,0.017341756,0.013869969
78,136,78136,Spring,FG,36,3.583518938,1.69,0.524728529,0,0.3,0.155391168,0.111947994,0.314432275,0.056086079,10.95917494,0.246319072,0.017341756,0.013869969
78,101,78101,Summer,FG,12,2.48490665,1.89,0.636576829,0,27.51,0.155391168,0.111947994,0.314432275,0.056086079,10.95917494,0.246319072,0.017341756,0.013869969
78,50,78050,Fall,FG,8,2.079441542,2.36,0.858661619,1,27.2,0.155391168,0.111947994,0.314432275,0.056086079,10.95917494,0.246319072,0.017341756,0.013869969
78,29,78029,Spring,FG,7,1.945910149,2.53,0.928219303,0,25.85,0.155391168,0.111947994,0.314432275,0.056086079,10.95917494,0.246319072,0.017341756,0.013869969
78,52,78052,Fall,FG,186,5.225746674,1.99,0.688134639,1,15.48,0.155391168,0.111947994,0.314432275,0.056086079,10.95917494,0.246319072,0.017341756,0.013869969
78,64,78064,Winter,FG,6,1.791759469,2.53,0.928219303,0,39.21,0.155391168,0.111947994,0.314432275,0.056086079,10.95917494,0.246319072,0.017341756,0.013869969
78,164,78164,Fall,FG,28,3.33220451,1.79,0.58221562,0,14.08,0.155391168,0.111947994,0.314432275,0.056086079,10.95917494,0.246319072,0.017341756,0.013869969
78,163,78163,Fall,FG,17,2.833213344,1.79,0.58221562,0,14.3,0.155391168,0.111947994,0.314432275,0.056086079,10.95917494,0.246319072,0.017341756,0.013869969
78,73,78073,Winter,FG,109,4.691347882,1.89,0.636576829,1,21.01,0.155391168,0.111947994,0.314432275,0.056086079,10.95917494,0.246319072,0.017341756,0.013869969
78,51,78051,Fall,FG,17,2.833213344,2.36,0.858661619,1,27.2,0.155391168,0.111947994,0.314432275,0.056086079,10.95917494,0.246319072,0.017341756,0.013869969
78,97,78097,Summer,FG,10,2.302585093,1.89,0.636576829,0,32.12,0.155391168,0.111947994,0.314432275,0.056086079,10.95917494,0.246319072,0.017341756,0.013869969
78,45,78045,Summer,FG,19,2.944438979,2.37,0.862889955,1,23.16,0.155391168,0.111947994,0.314432275,0.056086079,10.95917494,0.246319072,0.017341756,0.013869969
78,40,78040,Summer,FG,40,3.688879454,1.85,0.615185639,1,11.03,0.155391168,0.111947994,0.314432275,0.056086079,10.95917494,0.246319072,0.017341756,0.013869969
78,2,78002,Fall,FG,9,2.197224577,2.19,0.783901544,0,19.91,0.155391168,0.111947994,0.314432275,0.056086079,10.95917494,0.246319072,0.017341756,0.013869969
78,190,78190,Spring,FG,45,3.80666249,1.49,0.39877612,1,23.36,0.155391168,0.111947994,0.314432275,0.056086079,10.95917494,0.246319072,0.017341756,0.013869969
78,157,78157,Fall,FG,27,3.295836866,1.79,0.58221562,0,17.54,0.155391168,0.111947994,0.314432275,0.056086079,10.95917494,0.246319072,0.017341756,0.013869969
78,65,78065,Winter,FG,11,2.397895273,2.53,0.928219303,0,39.21,0.155391168,0.111947994,0.314432275,0.056086079,10.95917494,0.246319072,0.017341756,0.013869969
78,161,78161,Fall,FG,30,3.401197382,1.79,0.58221562,0,25.08,0.155391168,0.111947994,0.314432275,0.056086079,10.95917494,0.246319072,0.017341756,0.013869969
52,83,52083,Spring,FG,76,4.33073334,1.79,0.58221562,1,20.28,0.13660619,0.152241195,0.372927296,0.084898613,11.05101698,0.245364813,0.019197708,0.014899713
52,165,52165,Fall,FG,4,1.386294361,2.39,0.871293366,0,35.65,0.13660619,0.152241195,0.372927296,0.084898613,11.05101698,0.245364813,0.019197708,0.014899713
52,189,52189,Spring,FG,30,3.401197382,1.89,0.636576829,1,29.26,0.13660619,0.152241195,0.372927296,0.084898613,11.05101698,0.245364813,0.019197708,0.014899713
52,178,52178,Winter,FG,1,0,2.39,0.871293366,0,43.47,0.13660619,0.152241195,0.372927296,0.084898613,11.05101698,0.245364813,0.019197708,0.014899713
52,106,52106,Fall,FG,18,2.890371758,1.99,0.688134639,1,32.31,0.13660619,0.152241195,0.372927296,0.084898613,11.05101698,0.245364813,0.019197708,0.014899713
52,137,52137,Spring,FG,8,2.079441542,2.39,0.871293366,0,29.5,0.13660619,0.152241195,0.372927296,0.084898613,11.05101698,0.245364813,0.019197708,0.014899713
52,154,52154,Fall,FG,4,1.386294361,2.39,0.871293366,1,35.4,0.13660619,0.152241195,0.372927296,0.084898613,11.05101698,0.245364813,0.019197708,0.014899713
52,173,52173,Winter,FG,7,1.945910149,2.39,0.871293366,0,35.02,0.13660619,0.152241195,0.372927296,0.084898613,11.05101698,0.245364813,0.019197708,0.014899713
52,20,52020,Winter,FG,36,3.583518938,2.31,0.837247525,1,32.64,0.13660619,0.152241195,0.372927296,0.084898613,11.05101698,0.245364813,0.019197708,0.014899713
52,164,52164,Fall,FG,95,4.553876892,2.39,0.871293366,0,35.65,0.13660619,0.152241195,0.372927296,0.084898613,11.05101698,0.245364813,0.019197708,0.014899713
52,144,52144,Summer,FG,33,3.496507561,2.22,0.797507196,0,24.1,0.13660619,0.152241195,0.372927296,0.084898613,11.05101698,0.245364813,0.019197708,0.014899713
52,125,52125,Winter,FG,17,2.833213344,2.39,0.871293366,0,33.68,0.13660619,0.152241195,0.372927296,0.084898613,11.05101698,0.245364813,0.019197708,0.014899713
52,193,52193,Summer,FG,79,4.369447852,1.49,0.39877612,1,20.34,0.13660619,0.152241195,0.372927296,0.084898613,11.05101698,0.245364813,0.019197708,0.014899713
52,16,52016,Winter,FG,28,3.33220451,2.32,0.841567186,1,32.93,0.13660619,0.152241195,0.372927296,0.084898613,11.05101698,0.245364813,0.019197708,0.014899713
52,18,52018,Winter,FG,13,2.564949357,2.31,0.837247525,0,29.48,0.13660619,0.152241195,0.372927296,0.084898613,11.05101698,0.245364813,0.019197708,0.014899713
52,141,52141,Summer,FG,17,2.833213344,2.39,0.871293366,0,29.5,0.13660619,0.152241195,0.372927296,0.084898613,11.05101698,0.245364813,0.019197708,0.014899713
52,185,52185,Spring,FG,43,3.761200116,1.79,0.58221562,0,30.5,0.13660619,0.152241195,0.372927296,0.084898613,11.05101698,0.245364813,0.019197708,0.014899713
52,194,52194,Summer,FG,43,3.761200116,1.49,0.39877612,1,19.79,0.13660619,0.152241195,0.372927296,0.084898613,11.05101698,0.245364813,0.019197708,0.014899713
52,182,52182,Spring,FG,64,4.158883083,1.79,0.58221562,1,23.3,0.13660619,0.152241195,0.372927296,0.084898613,11.05101698,0.245364813,0.019197708,0.014899713
52,198,52198,Summer,FG,4,1.386294361,1.89,0.636576829,0,39.41,0.13660619,0.152241195,0.372927296,0.084898613,11.05101698,0.245364813,0.019197708,0.014899713
52,3,52003,Fall,FG,27,3.295836866,2.29,0.828551818,1,23.41,0.13660619,0.152241195,0.372927296,0.084898613,11.05101698,0.245364813,0.019197708,0.014899713
52,45,52045,Summer,FG,12,2.48490665,2.75,1.011600912,1,33.78,0.13660619,0.152241195,0.372927296,0.084898613,11.05101698,0.245364813,0.019197708,0.014899713
52,143,52143,Summer,FG,18,2.890371758,2.39,0.871293366,0,29.5,0.13660619,0.152241195,0.372927296,0.084898613,11.05101698,0.245364813,0.019197708,0.014899713
52,108,52108,Fall,FG,10,2.302585093,2.49,0.91228271,1,46.18,0.13660619,0.152241195,0.372927296,0.084898613,11.05101698,0.245364813,0.019197708,0.014899713
52,201,52201,Summer,FG,1,0,1.89,0.636576829,0,42.06,0.13660619,0.152241195,0.372927296,0.084898613,11.05101698,0.245364813,0.019197708,0.014899713
52,104,52104,Fall,FG,31,3.433987204,1.99,0.688134639,1,31.16,0.13660619,0.152241195,0.372927296,0.084898613,11.05101698,0.245364813,0.019197708,0.014899713
52,55,52055,Fall,FG,21,3.044522438,3.08,1.124929597,0,44.45,0.13660619,0.152241195,0.372927296,0.084898613,11.05101698,0.245364813,0.019197708,0.014899713
52,50,52050,Fall,FG,20,2.995732274,2.71,0.996948635,1,36.61,0.13660619,0.152241195,0.372927296,0.084898613,11.05101698,0.245364813,0.019197708,0.014899713
52,30,52030,Spring,FG,1,0,3.08,1.124929597,0,39.09,0.13660619,0.152241195,0.372927296,0.084898613,11.05101698,0.245364813,0.019197708,0.014899713
52,163,52163,Fall,FG,6,1.791759469,2.39,0.871293366,0,35.82,0.13660619,0.152241195,0.372927296,0.084898613,11.05101698,0.245364813,0.019197708,0.014899713
52,124,52124,Winter,FG,8,2.079441542,2.39,0.871293366,0,34.02,0.13660619,0.152241195,0.372927296,0.084898613,11.05101698,0.245364813,0.019197708,0.014899713
52,22,52022,Winter,FG,7,1.945910149,2.45,0.896088025,0,36.49,0.13660619,0.152241195,0.372927296,0.084898613,11.05101698,0.245364813,0.019197708,0.014899713
52,17,52017,Winter,FG,14,2.63905733,2.32,0.841567186,0,29.78,0.13660619,0.152241195,0.372927296,0.084898613,11.05101698,0.245364813,0.019197708,0.014899713
