Group Assignment 2/Orange Juice Assignment 2.csv
STORE,Week,STOREWEEK,Season,BRAND,MOVE,logmove,PRICE,logprice,Feat,PROFIT,AGE9,AGE60,EDUC,ETHNIC,INCOME,SINGLE,POVERTY,NOCAR
88,193,88193,Summer,FG,59,4.077537444,1.49,0.39877612,1,20.26,0.136417189,0.160414212,0.15163275,0.142928009,10.54980515,0.273775439,0.037482806,0.049690509
88,9,88009,Fall,FG,5,1.609437912,2.41,0.879626748,0,35.52,0.136417189,0.160414212,0.15163275,0.142928009,10.54980515,0.273775439,0.037482806,0.049690509
88,133,88133,Spring,FG,88,4.477336814,1.29,0.254642218,0,3.8,0.136417189,0.160414212,0.15163275,0.142928009,10.54980515,0.273775439,0.037482806,0.049690509
88,102,88102,Fall,FG,1,0,2.36,0.858661619,0,41.95,0.136417189,0.160414212,0.15163275,0.142928009,10.54980515,0.273775439,0.037482806,0.049690509
88,37,88037,Summer,FG,17,2.833213344,2.59,0.951657876,0,24.86,0.136417189,0.160414212,0.15163275,0.142928009,10.54980515,0.273775439,0.037482806,0.049690509
88,169,88169,Winter,FG,52,3.951243719,1.79,0.58221562,0,19.11,0.136417189,0.160414212,0.15163275,0.142928009,10.54980515,0.273775439,0.037482806,0.049690509
88,96,88096,Summer,FG,2,0.693147181,2.36,0.858661619,0,49.75,0.136417189,0.160414212,0.15163275,0.142928009,10.54980515,0.273775439,0.037482806,0.049690509
88,129,88129,Spring,FG,17,2.833213344,1.79,0.58221562,0,19.5,0.136417189,0.160414212,0.15163275,0.142928009,10.54980515,0.273775439,0.037482806,0.049690509
88,162,88162,Fall,FG,72,4.276666119,1.69,0.524728529,1,11.48,0.136417189,0.160414212,0.15163275,0.142928009,10.54980515,0.273775439,0.037482806,0.049690509
88,194,88194,Summer,FG,18,2.890371758,1.49,0.39877612,1,19.79,0.136417189,0.160414212,0.15163275,0.142928009,10.54980515,0.273775439,0.037482806,0.049690509
88,141,88141,Summer,FG,20,2.995732274,1.79,0.58221562,0,5.87,0.136417189,0.160414212,0.15163275,0.142928009,10.54980515,0.273775439,0.037482806,0.049690509
88,29,88029,Spring,FG,7,1.945910149,2.91,1.068153081,0,35.53,0.136417189,0.160414212,0.15163275,0.142928009,10.54980515,0.273775439,0.037482806,0.049690509
88,191,88191,Spring,FG,34,3.526360525,1.49,0.39877612,1,27.65,0.136417189,0.160414212,0.15163275,0.142928009,10.54980515,0.273775439,0.037482806,0.049690509
88,19,88019,Winter,FG,24,3.17805383,2.24,0.806475866,0,30.54,0.136417189,0.160414212,0.15163275,0.142928009,10.54980515,0.273775439,0.037482806,0.049690509
88,18,88018,Winter,FG,9,2.197224577,2.24,0.806475866,0,27.28,0.136417189,0.160414212,0.15163275,0.142928009,10.54980515,0.273775439,0.037482806,0.049690509
88,86,88086,Spring,FG,16,2.772588722,1.79,0.58221562,0,27.32,0.136417189,0.160414212,0.15163275,0.142928009,10.54980515,0.273775439,0.037482806,0.049690509
88,142,88142,Summer,FG,38,3.63758616,1.79,0.58221562,0,5.87,0.136417189,0.160414212,0.15163275,0.142928009,10.54980515,0.273775439,0.037482806,0.049690509
88,2,88002,Fall,FG,19,2.944438979,2.29,0.828551818,0,23.41,0.136417189,0.160414212,0.15163275,0.142928009,10.54980515,0.273775439,0.037482806,0.049690509
88,163,88163,Fall,FG,28,3.33220451,1.79,0.58221562,0,14.3,0.136417189,0.160414212,0.15163275,0.142928009,10.54980515,0.273775439,0.037482806,0.049690509
88,11,88011,Winter,FG,7,1.945910149,2.29,0.828551818,0,32.05,0.136417189,0.160414212,0.15163275,0.142928009,10.54980515,0.273775439,0.037482806,0.049690509
88,149,88149,Summer,FG,27,3.295836866,1.79,0.58221562,0,14.53,0.136417189,0.160414212,0.15163275,0.142928009,10.54980515,0.273775439,0.037482806,0.049690509
88,21,88021,Winter,FG,10,2.302585093,2.29,0.828551818,0,32.05,0.136417189,0.160414212,0.15163275,0.142928009,10.54980515,0.273775439,0.037482806,0.049690509
88,76,88076,Spring,FG,15,2.708050201,1.99,0.688134639,0,24.22,0.136417189,0.160414212,0.15163275,0.142928009,10.54980515,0.273775439,0.037482806,0.049690509
88,161,88161,Fall,FG,31,3.433987204,1.79,0.58221562,0,25.08,0.136417189,0.160414212,0.15163275,0.142928009,10.54980515,0.273775439,0.037482806,0.049690509
88,70,88070,Winter,FG,25,3.218875825,2.36,0.858661619,0,36.74,0.136417189,0.160414212,0.15163275,0.142928009,10.54980515,0.273775439,0.037482806,0.049690509
88,51,88051,Fall,FG,8,2.079441542,2.71,0.996948635,1,36.61,0.136417189,0.160414212,0.15163275,0.142928009,10.54980515,0.273775439,0.037482806,0.049690509
132,180,132180,Spring,FG,46,3.828641396,1.64,0.494696242,1,17.01,0.146748237,0.139617348,0.264528441,0.273974204,10.61915425,0.25541913,0.041450777,0.032773961
132,97,132097,Summer,FG,8,2.079441542,0.69,-0.371063681,0,85.94,0.146748237,0.139617348,0.264528441,0.273974204,10.61915425,0.25541913,0.041450777,0.032773961
132,185,132185,Spring,FG,49,3.891820298,1.79,0.58221562,0,30.5,0.146748237,0.139617348,0.264528441,0.273974204,10.61915425,0.25541913,0.041450777,0.032773961
132,52,132052,Fall,FG,480,6.173786104,1.99,0.688134639,1,15.48,0.146748237,0.139617348,0.264528441,0.273974204,10.61915425,0.25541913,0.041450777,0.032773961
132,195,132195,Summer,FG,33,3.496507561,1.51,0.412109651,1,20.86,0.146748237,0.139617348,0.264528441,0.273974204,10.61915425,0.25541913,0.041450777,0.032773961
132,36,132036,Spring,FG,11,2.397895273,2.53,0.928219303,0,23.08,0.146748237,0.139617348,0.264528441,0.273974204,10.61915425,0.25541913,0.041450777,0.032773961
132,137,132137,Spring,FG,27,3.295836866,1.79,0.58221562,0,5.86,0.146748237,0.139617348,0.264528441,0.273974204,10.61915425,0.25541913,0.041450777,0.032773961
132,153,132153,Summer,FG,43,3.761200116,1.79,0.58221562,0,13.79,0.146748237,0.139617348,0.264528441,0.273974204,10.61915425,0.25541913,0.041450777,0.032773961
132,174,132174,Winter,FG,55,4.007333185,1.77,0.570979547,0,17.57,0.146748237,0.139617348,0.264528441,0.273974204,10.61915425,0.25541913,0.041450777,0.032773961
132,40,132040,Summer,FG,134,4.8978398,1.85,0.615185639,1,11.03,0.146748237,0.139617348,0.264528441,0.273974204,10.61915425,0.25541913,0.041450777,0.032773961
132,61,132061,Fall,FG,6,1.791759469,2.53,0.928219303,0,29.21,0.146748237,0.139617348,0.264528441,0.273974204,10.61915425,0.25541913,0.041450777,0.032773961
132,32,132032,Spring,FG,384,5.950642553,1.99,0.688134639,1,2.21,0.146748237,0.139617348,0.264528441,0.273974204,10.61915425,0.25541913,0.041450777,0.032773961
132,4,132004,Fall,FG,10,2.302585093,2.19,0.783901544,0,23.33,0.146748237,0.139617348,0.264528441,0.273974204,10.61915425,0.25541913,0.041450777,0.032773961
132,145,132145,Summer,FG,60,4.094344562,1.79,0.58221562,0,5.86,0.146748237,0.139617348,0.264528441,0.273974204,10.61915425,0.25541913,0.041450777,0.032773961
132,22,132022,Winter,FG,4,1.386294361,2.09,0.737164066,0,25.55,0.146748237,0.139617348,0.264528441,0.273974204,10.61915425,0.25541913,0.041450777,0.032773961
132,75,132075,Winter,FG,28,3.33220451,1.99,0.688134639,1,24.22,0.146748237,0.139617348,0.264528441,0.273974204,10.61915425,0.25541913,0.041450777,0.032773961
132,120,132120,Winter,FG,111,4.709530201,1.99,0.688134639,0,33.71,0.146748237,0.139617348,0.264528441,0.273974204,10.61915425,0.25541913,0.041450777,0.032773961
132,93,132093,Summer,FG,9,2.197224577,1.29,0.254642218,0,8.21,0.146748237,0.139617348,0.264528441,0.273974204,10.61915425,0.25541913,0.041450777,0.032773961
132,138,132138,Spring,FG,50,3.912023005,1.79,0.58221562,0,5.86,0.146748237,0.139617348,0.264528441,0.273974204,10.61915425,0.25541913,0.041450777,0.032773961
132,56,132056,Fall,FG,8,2.079441542,2.53,0.928219303,0,32.37,0.146748237,0.139617348,0.264528441,0.273974204,10.61915425,0.25541913,0.041450777,0.032773961
132,171,132171,Winter,FG,98,4.584967479,1.69,0.524728529,1,20.41,0.146748237,0.139617348,0.264528441,0.273974204,10.61915425,0.25541913,0.041450777,0.032773961
132,39,132039,Summer,FG,53,3.970291914,2.53,0.928219303,0,34.94,0.146748237,0.139617348,0.264528441,0.273974204,10.61915425,0.25541913,0.041450777,0.032773961
132,192,132192,Spring,FG,78,4.356708827,1.49,0.39877612,1,24.16,0.146748237,0.139617348,0.264528441,0.273974204,10.61915425,0.25541913,0.041450777,0.032773961
132,6,132006,Fall,FG,20,2.995732274,2.09,0.737164066,0,19.9,0.146748237,0.139617348,0.264528441,0.273974204,10.61915425,0.25541913,0.041450777,0.032773961
132,98,132098,Summer,FG,4,1.386294361,0.69,-0.371063681,0,85.94,0.146748237,0.139617348,0.264528441,0.273974204,10.61915425,0.25541913,0.041450777,0.032773961
132,95,132095,Summer,FG,5,1.609437912,0.69,-0.371063681,0,71.88,0.146748237,0.139617348,0.264528441,0.273974204,10.61915425,0.25541913,0.041450777,0.032773961
132,193,132193,Summer,FG,499,6.212606096,1.49,0.39877612,1,20.33,0.146748237,0.139617348,0.264528441,0.273974204,10.61915425,0.25541913,0.041450777,0.032773961
132,182,132182,Spring,FG,236,5.463831805,1.79,0.58221562,0,23.29,0.146748237,0.139617348,0.264528441,0.273974204,10.61915425,0.25541913,0.041450777,0.032773961
132,142,132142,Summer,FG,45,3.80666249,1.79,0.58221562,0,5.86,0.146748237,0.139617348,0.264528441,0.273974204,10.61915425,0.25541913,0.041450777,0.032773961
132,96,132096,Summer,FG,5,1.609437912,0.69,-0.371063681,0,74.63,0.146748237,0.139617348,0.264528441,0.273974204,10.61915425,0.25541913,0.041450777,0.032773961
132,67,132067,Winter,FG,32,3.465735903,1.99,0.688134639,0,25.08,0.146748237,0.139617348,0.264528441,0.273974204,10.61915425,0.25541913,0.041450777,0.032773961
132,82,132082,Spring,FG,26,3.258096538,2.53,0.928219303,0,41.5,0.146748237,0.139617348,0.264528441,0.273974204,10.61915425,0.25541913,0.041450777,0.032773961
132,156,132156,Fall,FG,33,3.496507561,1.79,0.58221562,0,17.54,0.146748237,0.139617348,0.264528441,0.273974204,10.61915425,0.25541913,0.041450777,0.032773961
132,26,132026,Spring,FG,17,2.833213344,2.53,0.928219303,0,20.32,0.146748237,0.139617348,0.264528441,0.273974204,10.61915425,0.25541913,0.041450777,0.032773961
132,68,132068,Winter,FG,44,3.784189634,1.99,0.688134639,1,25.08,0.146748237,0.139617348,0.264528441,0.273974204,10.61915425,0.25541913,0.041450777,0.032773961
132,55,132055,Fall,FG,36,3.583518938,2.53,0.928219303,0,32.37,0.146748237,0.139617348,0.264528441,0.273974204,10.61915425,0.25541913,0.041450777,0.032773961
132,86,132086,Spring,FG,52,3.951243719,1.79,0.58221562,0,27.32,0.146748237,0.139617348,0.264528441,0.273974204,10.61915425,0.25541913,0.041450777,0.032773961
132,29,132029,Spring,FG,5,1.609437912,2.53,0.928219303,0,25.85,0.146748237,0.139617348,0.264528441,0.273974204,10.61915425,0.25541913,0.041450777,0.032773961
119,96,119096,Summer,FG,2,0.693147181,2.36,0.858661619,0,49.75,0.145669581,0.121574965,0.279952033,0.049584956,10.75271926,0.242272811,0.02152381,0.015622023
119,123,119123,Winter,FG,23,3.135494216,2.26,0.815364813,0,44.87,0.145669581,0.121574965,0.279952033,0.049584956,10.75271926,0.242272811,0.02152381,0.015622023
119,93,119093,Summer,FG,5,1.609437912,1.29,0.254642218,1,13.49,0.145669581,0.121574965,0.279952033,0.049584956,10.75271926,0.242272811,0.02152381,0.015622023
119,15,119015,Winter,FG,12,2.48490665,2.03,0.708035793,1,23.35,0.145669581,0.121574965,0.279952033,0.049584956,10.75271926,0.242272811,0.02152381,0.015622023
119,159,119159,Fall,FG,28,3.33220451,1.59,0.463734016,1,15.66,0.145669581,0.121574965,0.279952033,0.049584956,10.75271926,0.242272811,0.02152381,0.015622023
119,100,119100,Summer,FG,195,5.272999559,1.89,0.636576829,1,27.51,0.145669581,0.121574965,0.279952033,0.049584956,10.75271926,0.242272811,0.02152381,0.015622023
119,139,119139,Spring,FG,5,1.609437912,1.79,0.58221562,0,5.87,0.145669581,0.121574965,0.279952033,0.049584956,10.75271926,0.242272811,0.02152381,0.015622023
119,124,119124,Winter,FG,19,2.944438979,1.79,0.58221562,0,11.9,0.145669581,0.121574965,0.279952033,0.049584956,10.75271926,0.242272811,0.02152381,0.015622023
119,137,119137,Spring,FG,20,2.995732274,1.79,0.58221562,0,5.87,0.145669581,0.121574965,0.279952033,0.049584956,10.75271926,0.242272811,0.02152381,0.015622023
119,130,119130,Spring,FG,52,3.951243719,1.69,0.524728529,1,14.73,0.145669581,0.121574965,0.279952033,0.049584956,10.75271926,0.242272811,0.02152381,0.015622023
119,192,119192,Spring,FG,48,3.871201011,1.49,0.39877612,1,25.57,0.145669581,0.121574965,0.279952033,0.049584956,10.75271926,0.242272811,0.02152381,0.015622023
119,38,119038,Summer,FG,9,2.197224577,2.53,0.928219303,1,23.08,0.145669581,0.121574965,0.279952033,0.049584956,10.75271926,0.242272811,0.02152381,0.015622023
119,48,119048,Summer,FG,16,2.772588722,2.36,0.858661619,0,23.77,0.145669581,0.121574965,0.279952033,0.049584956,10.75271926,0.242272811,0.02152381,0.015622023
119,9,119009,Fall,FG,8,2.079441542,2.09,0.737164066,0,25.65,0.145669581,0.121574965,0.279952033,0.049584956,10.75271926,0.242272811,0.02152381,0.015622023
119,41,119041,Summer,FG,4,1.386294361,2.53,0.928219303,0,27.51,0.145669581,0.121574965,0.279952033,0.049584956,10.75271926,0.242272811,0.02152381,0.015622023
119,165,119165,Fall,FG,17,2.833213344,1.92,0.652325186,0,19.9,0.145669581,0.121574965,0.279952033,0.049584956,10.75271926,0.242272811,0.02152381,0.015622023
119,82,119082,Spring,FG,6,1.791759469,2.53,0.928219303,0,41.5,0.145669581,0.121574965,0.279952033,0.049584956,10.75271926,0.242272811,0.02152381,0.015622023
119,154,119154,Fall,FG,14,2.63905733,1.79,0.58221562,1,13.74,0.145669581,0.121574965,0.279952033,0.049584956,10.75271926,0.242272811,0.02152381,0.015622023
119,160,119160,Fall,FG,18,2.890371758,1.92,0.652325186,1,30.16,0.145669581,0.121574965,0.279952033,0.049584956,10.75271926,0.242272811,0.02152381,0.015622023
119,43,119043,Summer,FG,4,1.386294361,2.53,0.928219303,0,23.08,0.145669581,0.121574965,0.279952033,0.049584956,10.75271926,0.242272811,0.02152381,0.015622023
119,188,119188,Spring,FG,23,3.135494216,1.89,0.636576829,1,29.25,0.145669581,0.121574965,0.279952033,0.049584956,10.75271926,0.242272811,0.02152381,0.015622023
119,167,119167,Winter,FG,13,2.564949357,1.92,0.652325186,0,11.88,0.145669581,0.121574965,0.279952033,0.049584956,10.75271926,0.242272811,0.02152381,0.015622023
119,105,119105,Fall,FG,20,2.995732274,1.99,0.688134639,0,31.96,0.145669581,0.121574965,0.279952033,0.049584956,10.75271926,0.242272811,0.02152381,0.015622023
119,58,119058,Fall,FG,21,3.044522438,1.99,0.688134639,1,24.12,0.145669581,0.121574965,0.279952033,0.049584956,10.75271926,0.242272811,0.02152381,0.015622023
119,181,119181,Spring,FG,14,2.63905733,1.77,0.570979547,1,23.11,0.145669581,0.121574965,0.279952033,0.049584956,10.75271926,0.242272811,0.02152381,0.015622023
119,157,119157,Fall,FG,13,2.564949357,1.92,0.652325186,0,23.13,0.145669581,0.121574965,0.279952033,0.049584956,10.75271926,0.242272811,0.02152381,0.015622023
