Group Assignment 2/Orange Juice Assignment 2.csv
STORE,Week,STOREWEEK,Season,BRAND,MOVE,logmove,PRICE,logprice,Feat,PROFIT,AGE9,AGE60,EDUC,ETHNIC,INCOME,SINGLE,POVERTY,NOCAR
51,126,51126,Winter,FG,5,1.609437912,2.36,0.858661619,0,32.84,0.132472108,0.176159718,0.171916711,0.025425719,10.62083942,0.256408378,0.039401496,0.025436409
51,88,51088,Spring,FG,95,4.553876892,1.69,0.524728529,1,24.08,0.132472108,0.176159718,0.171916711,0.025425719,10.62083942,0.256408378,0.039401496,0.025436409
51,172,51172,Winter,FG,29,3.36729583,1.69,0.524728529,1,20.41,0.132472108,0.176159718,0.171916711,0.025425719,10.62083942,0.256408378,0.039401496,0.025436409
51,139,51139,Spring,FG,12,2.48490665,2.36,0.858661619,0,28.6,0.132472108,0.176159718,0.171916711,0.025425719,10.62083942,0.256408378,0.039401496,0.025436409
51,86,51086,Spring,FG,28,3.33220451,1.79,0.58221562,0,27.32,0.132472108,0.176159718,0.171916711,0.025425719,10.62083942,0.256408378,0.039401496,0.025436409
51,45,51045,Summer,FG,5,1.609437912,2.75,1.011600912,1,33.78,0.132472108,0.176159718,0.171916711,0.025425719,10.62083942,0.256408378,0.039401496,0.025436409
51,187,51187,Spring,FG,16,2.772588722,1.79,0.58221562,0,24.58,0.132472108,0.176159718,0.171916711,0.025425719,10.62083942,0.256408378,0.039401496,0.025436409
51,137,51137,Spring,FG,8,2.079441542,2.36,0.858661619,0,28.6,0.132472108,0.176159718,0.171916711,0.025425719,10.62083942,0.256408378,0.039401496,0.025436409
51,150,51150,Summer,FG,22,3.091042453,2.06,0.722705983,1,25.73,0.132472108,0.176159718,0.171916711,0.025425719,10.62083942,0.256408378,0.039401496,0.025436409
51,102,51102,Fall,FG,3,1.098612289,2.36,0.858661619,0,41.95,0.132472108,0.176159718,0.171916711,0.025425719,10.62083942,0.256408378,0.039401496,0.025436409
51,85,51085,Spring,FG,39,3.663561646,1.79,0.58221562,0,20.28,0.132472108,0.176159718,0.171916711,0.025425719,10.62083942,0.256408378,0.039401496,0.025436409
51,115,51115,Winter,FG,20,2.995732274,1.99,0.688134639,1,37.04,0.132472108,0.176159718,0.171916711,0.025425719,10.62083942,0.256408378,0.039401496,0.025436409
51,173,51173,Winter,FG,57,4.043051268,1.79,0.58221562,0,13.24,0.132472108,0.176159718,0.171916711,0.025425719,10.62083942,0.256408378,0.039401496,0.025436409
51,155,51155,Fall,FG,7,1.945910149,2.36,0.858661619,0,36.23,0.132472108,0.176159718,0.171916711,0.025425719,10.62083942,0.256408378,0.039401496,0.025436409
51,176,51176,Winter,FG,21,3.044522438,1.71,0.536493371,1,16.43,0.132472108,0.176159718,0.171916711,0.025425719,10.62083942,0.256408378,0.039401496,0.025436409
51,105,51105,Fall,FG,26,3.258096538,1.99,0.688134639,0,31.96,0.132472108,0.176159718,0.171916711,0.025425719,10.62083942,0.256408378,0.039401496,0.025436409
51,56,51056,Fall,FG,7,1.945910149,2.91,1.068153081,0,41.2,0.132472108,0.176159718,0.171916711,0.025425719,10.62083942,0.256408378,0.039401496,0.025436409
51,124,51124,Winter,FG,10,2.302585093,2.36,0.858661619,0,33.18,0.132472108,0.176159718,0.171916711,0.025425719,10.62083942,0.256408378,0.039401496,0.025436409
51,19,51019,Winter,FG,17,2.833213344,2.24,0.806475866,0,30.54,0.132472108,0.176159718,0.171916711,0.025425719,10.62083942,0.256408378,0.039401496,0.025436409
51,180,51180,Spring,FG,19,2.944438979,1.64,0.494696242,1,17.01,0.132472108,0.176159718,0.171916711,0.025425719,10.62083942,0.256408378,0.039401496,0.025436409
51,166,51166,Fall,FG,8,2.079441542,1.79,0.58221562,0,14.08,0.132472108,0.176159718,0.171916711,0.025425719,10.62083942,0.256408378,0.039401496,0.025436409
51,29,51029,Spring,FG,72,4.276666119,2.91,1.068153081,0,35.53,0.132472108,0.176159718,0.171916711,0.025425719,10.62083942,0.256408378,0.039401496,0.025436409
51,39,51039,Summer,FG,32,3.465735903,2.91,1.068153081,0,43.44,0.132472108,0.176159718,0.171916711,0.025425719,10.62083942,0.256408378,0.039401496,0.025436409
51,33,51033,Spring,FG,12,2.48490665,2.91,1.068153081,0,33.13,0.132472108,0.176159718,0.171916711,0.025425719,10.62083942,0.256408378,0.039401496,0.025436409
51,7,51007,Fall,FG,20,2.995732274,2.19,0.783901544,0,23.56,0.132472108,0.176159718,0.171916711,0.025425719,10.62083942,0.256408378,0.039401496,0.025436409
51,153,51153,Summer,FG,8,2.079441542,2.36,0.858661619,0,34.62,0.132472108,0.176159718,0.171916711,0.025425719,10.62083942,0.256408378,0.039401496,0.025436409
51,21,51021,Winter,FG,12,2.48490665,2.29,0.828551818,0,32.05,0.132472108,0.176159718,0.171916711,0.025425719,10.62083942,0.256408378,0.039401496,0.025436409
51,132,51132,Spring,FG,38,3.63758616,1.59,0.463734016,0,9.37,0.132472108,0.176159718,0.171916711,0.025425719,10.62083942,0.256408378,0.039401496,0.025436409
51,24,51024,Spring,FG,7,1.945910149,2.73,1.004301609,0,31.25,0.132472108,0.176159718,0.171916711,0.025425719,10.62083942,0.256408378,0.039401496,0.025436409
51,8,51008,Fall,FG,141,4.94875989,2.19,0.783901544,0,36.07,0.132472108,0.176159718,0.171916711,0.025425719,10.62083942,0.256408378,0.039401496,0.025436409
51,197,51197,Summer,FG,2,0.693147181,1.79,0.58221562,0,33.24,0.132472108,0.176159718,0.171916711,0.025425719,10.62083942,0.256408378,0.039401496,0.025436409
51,64,51064,Winter,FG,10,2.302585093,2.79,1.026041596,0,44.87,0.132472108,0.176159718,0.171916711,0.025425719,10.62083942,0.256408378,0.039401496,0.025436409
51,107,51107,Fall,FG,9,2.197224577,1.99,0.688134639,1,32.31,0.132472108,0.176159718,0.171916711,0.025425719,10.62083942,0.256408378,0.039401496,0.025436409
51,181,51181,Spring,FG,12,2.48490665,1.64,0.494696242,1,17.01,0.132472108,0.176159718,0.171916711,0.025425719,10.62083942,0.256408378,0.039401496,0.025436409
51,72,51072,Winter,FG,38,3.63758616,1.99,0.688134639,0,24.97,0.132472108,0.176159718,0.171916711,0.025425719,10.62083942,0.256408378,0.039401496,0.025436409
51,106,51106,Fall,FG,5,1.609437912,1.99,0.688134639,1,32.31,0.132472108,0.176159718,0.171916711,0.025425719,10.62083942,0.256408378,0.039401496,0.025436409
51,54,51054,Fall,FG,7,1.945910149,2.91,1.068153081,0,41.62,0.132472108,0.176159718,0.171916711,0.025425719,10.62083942,0.256408378,0.039401496,0.025436409
51,42,51042,Summer,FG,5,1.609437912,2.91,1.068153081,0,36.91,0.132472108,0.176159718,0.171916711,0.025425719,10.62083942,0.256408378,0.039401496,0.025436409
51,14,51014,Winter,FG,12,2.48490665,2.23,0.802001585,0,30.22,0.132472108,0.176159718,0.171916711,0.025425719,10.62083942,0.256408378,0.039401496,0.025436409
51,191,51191,Spring,FG,25,3.218875825,1.49,0.39877612,1,27.45,0.132472108,0.176159718,0.171916711,0.025425719,10.62083942,0.256408378,0.039401496,0.025436409
51,160,51160,Fall,FG,39,3.663561646,1.79,0.58221562,1,25.08,0.132472108,0.176159718,0.171916711,0.025425719,10.62083942,0.256408378,0.039401496,0.025436409
50,175,50175,Winter,FG,16,2.772588722,1.84,0.609765572,1,22.34,0.124420402,0.153357376,0.128764278,0.07092564,10.58930796,0.280109682,0.042153494,0.036434464
50,142,50142,Summer,FG,41,3.713572067,1.79,0.58221562,0,5.87,0.124420402,0.153357376,0.128764278,0.07092564,10.58930796,0.280109682,0.042153494,0.036434464
50,152,50152,Summer,FG,43,3.761200116,1.69,0.524728529,1,8.7,0.124420402,0.153357376,0.128764278,0.07092564,10.58930796,0.280109682,0.042153494,0.036434464
50,174,50174,Winter,FG,17,2.833213344,1.92,0.652325186,0,19.11,0.124420402,0.153357376,0.128764278,0.07092564,10.58930796,0.280109682,0.042153494,0.036434464
50,122,50122,Winter,FG,9,2.197224577,1.79,0.58221562,1,30.39,0.124420402,0.153357376,0.128764278,0.07092564,10.58930796,0.280109682,0.042153494,0.036434464
50,31,50031,Spring,FG,4,1.386294361,2.53,0.928219303,0,19.33,0.124420402,0.153357376,0.128764278,0.07092564,10.58930796,0.280109682,0.042153494,0.036434464
50,130,50130,Spring,FG,36,3.583518938,1.69,0.524728529,1,14.73,0.124420402,0.153357376,0.128764278,0.07092564,10.58930796,0.280109682,0.042153494,0.036434464
50,24,50024,Spring,FG,7,1.945910149,2.39,0.871293366,0,21.46,0.124420402,0.153357376,0.128764278,0.07092564,10.58930796,0.280109682,0.042153494,0.036434464
50,180,50180,Spring,FG,39,3.663561646,1.77,0.570979547,1,23.11,0.124420402,0.153357376,0.128764278,0.07092564,10.58930796,0.280109682,0.042153494,0.036434464
50,154,50154,Fall,FG,28,3.33220451,1.79,0.58221562,1,13.74,0.124420402,0.153357376,0.128764278,0.07092564,10.58930796,0.280109682,0.042153494,0.036434464
50,104,50104,Fall,FG,11,2.397895273,1.99,0.688134639,1,31.16,0.124420402,0.153357376,0.128764278,0.07092564,10.58930796,0.280109682,0.042153494,0.036434464
50,87,50087,Spring,FG,10,2.302585093,2.36,0.858661619,0,45.34,0.124420402,0.153357376,0.128764278,0.07092564,10.58930796,0.280109682,0.042153494,0.036434464
50,80,50080,Spring,FG,13,2.564949357,2.19,0.783901544,1,32.79,0.124420402,0.153357376,0.128764278,0.07092564,10.58930796,0.280109682,0.042153494,0.036434464
50,155,50155,Fall,FG,9,2.197224577,1.79,0.58221562,0,15.92,0.124420402,0.153357376,0.128764278,0.07092564,10.58930796,0.280109682,0.042153494,0.036434464
50,140,50140,Spring,FG,62,4.127134385,1.79,0.58221562,0,5.87,0.124420402,0.153357376,0.128764278,0.07092564,10.58930796,0.280109682,0.042153494,0.036434464
50,15,50015,Winter,FG,7,1.945910149,1.99,0.688134639,1,21.81,0.124420402,0.153357376,0.128764278,0.07092564,10.58930796,0.280109682,0.042153494,0.036434464
50,6,50006,Fall,FG,4,1.386294361,2.09,0.737164066,0,19.9,0.124420402,0.153357376,0.128764278,0.07092564,10.58930796,0.280109682,0.042153494,0.036434464
50,137,50137,Spring,FG,23,3.135494216,1.79,0.58221562,0,5.87,0.124420402,0.153357376,0.128764278,0.07092564,10.58930796,0.280109682,0.042153494,0.036434464
50,27,50027,Spring,FG,3,1.098612289,2.53,0.928219303,0,25.85,0.124420402,0.153357376,0.128764278,0.07092564,10.58930796,0.280109682,0.042153494,0.036434464
50,114,50114,Fall,FG,30,3.401197382,1.99,0.688134639,1,37.04,0.124420402,0.153357376,0.128764278,0.07092564,10.58930796,0.280109682,0.042153494,0.036434464
50,132,50132,Spring,FG,50,3.912023005,1.59,0.463734016,0,9.37,0.124420402,0.153357376,0.128764278,0.07092564,10.58930796,0.280109682,0.042153494,0.036434464
50,14,50014,Winter,FG,11,2.397895273,1.99,0.688134639,0,21.81,0.124420402,0.153357376,0.128764278,0.07092564,10.58930796,0.280109682,0.042153494,0.036434464
50,92,50092,Summer,FG,18,2.890371758,1.77,0.570979547,1,27.51,0.124420402,0.153357376,0.128764278,0.07092564,10.58930796,0.280109682,0.042153494,0.036434464
50,9,50009,Fall,FG,6,1.791759469,2.09,0.737164066,0,25.65,0.124420402,0.153357376,0.128764278,0.07092564,10.58930796,0.280109682,0.042153494,0.036434464
50,4,50004,Fall,FG,2,0.693147181,2.19,0.783901544,0,23.33,0.124420402,0.153357376,0.128764278,0.07092564,10.58930796,0.280109682,0.042153494,0.036434464
50,139,50139,Spring,FG,32,3.465735903,1.79,0.58221562,0,5.87,0.124420402,0.153357376,0.128764278,0.07092564,10.58930796,0.280109682,0.042153494,0.036434464
50,28,50028,Spring,FG,3,1.098612289,2.53,0.928219303,0,25.85,0.124420402,0.153357376,0.128764278,0.07092564,10.58930796,0.280109682,0.042153494,0.036434464
50,57,50057,Fall,FG,16,2.772588722,2.35,0.854415328,0,35.74,0.124420402,0.153357376,0.128764278,0.07092564,10.58930796,0.280109682,0.042153494,0.036434464
50,21,50021,Winter,FG,9,2.197224577,1.99,0.688134639,0,21.81,0.124420402,0.153357376,0.128764278,0.07092564,10.58930796,0.280109682,0.042153494,0.036434464
50,3,50003,Fall,FG,2,0.693147181,2.19,0.783901544,1,19.91,0.124420402,0.153357376,0.128764278,0.07092564,10.58930796,0.280109682,0.042153494,0.036434464
50,164,50164,Fall,FG,4,1.386294361,1.92,0.652325186,0,19.9,0.124420402,0.153357376,0.128764278,0.07092564,10.58930796,0.280109682,0.042153494,0.036434464
50,148,50148,Summer,FG,5,1.609437912,1.79,0.58221562,0,17.15,0.124420402,0.153357376,0.128764278,0.07092564,10.58930796,0.280109682,0.042153494,0.036434464
50,107,50107,Fall,FG,5,1.609437912,1.99,0.688134639,1,32.31,0.124420402,0.153357376,0.128764278,0.07092564,10.58930796,0.280109682,0.042153494,0.036434464
50,20,50020,Winter,FG,25,3.218875825,1.99,0.688134639,1,21.81,0.124420402,0.153357376,0.128764278,0.07092564,10.58930796,0.280109682,0.042153494,0.036434464
