Group Assignment 2/Orange Juice Assignment 2.csv
STORE,Week,STOREWEEK,Season,BRAND,MOVE,logmove,PRICE,logprice,Feat,PROFIT,AGE9,AGE60,EDUC,ETHNIC,INCOME,SINGLE,POVERTY,NOCAR
53,47,53047,Summer,FG,9,2.197224577,3.08,1.124929597,0,41.59,0.120839139,0.300278681,0.2703835,0.065722248,10.60000405,0.233270677,0.063319218,0.145362903
53,129,53129,Spring,FG,23,3.135494216,2.39,0.871293366,0,39.71,0.120839139,0.300278681,0.2703835,0.065722248,10.60000405,0.233270677,0.063319218,0.145362903
53,48,53048,Summer,FG,9,2.197224577,2.71,0.996948635,0,33.62,0.120839139,0.300278681,0.2703835,0.065722248,10.60000405,0.233270677,0.063319218,0.145362903
53,123,53123,Winter,FG,23,3.135494216,2.39,0.871293366,0,47.87,0.120839139,0.300278681,0.2703835,0.065722248,10.60000405,0.233270677,0.063319218,0.145362903
53,153,53153,Summer,FG,12,2.48490665,2.39,0.871293366,0,35.44,0.120839139,0.300278681,0.2703835,0.065722248,10.60000405,0.233270677,0.063319218,0.145362903
53,18,53018,Winter,FG,26,3.258096538,2.31,0.837247525,0,29.48,0.120839139,0.300278681,0.2703835,0.065722248,10.60000405,0.233270677,0.063319218,0.145362903
53,84,53084,Spring,FG,98,4.584967479,1.79,0.58221562,0,20.28,0.120839139,0.300278681,0.2703835,0.065722248,10.60000405,0.233270677,0.063319218,0.145362903
53,104,53104,Fall,FG,96,4.564348191,1.99,0.688134639,1,31.16,0.120839139,0.300278681,0.2703835,0.065722248,10.60000405,0.233270677,0.063319218,0.145362903
53,46,53046,Summer,FG,5,1.609437912,2.75,1.011600912,1,36.25,0.120839139,0.300278681,0.2703835,0.065722248,10.60000405,0.233270677,0.063319218,0.145362903
53,37,53037,Summer,FG,47,3.850147602,2.59,0.951657876,0,24.86,0.120839139,0.300278681,0.2703835,0.065722248,10.60000405,0.233270677,0.063319218,0.145362903
53,120,53120,Winter,FG,55,4.007333185,1.99,0.688134639,1,32.66,0.120839139,0.300278681,0.2703835,0.065722248,10.60000405,0.233270677,0.063319218,0.145362903
53,119,53119,Winter,FG,32,3.465735903,1.99,0.688134639,0,32.66,0.120839139,0.300278681,0.2703835,0.065722248,10.60000405,0.233270677,0.063319218,0.145362903
53,65,53065,Winter,FG,31,3.433987204,2.79,1.026041596,0,44.87,0.120839139,0.300278681,0.2703835,0.065722248,10.60000405,0.233270677,0.063319218,0.145362903
53,142,53142,Summer,FG,149,5.003946306,1.99,0.688134639,0,15.33,0.120839139,0.300278681,0.2703835,0.065722248,10.60000405,0.233270677,0.063319218,0.145362903
53,141,53141,Summer,FG,6,1.791759469,2.39,0.871293366,0,29.5,0.120839139,0.300278681,0.2703835,0.065722248,10.60000405,0.233270677,0.063319218,0.145362903
53,163,53163,Fall,FG,21,3.044522438,2.56,0.940007258,0,40.08,0.120839139,0.300278681,0.2703835,0.065722248,10.60000405,0.233270677,0.063319218,0.145362903
53,155,53155,Fall,FG,4,1.386294361,2.39,0.871293366,0,37.03,0.120839139,0.300278681,0.2703835,0.065722248,10.60000405,0.233270677,0.063319218,0.145362903
53,20,53020,Winter,FG,45,3.80666249,2.31,0.837247525,1,32.64,0.120839139,0.300278681,0.2703835,0.065722248,10.60000405,0.233270677,0.063319218,0.145362903
53,39,53039,Summer,FG,19,2.944438979,3.08,1.124929597,0,46.56,0.120839139,0.300278681,0.2703835,0.065722248,10.60000405,0.233270677,0.063319218,0.145362903
53,126,53126,Winter,FG,16,2.772588722,2.39,0.871293366,0,33.68,0.120839139,0.300278681,0.2703835,0.065722248,10.60000405,0.233270677,0.063319218,0.145362903
53,30,53030,Spring,FG,2,0.693147181,3.08,1.124929597,0,39.09,0.120839139,0.300278681,0.2703835,0.065722248,10.60000405,0.233270677,0.063319218,0.145362903
53,101,53101,Summer,FG,49,3.891820298,2.49,0.91228271,0,44.98,0.120839139,0.300278681,0.2703835,0.065722248,10.60000405,0.233270677,0.063319218,0.145362903
53,147,53147,Summer,FG,33,3.496507561,2.22,0.797507196,1,24.1,0.120839139,0.300278681,0.2703835,0.065722248,10.60000405,0.233270677,0.063319218,0.145362903
53,26,53026,Spring,FG,9,2.197224577,3.08,1.124929597,0,34.55,0.120839139,0.300278681,0.2703835,0.065722248,10.60000405,0.233270677,0.063319218,0.145362903
53,130,53130,Spring,FG,95,4.553876892,1.69,0.524728529,1,14.73,0.120839139,0.300278681,0.2703835,0.065722248,10.60000405,0.233270677,0.063319218,0.145362903
53,157,53157,Fall,FG,16,2.772588722,2.56,0.940007258,0,42.34,0.120839139,0.300278681,0.2703835,0.065722248,10.60000405,0.233270677,0.063319218,0.145362903
53,161,53161,Fall,FG,22,3.091042453,2.56,0.940007258,0,47.62,0.120839139,0.300278681,0.2703835,0.065722248,10.60000405,0.233270677,0.063319218,0.145362903
53,63,53063,Winter,FG,13,2.564949357,2.79,1.026041596,1,35.81,0.120839139,0.300278681,0.2703835,0.065722248,10.60000405,0.233270677,0.063319218,0.145362903
53,73,53073,Winter,FG,234,5.455321115,1.99,0.688134639,1,24.97,0.120839139,0.300278681,0.2703835,0.065722248,10.60000405,0.233270677,0.063319218,0.145362903
53,115,53115,Winter,FG,38,3.63758616,1.99,0.688134639,1,37.04,0.120839139,0.300278681,0.2703835,0.065722248,10.60000405,0.233270677,0.063319218,0.145362903
53,172,53172,Winter,FG,35,3.555348061,1.69,0.524728529,1,20.41,0.120839139,0.300278681,0.2703835,0.065722248,10.60000405,0.233270677,0.063319218,0.145362903
53,91,53091,Summer,FG,16,2.772588722,2.49,0.91228271,0,48.47,0.120839139,0.300278681,0.2703835,0.065722248,10.60000405,0.233270677,0.063319218,0.145362903
53,192,53192,Spring,FG,99,4.59511985,1.49,0.39877612,1,27.65,0.120839139,0.300278681,0.2703835,0.065722248,10.60000405,0.233270677,0.063319218,0.145362903
53,99,53099,Summer,FG,4,1.386294361,2.49,0.91228271,0,48.47,0.120839139,0.300278681,0.2703835,0.065722248,10.60000405,0.233270677,0.063319218,0.145362903
53,64,53064,Winter,FG,11,2.397895273,2.79,1.026041596,0,44.87,0.120839139,0.300278681,0.2703835,0.065722248,10.60000405,0.233270677,0.063319218,0.145362903
53,83,53083,Spring,FG,241,5.484796933,1.79,0.58221562,1,20.28,0.120839139,0.300278681,0.2703835,0.065722248,10.60000405,0.233270677,0.063319218,0.145362903
53,150,53150,Summer,FG,49,3.891820298,2.09,0.737164066,1,26.79,0.120839139,0.300278681,0.2703835,0.065722248,10.60000405,0.233270677,0.063319218,0.145362903
53,2,53002,Fall,FG,46,3.828641396,2.29,0.828551818,0,23.41,0.120839139,0.300278681,0.2703835,0.065722248,10.60000405,0.233270677,0.063319218,0.145362903
53,74,53074,Winter,FG,159,5.068904202,1.99,0.688134639,0,20.2,0.120839139,0.300278681,0.2703835,0.065722248,10.60000405,0.233270677,0.063319218,0.145362903
53,187,53187,Spring,FG,10,2.302585093,2.56,0.940007258,0,47.27,0.120839139,0.300278681,0.2703835,0.065722248,10.60000405,0.233270677,0.063319218,0.145362903
53,50,53050,Fall,FG,10,2.302585093,2.71,0.996948635,1,36.61,0.120839139,0.300278681,0.2703835,0.065722248,10.60000405,0.233270677,0.063319218,0.145362903
53,60,53060,Fall,FG,11,2.397895273,1.99,0.688134639,1,10,0.120839139,0.300278681,0.2703835,0.065722248,10.60000405,0.233270677,0.063319218,0.145362903
8,118,8118,Winter,FG,42,3.737669618,1.99,0.688134639,0,32.66,0.123155416,0.252394035,0.095173274,0.035243328,10.59700966,0.250372149,0.05135254,0.075112724
8,93,8093,Summer,FG,79,4.369447852,1.29,0.254642218,1,13.49,0.123155416,0.252394035,0.095173274,0.035243328,10.59700966,0.250372149,0.05135254,0.075112724
8,91,8091,Summer,FG,3,1.098612289,2.53,0.928219303,0,49.29,0.123155416,0.252394035,0.095173274,0.035243328,10.59700966,0.250372149,0.05135254,0.075112724
8,44,8044,Summer,FG,16,2.772588722,2.37,0.862889955,1,23.16,0.123155416,0.252394035,0.095173274,0.035243328,10.59700966,0.250372149,0.05135254,0.075112724
8,46,8046,Summer,FG,23,3.135494216,2.37,0.862889955,1,26.03,0.123155416,0.252394035,0.095173274,0.035243328,10.59700966,0.250372149,0.05135254,0.075112724
8,191,8191,Spring,FG,56,4.025351691,1.49,0.39877612,1,27.45,0.123155416,0.252394035,0.095173274,0.035243328,10.59700966,0.250372149,0.05135254,0.075112724
8,21,8021,Winter,FG,19,2.944438979,1.99,0.688134639,0,21.81,0.123155416,0.252394035,0.095173274,0.035243328,10.59700966,0.250372149,0.05135254,0.075112724
8,132,8132,Spring,FG,71,4.262679877,1.59,0.463734016,0,9.37,0.123155416,0.252394035,0.095173274,0.035243328,10.59700966,0.250372149,0.05135254,0.075112724
8,177,8177,Winter,FG,27,3.295836866,1.71,0.536493371,1,20.99,0.123155416,0.252394035,0.095173274,0.035243328,10.59700966,0.250372149,0.05135254,0.075112724
8,86,8086,Spring,FG,46,3.828641396,1.79,0.58221562,0,27.32,0.123155416,0.252394035,0.095173274,0.035243328,10.59700966,0.250372149,0.05135254,0.075112724
8,4,8004,Fall,FG,11,2.397895273,2.19,0.783901544,0,23.33,0.123155416,0.252394035,0.095173274,0.035243328,10.59700966,0.250372149,0.05135254,0.075112724
8,43,8043,Summer,FG,11,2.397895273,2.53,0.928219303,0,23.08,0.123155416,0.252394035,0.095173274,0.035243328,10.59700966,0.250372149,0.05135254,0.075112724
8,160,8160,Fall,FG,76,4.33073334,1.79,0.58221562,1,25.08,0.123155416,0.252394035,0.095173274,0.035243328,10.59700966,0.250372149,0.05135254,0.075112724
8,51,8051,Fall,FG,20,2.995732274,2.36,0.858661619,1,27.2,0.123155416,0.252394035,0.095173274,0.035243328,10.59700966,0.250372149,0.05135254,0.075112724
8,125,8125,Winter,FG,53,3.970291914,1.79,0.58221562,0,11.45,0.123155416,0.252394035,0.095173274,0.035243328,10.59700966,0.250372149,0.05135254,0.075112724
8,152,8152,Summer,FG,81,4.394449155,1.69,0.524728529,1,8.7,0.123155416,0.252394035,0.095173274,0.035243328,10.59700966,0.250372149,0.05135254,0.075112724
8,179,8179,Winter,FG,40,3.688879454,1.79,0.58221562,0,24.53,0.123155416,0.252394035,0.095173274,0.035243328,10.59700966,0.250372149,0.05135254,0.075112724
8,70,8070,Winter,FG,17,2.833213344,2.53,0.928219303,0,40.99,0.123155416,0.252394035,0.095173274,0.035243328,10.59700966,0.250372149,0.05135254,0.075112724
8,71,8071,Winter,FG,43,3.761200116,1.99,0.688134639,1,24.97,0.123155416,0.252394035,0.095173274,0.035243328,10.59700966,0.250372149,0.05135254,0.075112724
8,74,8074,Winter,FG,47,3.850147602,1.99,0.688134639,0,20.2,0.123155416,0.252394035,0.095173274,0.035243328,10.59700966,0.250372149,0.05135254,0.075112724
8,162,8162,Fall,FG,131,4.875197323,1.69,0.524728529,1,11.48,0.123155416,0.252394035,0.095173274,0.035243328,10.59700966,0.250372149,0.05135254,0.075112724
8,47,8047,Summer,FG,10,2.302585093,2.53,0.928219303,0,28.89,0.123155416,0.252394035,0.095173274,0.035243328,10.59700966,0.250372149,0.05135254,0.075112724
8,121,8121,Winter,FG,128,4.852030264,1.79,0.58221562,1,30.39,0.123155416,0.252394035,0.095173274,0.035243328,10.59700966,0.250372149,0.05135254,0.075112724
8,133,8133,Spring,FG,100,4.605170186,1.29,0.254642218,0,3.8,0.123155416,0.252394035,0.095173274,0.035243328,10.59700966,0.250372149,0.05135254,0.075112724
8,194,8194,Summer,FG,86,4.454347296,1.49,0.39877612,1,20.34,0.123155416,0.252394035,0.095173274,0.035243328,10.59700966,0.250372149,0.05135254,0.075112724
8,104,8104,Fall,FG,18,2.890371758,1.99,0.688134639,1,31.16,0.123155416,0.252394035,0.095173274,0.035243328,10.59700966,0.250372149,0.05135254,0.075112724
8,29,8029,Spring,FG,8,2.079441542,2.53,0.928219303,0,25.85,0.123155416,0.252394035,0.095173274,0.035243328,10.59700966,0.250372149,0.05135254,0.075112724
8,129,8129,Spring,FG,51,3.931825633,1.79,0.58221562,0,19.5,0.123155416,0.252394035,0.095173274,0.035243328,10.59700966,0.250372149,0.05135254,0.075112724
8,64,8064,Winter,FG,21,3.044522438,2.53,0.928219303,0,39.21,0.123155416,0.252394035,0.095173274,0.035243328,10.59700966,0.250372149,0.05135254,0.075112724
8,68,8068,Winter,FG,28,3.33220451,1.99,0.688134639,1,25.08,0.123155416,0.252394035,0.095173274,0.035243328,10.59700966,0.250372149,0.05135254,0.075112724
62,110,62110,Fall,FG,1,0,2.39,0.871293366,0,49.79,0.133509324,0.222534262,0.517760337,0.026510896,11.23619652,0.206418161,0.019975602,0.026528434
62,112,62112,Fall,FG,53,3.970291914,1.99,0.688134639,0,39.7,0.133509324,0.222534262,0.517760337,0.026510896,11.23619652,0.206418161,0.019975602,0.026528434
62,77,62077,Spring,FG,7,1.945910149,2.49,0.91228271,0,39.44,0.133509324,0.222534262,0.517760337,0.026510896,11.23619652,0.206418161,0.019975602,0.026528434
62,181,62181,Spring,FG,6,1.791759469,2.07,0.727548607,1,34.25,0.133509324,0.222534262,0.517760337,0.026510896,11.23619652,0.206418161,0.019975602,0.026528434
62,65,62065,Winter,FG,14,2.63905733,2.79,1.026041596,0,44.87,0.133509324,0.222534262,0.517760337,0.026510896,11.23619652,0.206418161,0.019975602,0.026528434
62,180,62180,Spring,FG,4,1.386294361,2.07,0.727548607,1,34.25,0.133509324,0.222534262,0.517760337,0.026510896,11.23619652,0.206418161,0.019975602,0.026528434
62,137,62137,Spring,FG,4,1.386294361,2.39,0.871293366,0,29.5,0.133509324,0.222534262,0.517760337,0.026510896,11.23619652,0.206418161,0.019975602,0.026528434
62,1,62001,Fall,FG,28,3.33220451,2.29,0.828551818,0,23.41,0.133509324,0.222534262,0.517760337,0.026510896,11.23619652,0.206418161,0.019975602,0.026528434
62,182,62182,Spring,FG,88,4.477336814,1.79,0.58221562,1,23.3,0.133509324,0.222534262,0.517760337,0.026510896,11.23619652,0.206418161,0.019975602,0.026528434
62,191,62191,Spring,FG,33,3.496507561,1.49,0.39877612,1,27.45,0.133509324,0.222534262,0.517760337,0.026510896,11.23619652,0.206418161,0.019975602,0.026528434
62,185,62185,Spring,FG,53,3.970291914,1.79,0.58221562,0,30.5,0.133509324,0.222534262,0.517760337,0.026510896,11.23619652,0.206418161,0.019975602,0.026528434
62,129,62129,Spring,FG,8,2.079441542,2.39,0.871293366,0,39.71,0.133509324,0.222534262,0.517760337,0.026510896,11.23619652,0.206418161,0.019975602,0.026528434
62,4,62004,Fall,FG,12,2.48490665,2.29,0.828551818,0,26.68,0.133509324,0.222534262,0.517760337,0.026510896,11.23619652,0.206418161,0.019975602,0.026528434
62,159,62159,Fall,FG,29,3.36729583,1.59,0.463734016,1,15.66,0.133509324,0.222534262,0.517760337,0.026510896,11.23619652,0.206418161,0.019975602,0.026528434
62,70,62070,Winter,FG,23,3.135494216,2.49,0.91228271,0,40.04,0.133509324,0.222534262,0.517760337,0.026510896,11.23619652,0.206418161,0.019975602,0.026528434
62,35,62035,Spring,FG,114,4.736198448,2.29,0.828551818,0,15.02,0.133509324,0.222534262,0.517760337,0.026510896,11.23619652,0.206418161,0.019975602,0.026528434
62,12,62012,Winter,FG,12,2.48490665,2.45,0.896088025,0,36.49,0.133509324,0.222534262,0.517760337,0.026510896,11.23619652,0.206418161,0.019975602,0.026528434
62,128,62128,Spring,FG,18,2.890371758,2.39,0.871293366,0,39.71,0.133509324,0.222534262,0.517760337,0.026510896,11.23619652,0.206418161,0.019975602,0.026528434
62,165,62165,Fall,FG,2,0.693147181,2.22,0.797507196,0,30.72,0.133509324,0.222534262,0.517760337,0.026510896,11.23619652,0.206418161,0.019975602,0.026528434
62,86,62086,Spring,FG,32,3.465735903,1.79,0.58221562,0,27.32,0.133509324,0.222534262,0.517760337,0.026510896,11.23619652,0.206418161,0.019975602,0.026528434
62,56,62056,Fall,FG,2,0.693147181,3.08,1.124929597,0,44.45,0.133509324,0.222534262,0.517760337,0.026510896,11.23619652,0.206418161,0.019975602,0.026528434
62,9,62009,Fall,FG,22,3.091042453,2.54,0.932164081,0,38.82,0.133509324,0.222534262,0.517760337,0.026510896,11.23619652,0.206418161,0.019975602,0.026528434
62,85,62085,Spring,FG,47,3.850147602,1.79,0.58221562,0,20.28,0.133509324,0.222534262,0.517760337,0.026510896,11.23619652,0.206418161,0.019975602,0.026528434
62,22,62022,Winter,FG,5,1.609437912,2.45,0.896088025,0,36.49,0.133509324,0.222534262,0.517760337,0.026510896,11.23619652,0.206418161,0.019975602,0.026528434
62,100,62100,Summer,FG,128,4.852030264,1.89,0.636576829,1,27.51,0.133509324,0.222534262,0.517760337,0.026510896,11.23619652,0.206418161,0.019975602,0.026528434
62,116,62116,Winter,FG,22,3.091042453,1.29,0.254642218,0,18.37,0.133509324,0.222534262,0.517760337,0.026510896,11.23619652,0.206418161,0.019975602,0.026528434
62,156,62156,Fall,FG,5,1.609437912,2.22,0.797507196,0,32.21,0.133509324,0.222534262,0.517760337,0.026510896,11.23619652,0.206418161,0.019975602,0.026528434
62,51,62051,Fall,FG,28,3.33220451,2.71,0.996948635,1,36.61,0.133509324,0.222534262,0.517760337,0.026510896,11.23619652,0.206418161,0.019975602,0.026528434
62,33,62033,Spring,FG,10,2.302585093,3.08,1.124929597,0,36.82,0.133509324,0.222534262,0.517760337,0.026510896,11.23619652,0.206418161,0.019975602,0.026528434
