Group Assignment 2/Orange Juice Assignment 2.csv
STORE,Week,STOREWEEK,Season,BRAND,MOVE,logmove,PRICE,logprice,Feat,PROFIT,AGE9,AGE60,EDUC,ETHNIC,INCOME,SINGLE,POVERTY,NOCAR
54,44,54044,Summer,FG,8,2.079441542,2.75,1.011600912,1,33.78,0.147914585,0.090222278,0.421125644,0.046640859,10.91089788,0.299425562,0.021336421,0.020840225
54,154,54154,Fall,FG,17,2.833213344,1.79,0.58221562,0,14.41,0.147914585,0.090222278,0.421125644,0.046640859,10.91089788,0.299425562,0.021336421,0.020840225
54,165,54165,Fall,FG,28,3.33220451,1.79,0.58221562,0,14.07,0.147914585,0.090222278,0.421125644,0.046640859,10.91089788,0.299425562,0.021336421,0.020840225
54,139,54139,Spring,FG,37,3.610917913,1.79,0.58221562,0,5.86,0.147914585,0.090222278,0.421125644,0.046640859,10.91089788,0.299425562,0.021336421,0.020840225
54,3,54003,Fall,FG,18,2.890371758,2.29,0.828551818,1,23.41,0.147914585,0.090222278,0.421125644,0.046640859,10.91089788,0.299425562,0.021336421,0.020840225
54,110,54110,Fall,FG,6,1.791759469,2.26,0.815364813,0,46.9,0.147914585,0.090222278,0.421125644,0.046640859,10.91089788,0.299425562,0.021336421,0.020840225
54,49,54049,Summer,FG,6,1.791759469,2.71,0.996948635,1,33.62,0.147914585,0.090222278,0.421125644,0.046640859,10.91089788,0.299425562,0.021336421,0.020840225
54,91,54091,Summer,FG,4,1.386294361,2.36,0.858661619,0,45.64,0.147914585,0.090222278,0.421125644,0.046640859,10.91089788,0.299425562,0.021336421,0.020840225
54,88,54088,Spring,FG,26,3.258096538,1.69,0.524728529,1,24.08,0.147914585,0.090222278,0.421125644,0.046640859,10.91089788,0.299425562,0.021336421,0.020840225
54,155,54155,Fall,FG,21,3.044522438,1.73,0.548121409,0,13,0.147914585,0.090222278,0.421125644,0.046640859,10.91089788,0.299425562,0.021336421,0.020840225
54,192,54192,Spring,FG,45,3.80666249,1.49,0.39877612,1,25.23,0.147914585,0.090222278,0.421125644,0.046640859,10.91089788,0.299425562,0.021336421,0.020840225
54,39,54039,Summer,FG,19,2.944438979,2.91,1.068153081,0,43.44,0.147914585,0.090222278,0.421125644,0.046640859,10.91089788,0.299425562,0.021336421,0.020840225
54,183,54183,Spring,FG,31,3.433987204,1.79,0.58221562,0,23.29,0.147914585,0.090222278,0.421125644,0.046640859,10.91089788,0.299425562,0.021336421,0.020840225
54,200,54200,Summer,FG,18,2.890371758,2.09,0.737164066,0,47.6,0.147914585,0.090222278,0.421125644,0.046640859,10.91089788,0.299425562,0.021336421,0.020840225
54,122,54122,Winter,FG,9,2.197224577,1.84,0.609765572,1,32.28,0.147914585,0.090222278,0.421125644,0.046640859,10.91089788,0.299425562,0.021336421,0.020840225
54,112,54112,Fall,FG,9,2.197224577,1.99,0.688134639,1,39.69,0.147914585,0.090222278,0.421125644,0.046640859,10.91089788,0.299425562,0.021336421,0.020840225
54,173,54173,Winter,FG,17,2.833213344,1.79,0.58221562,0,13.24,0.147914585,0.090222278,0.421125644,0.046640859,10.91089788,0.299425562,0.021336421,0.020840225
54,9,54009,Fall,FG,18,2.890371758,2.41,0.879626748,0,35.52,0.147914585,0.090222278,0.421125644,0.046640859,10.91089788,0.299425562,0.021336421,0.020840225
54,109,54109,Fall,FG,3,1.098612289,2.26,0.815364813,0,46.85,0.147914585,0.090222278,0.421125644,0.046640859,10.91089788,0.299425562,0.021336421,0.020840225
54,97,54097,Summer,FG,1,0,2.36,0.858661619,0,45.64,0.147914585,0.090222278,0.421125644,0.046640859,10.91089788,0.299425562,0.021336421,0.020840225
54,25,54025,Spring,FG,14,2.63905733,2.91,1.068153081,0,30.72,0.147914585,0.090222278,0.421125644,0.046640859,10.91089788,0.299425562,0.021336421,0.020840225
54,152,54152,Summer,FG,41,3.713572067,1.69,0.524728529,1,8.69,0.147914585,0.090222278,0.421125644,0.046640859,10.91089788,0.299425562,0.021336421,0.020840225
54,148,54148,Summer,FG,36,3.583518938,1.79,0.58221562,0,15.81,0.147914585,0.090222278,0.421125644,0.046640859,10.91089788,0.299425562,0.021336421,0.020840225
54,40,54040,Summer,FG,45,3.80666249,1.85,0.615185639,1,11.03,0.147914585,0.090222278,0.421125644,0.046640859,10.91089788,0.299425562,0.021336421,0.020840225
54,55,54055,Fall,FG,10,2.302585093,2.91,1.068153081,0,41.2,0.147914585,0.090222278,0.421125644,0.046640859,10.91089788,0.299425562,0.021336421,0.020840225
54,131,54131,Spring,FG,33,3.496507561,1.59,0.463734016,1,9.37,0.147914585,0.090222278,0.421125644,0.046640859,10.91089788,0.299425562,0.021336421,0.020840225
54,118,54118,Winter,FG,13,2.564949357,1.99,0.688134639,1,32.66,0.147914585,0.090222278,0.421125644,0.046640859,10.91089788,0.299425562,0.021336421,0.020840225
54,27,54027,Spring,FG,14,2.63905733,2.91,1.068153081,0,35.53,0.147914585,0.090222278,0.421125644,0.046640859,10.91089788,0.299425562,0.021336421,0.020840225
54,2,54002,Fall,FG,9,2.197224577,2.29,0.828551818,0,23.41,0.147914585,0.090222278,0.421125644,0.046640859,10.91089788,0.299425562,0.021336421,0.020840225
54,111,54111,Fall,FG,3,1.098612289,2.17,0.774727168,0,44.7,0.147914585,0.090222278,0.421125644,0.046640859,10.91089788,0.299425562,0.021336421,0.020840225
54,115,54115,Winter,FG,13,2.564949357,1.34,0.292669614,1,19.17,0.147914585,0.090222278,0.421125644,0.046640859,10.91089788,0.299425562,0.021336421,0.020840225
54,113,54113,Fall,FG,6,1.791759469,2.03,0.708035793,0,38.71,0.147914585,0.090222278,0.421125644,0.046640859,10.91089788,0.299425562,0.021336421,0.020840225
54,43,54043,Summer,FG,13,2.564949357,2.91,1.068153081,0,33.13,0.147914585,0.090222278,0.421125644,0.046640859,10.91089788,0.299425562,0.021336421,0.020840225
54,177,54177,Winter,FG,12,2.48490665,1.71,0.536493371,1,20.99,0.147914585,0.090222278,0.421125644,0.046640859,10.91089788,0.299425562,0.021336421,0.020840225
54,80,54080,Spring,FG,31,3.433987204,2.19,0.783901544,1,32.79,0.147914585,0.090222278,0.421125644,0.046640859,10.91089788,0.299425562,0.021336421,0.020840225
54,37,54037,Summer,FG,25,3.218875825,2.59,0.951657876,0,24.86,0.147914585,0.090222278,0.421125644,0.046640859,10.91089788,0.299425562,0.021336421,0.020840225
117,3,117003,Fall,FG,18,2.890371758,2.29,0.828551818,1,23.41,0.139093717,0.110102729,0.249083542,0.049851894,10.76096203,0.262193178,0.018599932,0.018772197
117,107,117107,Fall,FG,6,1.791759469,1.99,0.688134639,1,32.31,0.139093717,0.110102729,0.249083542,0.049851894,10.76096203,0.262193178,0.018599932,0.018772197
117,29,117029,Spring,FG,4,1.386294361,2.91,1.068153081,0,35.53,0.139093717,0.110102729,0.249083542,0.049851894,10.76096203,0.262193178,0.018599932,0.018772197
117,191,117191,Spring,FG,22,3.091042453,1.49,0.39877612,1,27.45,0.139093717,0.110102729,0.249083542,0.049851894,10.76096203,0.262193178,0.018599932,0.018772197
117,197,117197,Summer,FG,16,2.772588722,1.79,0.58221562,0,33.24,0.139093717,0.110102729,0.249083542,0.049851894,10.76096203,0.262193178,0.018599932,0.018772197
117,148,117148,Summer,FG,22,3.091042453,1.79,0.58221562,0,17.15,0.139093717,0.110102729,0.249083542,0.049851894,10.76096203,0.262193178,0.018599932,0.018772197
117,138,117138,Spring,FG,33,3.496507561,1.79,0.58221562,0,5.87,0.139093717,0.110102729,0.249083542,0.049851894,10.76096203,0.262193178,0.018599932,0.018772197
117,80,117080,Spring,FG,10,2.302585093,2.19,0.783901544,1,32.79,0.139093717,0.110102729,0.249083542,0.049851894,10.76096203,0.262193178,0.018599932,0.018772197
117,176,117176,Winter,FG,35,3.555348061,1.71,0.536493371,1,16.43,0.139093717,0.110102729,0.249083542,0.049851894,10.76096203,0.262193178,0.018599932,0.018772197
117,128,117128,Spring,FG,7,1.945910149,1.79,0.58221562,0,19.5,0.139093717,0.110102729,0.249083542,0.049851894,10.76096203,0.262193178,0.018599932,0.018772197
117,50,117050,Fall,FG,5,1.609437912,2.71,0.996948635,1,36.61,0.139093717,0.110102729,0.249083542,0.049851894,10.76096203,0.262193178,0.018599932,0.018772197
117,12,117012,Winter,FG,7,1.945910149,2.29,0.828551818,0,32.05,0.139093717,0.110102729,0.249083542,0.049851894,10.76096203,0.262193178,0.018599932,0.018772197
117,160,117160,Fall,FG,29,3.36729583,1.79,0.58221562,1,25.08,0.139093717,0.110102729,0.249083542,0.049851894,10.76096203,0.262193178,0.018599932,0.018772197
117,41,117041,Summer,FG,1,0,2.91,1.068153081,0,36.98,0.139093717,0.110102729,0.249083542,0.049851894,10.76096203,0.262193178,0.018599932,0.018772197
117,156,117156,Fall,FG,16,2.772588722,1.66,0.506817602,0,9.34,0.139093717,0.110102729,0.249083542,0.049851894,10.76096203,0.262193178,0.018599932,0.018772197
117,116,117116,Winter,FG,66,4.189654742,1.29,0.254642218,0,18.37,0.139093717,0.110102729,0.249083542,0.049851894,10.76096203,0.262193178,0.018599932,0.018772197
117,99,117099,Summer,FG,36,3.583518938,2.36,0.858661619,0,45.64,0.139093717,0.110102729,0.249083542,0.049851894,10.76096203,0.262193178,0.018599932,0.018772197
117,113,117113,Fall,FG,5,1.609437912,2.26,0.815364813,0,46.9,0.139093717,0.110102729,0.249083542,0.049851894,10.76096203,0.262193178,0.018599932,0.018772197
117,201,117201,Summer,FG,3,1.098612289,2.09,0.737164066,0,47.6,0.139093717,0.110102729,0.249083542,0.049851894,10.76096203,0.262193178,0.018599932,0.018772197
117,23,117023,Winter,FG,172,5.147494477,1.89,0.636576829,1,0.63,0.139093717,0.110102729,0.249083542,0.049851894,10.76096203,0.262193178,0.018599932,0.018772197
117,19,117019,Winter,FG,27,3.295836866,2.24,0.806475866,0,30.54,0.139093717,0.110102729,0.249083542,0.049851894,10.76096203,0.262193178,0.018599932,0.018772197
117,81,117081,Spring,FG,2,0.693147181,2.19,0.783901544,1,32.42,0.139093717,0.110102729,0.249083542,0.049851894,10.76096203,0.262193178,0.018599932,0.018772197
117,187,117187,Spring,FG,5,1.609437912,1.79,0.58221562,0,24.58,0.139093717,0.110102729,0.249083542,0.049851894,10.76096203,0.262193178,0.018599932,0.018772197
117,59,117059,Fall,FG,23,3.135494216,1.99,0.688134639,0,10,0.139093717,0.110102729,0.249083542,0.049851894,10.76096203,0.262193178,0.018599932,0.018772197
117,52,117052,Fall,FG,145,4.976733742,1.99,0.688134639,1,15.48,0.139093717,0.110102729,0.249083542,0.049851894,10.76096203,0.262193178,0.018599932,0.018772197
117,40,117040,Summer,FG,26,3.258096538,1.85,0.615185639,1,11.03,0.139093717,0.110102729,0.249083542,0.049851894,10.76096203,0.262193178,0.018599932,0.018772197
117,84,117084,Spring,FG,24,3.17805383,1.79,0.58221562,0,20.28,0.139093717,0.110102729,0.249083542,0.049851894,10.76096203,0.262193178,0.018599932,0.018772197
117,163,117163,Fall,FG,26,3.258096538,1.79,0.58221562,0,14.3,0.139093717,0.110102729,0.249083542,0.049851894,10.76096203,0.262193178,0.018599932,0.018772197
117,186,117186,Spring,FG,15,2.708050201,1.79,0.58221562,1,30.5,0.139093717,0.110102729,0.249083542,0.049851894,10.76096203,0.262193178,0.018599932,0.018772197
117,175,117175,Winter,FG,45,3.80666249,1.71,0.536493371,1,16.43,0.139093717,0.110102729,0.249083542,0.049851894,10.76096203,0.262193178,0.018599932,0.018772197
117,51,117051,Fall,FG,12,2.48490665,2.71,0.996948635,1,36.61,0.139093717,0.110102729,0.249083542,0.049851894,10.76096203,0.262193178,0.018599932,0.018772197
45,139,45139,Spring,FG,18,2.890371758,1.79,0.58221562,0,5.87,0.146718762,0.128857348,0.280150164,0.087233873,10.74537796,0.2516,0.022827393,0.020232372
45,17,45017,Winter,FG,16,2.772588722,2.03,0.708035793,0,19.75,0.146718762,0.128857348,0.280150164,0.087233873,10.74537796,0.2516,0.022827393,0.020232372
45,190,45190,Spring,FG,107,4.672828834,1.49,0.39877612,1,27.58,0.146718762,0.128857348,0.280150164,0.087233873,10.74537796,0.2516,0.022827393,0.020232372
45,58,45058,Fall,FG,29,3.36729583,1.99,0.688134639,1,24.12,0.146718762,0.128857348,0.280150164,0.087233873,10.74537796,0.2516,0.022827393,0.020232372
45,23,45023,Winter,FG,350,5.857933154,1.89,0.636576829,1,0.63,0.146718762,0.128857348,0.280150164,0.087233873,10.74537796,0.2516,0.022827393,0.020232372
45,29,45029,Spring,FG,1,0,2.53,0.928219303,0,25.85,0.146718762,0.128857348,0.280150164,0.087233873,10.74537796,0.2516,0.022827393,0.020232372
45,46,45046,Summer,FG,12,2.48490665,2.37,0.862889955,1,26.03,0.146718762,0.128857348,0.280150164,0.087233873,10.74537796,0.2516,0.022827393,0.020232372
45,7,45007,Fall,FG,20,2.995732274,1.99,0.688134639,0,15.88,0.146718762,0.128857348,0.280150164,0.087233873,10.74537796,0.2516,0.022827393,0.020232372
45,89,45089,Summer,FG,36,3.583518938,1.69,0.524728529,1,24.08,0.146718762,0.128857348,0.280150164,0.087233873,10.74537796,0.2516,0.022827393,0.020232372
45,104,45104,Fall,FG,20,2.995732274,1.99,0.688134639,1,31.16,0.146718762,0.128857348,0.280150164,0.087233873,10.74537796,0.2516,0.022827393,0.020232372
45,72,45072,Winter,FG,14,2.63905733,1.99,0.688134639,0,24.97,0.146718762,0.128857348,0.280150164,0.087233873,10.74537796,0.2516,0.022827393,0.020232372
45,124,45124,Winter,FG,18,2.890371758,1.79,0.58221562,0,11.9,0.146718762,0.128857348,0.280150164,0.087233873,10.74537796,0.2516,0.022827393,0.020232372
45,151,45151,Summer,FG,15,2.708050201,1.79,0.58221562,1,13.97,0.146718762,0.128857348,0.280150164,0.087233873,10.74537796,0.2516,0.022827393,0.020232372
45,62,45062,Fall,FG,7,1.945910149,2.53,0.928219303,1,29.21,0.146718762,0.128857348,0.280150164,0.087233873,10.74537796,0.2516,0.022827393,0.020232372
45,123,45123,Winter,FG,16,2.772588722,2.26,0.815364813,0,44.87,0.146718762,0.128857348,0.280150164,0.087233873,10.74537796,0.2516,0.022827393,0.020232372
45,188,45188,Spring,FG,9,2.197224577,1.79,0.58221562,0,25.31,0.146718762,0.128857348,0.280150164,0.087233873,10.74537796,0.2516,0.022827393,0.020232372
45,84,45084,Spring,FG,32,3.465735903,1.79,0.58221562,0,20.28,0.146718762,0.128857348,0.280150164,0.087233873,10.74537796,0.2516,0.022827393,0.020232372
45,82,45082,Spring,FG,12,2.48490665,2.53,0.928219303,0,41.5,0.146718762,0.128857348,0.280150164,0.087233873,10.74537796,0.2516,0.022827393,0.020232372
45,186,45186,Spring,FG,14,2.63905733,1.79,0.58221562,1,30.5,0.146718762,0.128857348,0.280150164,0.087233873,10.74537796,0.2516,0.022827393,0.020232372
45,30,45030,Spring,FG,2,0.693147181,2.53,0.928219303,0,25.85,0.146718762,0.128857348,0.280150164,0.087233873,10.74537796,0.2516,0.022827393,0.020232372
45,153,45153,Summer,FG,6,1.791759469,1.79,0.58221562,0,13.8,0.146718762,0.128857348,0.280150164,0.087233873,10.74537796,0.2516,0.022827393,0.020232372
45,15,45015,Winter,FG,13,2.564949357,2.03,0.708035793,1,23.35,0.146718762,0.128857348,0.280150164,0.087233873,10.74537796,0.2516,0.022827393,0.020232372
45,189,45189,Spring,FG,22,3.091042453,1.79,0.58221562,1,25.31,0.146718762,0.128857348,0.280150164,0.087233873,10.74537796,0.2516,0.022827393,0.020232372
45,160,45160,Fall,FG,22,3.091042453,1.79,0.58221562,1,25.08,0.146718762,0.128857348,0.280150164,0.087233873,10.74537796,0.2516,0.022827393,0.020232372
45,44,45044,Summer,FG,11,2.397895273,2.37,0.862889955,1,23.16,0.146718762,0.128857348,0.280150164,0.087233873,10.74537796,0.2516,0.022827393,0.020232372
45,166,45166,Fall,FG,25,3.218875825,1.79,0.58221562,0,14.08,0.146718762,0.128857348,0.280150164,0.087233873,10.74537796,0.2516,0.022827393,0.020232372
45,25,45025,Spring,FG,12,2.48490665,2.53,0.928219303,0,20.32,0.146718762,0.128857348,0.280150164,0.087233873,10.74537796,0.2516,0.022827393,0.020232372
45,109,45109,Fall,FG,3,1.098612289,2.26,0.815364813,0,46.81,0.146718762,0.128857348,0.280150164,0.087233873,10.74537796,0.2516,0.022827393,0.020232372
45,148,45148,Summer,FG,7,1.945910149,1.79,0.58221562,0,17.15,0.146718762,0.128857348,0.280150164,0.087233873,10.74537796,0.2516,0.022827393,0.020232372
45,163,45163,Fall,FG,8,2.079441542,1.79,0.58221562,0,14.3,0.146718762,0.128857348,0.280150164,0.087233873,10.74537796,0.2516,0.022827393,0.020232372
45,183,45183,Spring,FG,28,3.33220451,1.79,0.58221562,0,23.3,0.146718762,0.128857348,0.280150164,0.087233873,10.74537796,0.2516,0.022827393,0.020232372
45,4,45004,Fall,FG,7,1.945910149,2.19,0.783901544,0,23.33,0.146718762,0.128857348,0.280150164,0.087233873,10.74537796,0.2516,0.022827393,0.020232372
45,92,45092,Summer,FG,11,2.397895273,1.77,0.570979547,1,27.51,0.146718762,0.128857348,0.280150164,0.087233873,10.74537796,0.2516,0.022827393,0.020232372
45,52,45052,Fall,FG,213,5.361292166,1.99,0.688134639,1,15.48,0.146718762,0.128857348,0.280150164,0.087233873,10.74537796,0.2516,0.022827393,0.020232372
45,95,45095,Summer,FG,2,0.693147181,2.36,0.858661619,0,49.75,0.146718762,0.128857348,0.280150164,0.087233873,10.74537796,0.2516,0.022827393,0.020232372
45,131,45131,Spring,FG,42,3.737669618,1.59,0.463734016,1,9.37,0.146718762,0.128857348,0.280150164,0.087233873,10.74537796,0.2516,0.022827393,0.020232372
