Group Assignment 2/Orange Juice Assignment 2.csv
STORE,Week,STOREWEEK,Season,BRAND,MOVE,logmove,PRICE,logprice,Feat,PROFIT,AGE9,AGE60,EDUC,ETHNIC,INCOME,SINGLE,POVERTY,NOCAR
48,69,48069,Winter,FG,26,3.258096538,1.99,0.688134639,1,24.97,0.12176708,0.097921961,0.303260384,0.099491703,10.75602879,0.334087413,0.018204312,0.021208908
48,188,48188,Spring,FG,15,2.708050201,1.92,0.652325186,0,30.36,0.12176708,0.097921961,0.303260384,0.099491703,10.75602879,0.334087413,0.018204312,0.021208908
48,19,48019,Winter,FG,12,2.48490665,2.24,0.806475866,0,30.54,0.12176708,0.097921961,0.303260384,0.099491703,10.75602879,0.334087413,0.018204312,0.021208908
48,54,48054,Fall,FG,11,2.397895273,2.91,1.068153081,0,41.62,0.12176708,0.097921961,0.303260384,0.099491703,10.75602879,0.334087413,0.018204312,0.021208908
48,143,48143,Summer,FG,26,3.258096538,1.79,0.58221562,0,5.87,0.12176708,0.097921961,0.303260384,0.099491703,10.75602879,0.334087413,0.018204312,0.021208908
48,71,48071,Winter,FG,36,3.583518938,1.99,0.688134639,1,24.97,0.12176708,0.097921961,0.303260384,0.099491703,10.75602879,0.334087413,0.018204312,0.021208908
48,105,48105,Fall,FG,23,3.135494216,1.99,0.688134639,0,31.96,0.12176708,0.097921961,0.303260384,0.099491703,10.75602879,0.334087413,0.018204312,0.021208908
48,163,48163,Fall,FG,19,2.944438979,1.92,0.652325186,0,20.1,0.12176708,0.097921961,0.303260384,0.099491703,10.75602879,0.334087413,0.018204312,0.021208908
48,176,48176,Winter,FG,22,3.091042453,1.84,0.609765572,1,22.34,0.12176708,0.097921961,0.303260384,0.099491703,10.75602879,0.334087413,0.018204312,0.021208908
48,124,48124,Winter,FG,18,2.890371758,1.79,0.58221562,0,11.9,0.12176708,0.097921961,0.303260384,0.099491703,10.75602879,0.334087413,0.018204312,0.021208908
48,151,48151,Summer,FG,26,3.258096538,1.79,0.58221562,1,13.97,0.12176708,0.097921961,0.303260384,0.099491703,10.75602879,0.334087413,0.018204312,0.021208908
48,56,48056,Fall,FG,11,2.397895273,2.91,1.068153081,0,41.2,0.12176708,0.097921961,0.303260384,0.099491703,10.75602879,0.334087413,0.018204312,0.021208908
48,46,48046,Summer,FG,10,2.302585093,2.75,1.011600912,1,36.25,0.12176708,0.097921961,0.303260384,0.099491703,10.75602879,0.334087413,0.018204312,0.021208908
48,138,48138,Spring,FG,32,3.465735903,1.79,0.58221562,0,5.87,0.12176708,0.097921961,0.303260384,0.099491703,10.75602879,0.334087413,0.018204312,0.021208908
48,28,48028,Spring,FG,3,1.098612289,2.91,1.068153081,0,35.53,0.12176708,0.097921961,0.303260384,0.099491703,10.75602879,0.334087413,0.018204312,0.021208908
48,89,48089,Summer,FG,45,3.80666249,1.69,0.524728529,1,24.08,0.12176708,0.097921961,0.303260384,0.099491703,10.75602879,0.334087413,0.018204312,0.021208908
48,161,48161,Fall,FG,30,3.401197382,1.92,0.652325186,0,30.16,0.12176708,0.097921961,0.303260384,0.099491703,10.75602879,0.334087413,0.018204312,0.021208908
48,125,48125,Winter,FG,18,2.890371758,1.79,0.58221562,0,11.45,0.12176708,0.097921961,0.303260384,0.099491703,10.75602879,0.334087413,0.018204312,0.021208908
48,50,48050,Fall,FG,9,2.197224577,2.71,0.996948635,1,36.61,0.12176708,0.097921961,0.303260384,0.099491703,10.75602879,0.334087413,0.018204312,0.021208908
48,5,48005,Fall,FG,8,2.079441542,2.35,0.854415328,0,29.79,0.12176708,0.097921961,0.303260384,0.099491703,10.75602879,0.334087413,0.018204312,0.021208908
48,2,48002,Fall,FG,6,1.791759469,2.29,0.828551818,0,23.41,0.12176708,0.097921961,0.303260384,0.099491703,10.75602879,0.334087413,0.018204312,0.021208908
48,96,48096,Summer,FG,8,2.079441542,2.36,0.858661619,0,49.75,0.12176708,0.097921961,0.303260384,0.099491703,10.75602879,0.334087413,0.018204312,0.021208908
48,85,48085,Spring,FG,31,3.433987204,1.79,0.58221562,0,20.28,0.12176708,0.097921961,0.303260384,0.099491703,10.75602879,0.334087413,0.018204312,0.021208908
48,119,48119,Winter,FG,7,1.945910149,1.99,0.688134639,0,32.66,0.12176708,0.097921961,0.303260384,0.099491703,10.75602879,0.334087413,0.018204312,0.021208908
48,82,48082,Spring,FG,20,2.995732274,2.36,0.858661619,0,37.29,0.12176708,0.097921961,0.303260384,0.099491703,10.75602879,0.334087413,0.018204312,0.021208908
48,26,48026,Spring,FG,9,2.197224577,2.91,1.068153081,0,30.72,0.12176708,0.097921961,0.303260384,0.099491703,10.75602879,0.334087413,0.018204312,0.021208908
48,51,48051,Fall,FG,12,2.48490665,2.71,0.996948635,1,36.61,0.12176708,0.097921961,0.303260384,0.099491703,10.75602879,0.334087413,0.018204312,0.021208908
48,135,48135,Spring,FG,28,3.33220451,1.69,0.524728529,1,11.54,0.12176708,0.097921961,0.303260384,0.099491703,10.75602879,0.334087413,0.018204312,0.021208908
48,45,48045,Summer,FG,8,2.079441542,2.75,1.011600912,1,33.78,0.12176708,0.097921961,0.303260384,0.099491703,10.75602879,0.334087413,0.018204312,0.021208908
48,142,48142,Summer,FG,41,3.713572067,1.79,0.58221562,0,5.87,0.12176708,0.097921961,0.303260384,0.099491703,10.75602879,0.334087413,0.018204312,0.021208908
48,112,48112,Fall,FG,42,3.737669618,1.99,0.688134639,0,39.7,0.12176708,0.097921961,0.303260384,0.099491703,10.75602879,0.334087413,0.018204312,0.021208908
48,6,48006,Fall,FG,8,2.079441542,2.41,0.879626748,0,30.54,0.12176708,0.097921961,0.303260384,0.099491703,10.75602879,0.334087413,0.018204312,0.021208908
48,49,48049,Summer,FG,15,2.708050201,2.71,0.996948635,1,33.62,0.12176708,0.097921961,0.303260384,0.099491703,10.75602879,0.334087413,0.018204312,0.021208908
48,33,48033,Spring,FG,14,2.63905733,2.91,1.068153081,0,33.13,0.12176708,0.097921961,0.303260384,0.099491703,10.75602879,0.334087413,0.018204312,0.021208908
48,66,48066,Winter,FG,41,3.713572067,1.99,0.688134639,0,29.75,0.12176708,0.097921961,0.303260384,0.099491703,10.75602879,0.334087413,0.018204312,0.021208908
48,42,48042,Summer,FG,4,1.386294361,2.91,1.068153081,0,36.91,0.12176708,0.097921961,0.303260384,0.099491703,10.75602879,0.334087413,0.018204312,0.021208908
101,171,101171,Winter,FG,53,3.970291914,1.69,0.524728529,1,20.41,0.116924935,0.225035218,0.174741859,0.087422017,10.65993812,0.255044273,0.038226458,0.061029945
101,6,101006,Fall,FG,29,3.36729583,2.41,0.879626748,0,30.54,0.116924935,0.225035218,0.174741859,0.087422017,10.65993812,0.255044273,0.038226458,0.061029945
101,67,101067,Winter,FG,34,3.526360525,1.99,0.688134639,0,25.08,0.116924935,0.225035218,0.174741859,0.087422017,10.65993812,0.255044273,0.038226458,0.061029945
101,32,101032,Spring,FG,695,6.543911846,1.99,0.688134639,1,2.21,0.116924935,0.225035218,0.174741859,0.087422017,10.65993812,0.255044273,0.038226458,0.061029945
101,20,101020,Winter,FG,58,4.060443011,2.24,0.806475866,1,30.54,0.116924935,0.225035218,0.174741859,0.087422017,10.65993812,0.255044273,0.038226458,0.061029945
101,186,101186,Spring,FG,25,3.218875825,1.79,0.58221562,0,30.83,0.116924935,0.225035218,0.174741859,0.087422017,10.65993812,0.255044273,0.038226458,0.061029945
101,136,101136,Spring,FG,45,3.80666249,1.72,0.542324291,1,2.03,0.116924935,0.225035218,0.174741859,0.087422017,10.65993812,0.255044273,0.038226458,0.061029945
101,61,101061,Fall,FG,12,2.48490665,2.91,1.068153081,0,38.45,0.116924935,0.225035218,0.174741859,0.087422017,10.65993812,0.255044273,0.038226458,0.061029945
101,35,101035,Spring,FG,257,5.549076085,2.29,0.828551818,0,15.02,0.116924935,0.225035218,0.174741859,0.087422017,10.65993812,0.255044273,0.038226458,0.061029945
101,165,101165,Fall,FG,27,3.295836866,1.79,0.58221562,0,14.07,0.116924935,0.225035218,0.174741859,0.087422017,10.65993812,0.255044273,0.038226458,0.061029945
101,108,101108,Fall,FG,3,1.098612289,2.32,0.841567186,0,42.24,0.116924935,0.225035218,0.174741859,0.087422017,10.65993812,0.255044273,0.038226458,0.061029945
101,154,101154,Fall,FG,41,3.713572067,1.79,0.58221562,0,14.91,0.116924935,0.225035218,0.174741859,0.087422017,10.65993812,0.255044273,0.038226458,0.061029945
101,113,101113,Fall,FG,7,1.945910149,2.1,0.741937345,0,41.42,0.116924935,0.225035218,0.174741859,0.087422017,10.65993812,0.255044273,0.038226458,0.061029945
101,103,101103,Fall,FG,8,2.079441542,2.36,0.858661619,0,41.94,0.116924935,0.225035218,0.174741859,0.087422017,10.65993812,0.255044273,0.038226458,0.061029945
101,86,101086,Spring,FG,23,3.135494216,1.79,0.58221562,0,27.32,0.116924935,0.225035218,0.174741859,0.087422017,10.65993812,0.255044273,0.038226458,0.061029945
101,125,101125,Winter,FG,27,3.295836866,1.79,0.58221562,0,11.45,0.116924935,0.225035218,0.174741859,0.087422017,10.65993812,0.255044273,0.038226458,0.061029945
101,112,101112,Fall,FG,24,3.17805383,1.99,0.688134639,1,39.69,0.116924935,0.225035218,0.174741859,0.087422017,10.65993812,0.255044273,0.038226458,0.061029945
101,106,101106,Fall,FG,10,2.302585093,1.99,0.688134639,0,32.31,0.116924935,0.225035218,0.174741859,0.087422017,10.65993812,0.255044273,0.038226458,0.061029945
101,195,101195,Summer,FG,41,3.713572067,1.26,0.231111721,1,5.15,0.116924935,0.225035218,0.174741859,0.087422017,10.65993812,0.255044273,0.038226458,0.061029945
101,50,101050,Fall,FG,16,2.772588722,2.71,0.996948635,1,36.61,0.116924935,0.225035218,0.174741859,0.087422017,10.65993812,0.255044273,0.038226458,0.061029945
101,60,101060,Fall,FG,36,3.583518938,1.99,0.688134639,1,10,0.116924935,0.225035218,0.174741859,0.087422017,10.65993812,0.255044273,0.038226458,0.061029945
101,119,101119,Winter,FG,10,2.302585093,1.99,0.688134639,1,31.2,0.116924935,0.225035218,0.174741859,0.087422017,10.65993812,0.255044273,0.038226458,0.061029945
101,75,101075,Winter,FG,28,3.33220451,1.99,0.688134639,1,24.22,0.116924935,0.225035218,0.174741859,0.087422017,10.65993812,0.255044273,0.038226458,0.061029945
101,100,101100,Summer,FG,253,5.533389489,1.89,0.636576829,0,27.51,0.116924935,0.225035218,0.174741859,0.087422017,10.65993812,0.255044273,0.038226458,0.061029945
101,147,101147,Summer,FG,22,3.091042453,1.79,0.58221562,0,14.35,0.116924935,0.225035218,0.174741859,0.087422017,10.65993812,0.255044273,0.038226458,0.061029945
101,157,101157,Fall,FG,32,3.465735903,1.79,0.58221562,0,20.27,0.116924935,0.225035218,0.174741859,0.087422017,10.65993812,0.255044273,0.038226458,0.061029945
101,128,101128,Spring,FG,18,2.890371758,1.79,0.58221562,0,19.49,0.116924935,0.225035218,0.174741859,0.087422017,10.65993812,0.255044273,0.038226458,0.061029945
101,65,101065,Winter,FG,12,2.48490665,2.79,1.026041596,0,44.87,0.116924935,0.225035218,0.174741859,0.087422017,10.65993812,0.255044273,0.038226458,0.061029945
106,193,106193,Summer,FG,68,4.219507705,1.49,0.39877612,1,20.13,0.187403158,0.109887349,0.157939308,0.19058587,10.50684678,0.241658587,0.059091469,0.058229718
106,64,106064,Winter,FG,5,1.609437912,2.79,1.026041596,0,44.87,0.187403158,0.109887349,0.157939308,0.19058587,10.50684678,0.241658587,0.059091469,0.058229718
106,41,106041,Summer,FG,1,0,2.91,1.068153081,0,36.98,0.187403158,0.109887349,0.157939308,0.19058587,10.50684678,0.241658587,0.059091469,0.058229718
106,140,106140,Spring,FG,35,3.555348061,1.79,0.58221562,0,5.87,0.187403158,0.109887349,0.157939308,0.19058587,10.50684678,0.241658587,0.059091469,0.058229718
106,44,106044,Summer,FG,4,1.386294361,2.75,1.011600912,1,33.78,0.187403158,0.109887349,0.157939308,0.19058587,10.50684678,0.241658587,0.059091469,0.058229718
106,102,106102,Fall,FG,1,0,2.36,0.858661619,0,41.95,0.187403158,0.109887349,0.157939308,0.19058587,10.50684678,0.241658587,0.059091469,0.058229718
106,139,106139,Spring,FG,42,3.737669618,1.79,0.58221562,0,5.87,0.187403158,0.109887349,0.157939308,0.19058587,10.50684678,0.241658587,0.059091469,0.058229718
106,47,106047,Summer,FG,3,1.098612289,2.91,1.068153081,0,38.18,0.187403158,0.109887349,0.157939308,0.19058587,10.50684678,0.241658587,0.059091469,0.058229718
106,115,106115,Winter,FG,6,1.791759469,1.99,0.688134639,1,37.04,0.187403158,0.109887349,0.157939308,0.19058587,10.50684678,0.241658587,0.059091469,0.058229718
106,131,106131,Spring,FG,25,3.218875825,1.59,0.463734016,1,9.37,0.187403158,0.109887349,0.157939308,0.19058587,10.50684678,0.241658587,0.059091469,0.058229718
106,18,106018,Winter,FG,6,1.791759469,2.24,0.806475866,0,27.28,0.187403158,0.109887349,0.157939308,0.19058587,10.50684678,0.241658587,0.059091469,0.058229718
106,43,106043,Summer,FG,12,2.48490665,2.91,1.068153081,0,33.13,0.187403158,0.109887349,0.157939308,0.19058587,10.50684678,0.241658587,0.059091469,0.058229718
106,93,106093,Summer,FG,54,3.988984047,1.29,0.254642218,1,13.49,0.187403158,0.109887349,0.157939308,0.19058587,10.50684678,0.241658587,0.059091469,0.058229718
106,201,106201,Summer,FG,8,2.079441542,2.09,0.737164066,0,47.6,0.187403158,0.109887349,0.157939308,0.19058587,10.50684678,0.241658587,0.059091469,0.058229718
106,15,106015,Winter,FG,9,2.197224577,2.23,0.802001585,1,30.22,0.187403158,0.109887349,0.157939308,0.19058587,10.50684678,0.241658587,0.059091469,0.058229718
106,99,106099,Summer,FG,2,0.693147181,2.36,0.858661619,0,45.64,0.187403158,0.109887349,0.157939308,0.19058587,10.50684678,0.241658587,0.059091469,0.058229718
106,129,106129,Spring,FG,98,4.584967479,1.79,0.58221562,0,19.5,0.187403158,0.109887349,0.157939308,0.19058587,10.50684678,0.241658587,0.059091469,0.058229718
106,40,106040,Summer,FG,29,3.36729583,1.85,0.615185639,1,11.03,0.187403158,0.109887349,0.157939308,0.19058587,10.50684678,0.241658587,0.059091469,0.058229718
106,180,106180,Spring,FG,5,1.609437912,2.26,0.815364813,1,39.78,0.187403158,0.109887349,0.157939308,0.19058587,10.50684678,0.241658587,0.059091469,0.058229718
106,38,106038,Summer,FG,16,2.772588722,2.59,0.951657876,1,24.86,0.187403158,0.109887349,0.157939308,0.19058587,10.50684678,0.241658587,0.059091469,0.058229718
106,94,106094,Summer,FG,2,0.693147181,2.36,0.858661619,0,49.83,0.187403158,0.109887349,0.157939308,0.19058587,10.50684678,0.241658587,0.059091469,0.058229718
106,123,106123,Winter,FG,14,2.63905733,2.26,0.815364813,0,44.87,0.187403158,0.109887349,0.157939308,0.19058587,10.50684678,0.241658587,0.059091469,0.058229718
106,81,106081,Spring,FG,13,2.564949357,2.19,0.783901544,1,32.42,0.187403158,0.109887349,0.157939308,0.19058587,10.50684678,0.241658587,0.059091469,0.058229718
106,183,106183,Spring,FG,24,3.17805383,2.56,0.940007258,0,46.37,0.187403158,0.109887349,0.157939308,0.19058587,10.50684678,0.241658587,0.059091469,0.058229718
106,30,106030,Spring,FG,2,0.693147181,2.91,1.068153081,0,35.53,0.187403158,0.109887349,0.157939308,0.19058587,10.50684678,0.241658587,0.059091469,0.058229718
106,69,106069,Winter,FG,18,2.890371758,1.99,0.688134639,1,24.97,0.187403158,0.109887349,0.157939308,0.19058587,10.50684678,0.241658587,0.059091469,0.058229718
106,153,106153,Summer,FG,24,3.17805383,1.79,0.58221562,0,13.8,0.187403158,0.109887349,0.157939308,0.19058587,10.50684678,0.241658587,0.059091469,0.058229718
