Group Assignment 2/Orange Juice Assignment 2.csv
STORE,Week,STOREWEEK,Season,BRAND,MOVE,logmove,PRICE,logprice,Feat,PROFIT,AGE9,AGE60,EDUC,ETHNIC,INCOME,SINGLE,POVERTY,NOCAR
56,178,56178,Winter,FG,13,2.564949357,1.79,0.58221562,0,24.53,0.131013828,0.192888549,0.237550719,0.041356019,10.83182543,0.228409181,0.027950833,0.031997305
56,40,56040,Summer,FG,21,3.044522438,1.85,0.615185639,1,11.03,0.131013828,0.192888549,0.237550719,0.041356019,10.83182543,0.228409181,0.027950833,0.031997305
56,134,56134,Spring,FG,97,4.574710979,1.29,0.254642218,1,57.29,0.131013828,0.192888549,0.237550719,0.041356019,10.83182543,0.228409181,0.027950833,0.031997305
56,132,56132,Spring,FG,20,2.995732274,1.59,0.463734016,0,9.37,0.131013828,0.192888549,0.237550719,0.041356019,10.83182543,0.228409181,0.027950833,0.031997305
56,188,56188,Spring,FG,18,2.890371758,1.79,0.58221562,0,25.31,0.131013828,0.192888549,0.237550719,0.041356019,10.83182543,0.228409181,0.027950833,0.031997305
56,20,56020,Winter,FG,18,2.890371758,2.24,0.806475866,1,30.54,0.131013828,0.192888549,0.237550719,0.041356019,10.83182543,0.228409181,0.027950833,0.031997305
56,2,56002,Fall,FG,24,3.17805383,2.29,0.828551818,0,23.41,0.131013828,0.192888549,0.237550719,0.041356019,10.83182543,0.228409181,0.027950833,0.031997305
56,30,56030,Spring,FG,4,1.386294361,2.91,1.068153081,0,35.53,0.131013828,0.192888549,0.237550719,0.041356019,10.83182543,0.228409181,0.027950833,0.031997305
56,177,56177,Winter,FG,8,2.079441542,1.71,0.536493371,1,20.99,0.131013828,0.192888549,0.237550719,0.041356019,10.83182543,0.228409181,0.027950833,0.031997305
56,100,56100,Summer,FG,138,4.927253685,1.89,0.636576829,1,27.51,0.131013828,0.192888549,0.237550719,0.041356019,10.83182543,0.228409181,0.027950833,0.031997305
56,27,56027,Spring,FG,11,2.397895273,2.91,1.068153081,0,35.53,0.131013828,0.192888549,0.237550719,0.041356019,10.83182543,0.228409181,0.027950833,0.031997305
56,191,56191,Spring,FG,20,2.995732274,1.49,0.39877612,1,27.45,0.131013828,0.192888549,0.237550719,0.041356019,10.83182543,0.228409181,0.027950833,0.031997305
56,182,56182,Spring,FG,18,2.890371758,1.79,0.58221562,1,23.3,0.131013828,0.192888549,0.237550719,0.041356019,10.83182543,0.228409181,0.027950833,0.031997305
56,115,56115,Winter,FG,8,2.079441542,1.99,0.688134639,1,37.04,0.131013828,0.192888549,0.237550719,0.041356019,10.83182543,0.228409181,0.027950833,0.031997305
56,48,56048,Summer,FG,9,2.197224577,2.71,0.996948635,0,33.62,0.131013828,0.192888549,0.237550719,0.041356019,10.83182543,0.228409181,0.027950833,0.031997305
56,107,56107,Fall,FG,5,1.609437912,1.99,0.688134639,1,32.31,0.131013828,0.192888549,0.237550719,0.041356019,10.83182543,0.228409181,0.027950833,0.031997305
56,143,56143,Summer,FG,46,3.828641396,1.79,0.58221562,0,5.87,0.131013828,0.192888549,0.237550719,0.041356019,10.83182543,0.228409181,0.027950833,0.031997305
56,124,56124,Winter,FG,33,3.496507561,1.79,0.58221562,0,11.9,0.131013828,0.192888549,0.237550719,0.041356019,10.83182543,0.228409181,0.027950833,0.031997305
56,112,56112,Fall,FG,53,3.970291914,1.99,0.688134639,0,39.7,0.131013828,0.192888549,0.237550719,0.041356019,10.83182543,0.228409181,0.027950833,0.031997305
56,56,56056,Fall,FG,10,2.302585093,2.91,1.068153081,0,41.2,0.131013828,0.192888549,0.237550719,0.041356019,10.83182543,0.228409181,0.027950833,0.031997305
56,152,56152,Summer,FG,27,3.295836866,1.69,0.524728529,1,8.7,0.131013828,0.192888549,0.237550719,0.041356019,10.83182543,0.228409181,0.027950833,0.031997305
56,125,56125,Winter,FG,26,3.258096538,1.79,0.58221562,0,11.45,0.131013828,0.192888549,0.237550719,0.041356019,10.83182543,0.228409181,0.027950833,0.031997305
56,129,56129,Spring,FG,38,3.63758616,1.79,0.58221562,0,19.5,0.131013828,0.192888549,0.237550719,0.041356019,10.83182543,0.228409181,0.027950833,0.031997305
56,35,56035,Spring,FG,151,5.017279837,2.29,0.828551818,0,15.02,0.131013828,0.192888549,0.237550719,0.041356019,10.83182543,0.228409181,0.027950833,0.031997305
56,1,56001,Fall,FG,30,3.401197382,2.29,0.828551818,0,23.41,0.131013828,0.192888549,0.237550719,0.041356019,10.83182543,0.228409181,0.027950833,0.031997305
56,4,56004,Fall,FG,11,2.397895273,2.29,0.828551818,0,26.68,0.131013828,0.192888549,0.237550719,0.041356019,10.83182543,0.228409181,0.027950833,0.031997305
56,90,56090,Summer,FG,17,2.833213344,1.69,0.524728529,1,24.08,0.131013828,0.192888549,0.237550719,0.041356019,10.83182543,0.228409181,0.027950833,0.031997305
56,45,56045,Summer,FG,12,2.48490665,2.75,1.011600912,1,33.78,0.131013828,0.192888549,0.237550719,0.041356019,10.83182543,0.228409181,0.027950833,0.031997305
56,91,56091,Summer,FG,4,1.386294361,2.36,0.858661619,0,45.64,0.131013828,0.192888549,0.237550719,0.041356019,10.83182543,0.228409181,0.027950833,0.031997305
56,60,56060,Fall,FG,33,3.496507561,1.99,0.688134639,1,10,0.131013828,0.192888549,0.237550719,0.041356019,10.83182543,0.228409181,0.027950833,0.031997305
56,78,56078,Spring,FG,39,3.663561646,2.19,0.783901544,1,33.84,0.131013828,0.192888549,0.237550719,0.041356019,10.83182543,0.228409181,0.027950833,0.031997305
56,37,56037,Summer,FG,18,2.890371758,2.59,0.951657876,0,24.86,0.131013828,0.192888549,0.237550719,0.041356019,10.83182543,0.228409181,0.027950833,0.031997305
59,191,59191,Spring,FG,14,2.63905733,1.49,0.39877612,1,27.65,0.172145374,0.110818913,0.233036093,0.024246568,10.7150398,0.213364348,0.038323726,0.031318168
59,60,59060,Fall,FG,7,1.945910149,1.99,0.688134639,1,10,0.172145374,0.110818913,0.233036093,0.024246568,10.7150398,0.213364348,0.038323726,0.031318168
59,34,59034,Spring,FG,3,1.098612289,2.53,0.928219303,0,23.08,0.172145374,0.110818913,0.233036093,0.024246568,10.7150398,0.213364348,0.038323726,0.031318168
59,15,59015,Winter,FG,8,2.079441542,1.99,0.688134639,1,21.81,0.172145374,0.110818913,0.233036093,0.024246568,10.7150398,0.213364348,0.038323726,0.031318168
59,65,59065,Winter,FG,8,2.079441542,2.53,0.928219303,0,39.21,0.172145374,0.110818913,0.233036093,0.024246568,10.7150398,0.213364348,0.038323726,0.031318168
59,11,59011,Winter,FG,9,2.197224577,1.99,0.688134639,0,21.81,0.172145374,0.110818913,0.233036093,0.024246568,10.7150398,0.213364348,0.038323726,0.031318168
59,195,59195,Summer,FG,20,2.995732274,1.61,0.476234179,1,25.77,0.172145374,0.110818913,0.233036093,0.024246568,10.7150398,0.213364348,0.038323726,0.031318168
59,61,59061,Fall,FG,3,1.098612289,2.53,0.928219303,0,29.21,0.172145374,0.110818913,0.233036093,0.024246568,10.7150398,0.213364348,0.038323726,0.031318168
59,36,59036,Spring,FG,17,2.833213344,2.53,0.928219303,0,23.08,0.172145374,0.110818913,0.233036093,0.024246568,10.7150398,0.213364348,0.038323726,0.031318168
59,148,59148,Summer,FG,21,3.044522438,1.79,0.58221562,0,16.81,0.172145374,0.110818913,0.233036093,0.024246568,10.7150398,0.213364348,0.038323726,0.031318168
59,66,59066,Winter,FG,15,2.708050201,1.89,0.636576829,0,26.03,0.172145374,0.110818913,0.233036093,0.024246568,10.7150398,0.213364348,0.038323726,0.031318168
59,87,59087,Spring,FG,18,2.890371758,1.89,0.636576829,0,31.75,0.172145374,0.110818913,0.233036093,0.024246568,10.7150398,0.213364348,0.038323726,0.031318168
59,175,59175,Winter,FG,26,3.258096538,1.71,0.536493371,1,16.43,0.172145374,0.110818913,0.233036093,0.024246568,10.7150398,0.213364348,0.038323726,0.031318168
59,83,59083,Spring,FG,40,3.688879454,1.79,0.58221562,1,20.28,0.172145374,0.110818913,0.233036093,0.024246568,10.7150398,0.213364348,0.038323726,0.031318168
59,76,59076,Spring,FG,16,2.772588722,1.89,0.636576829,0,20.21,0.172145374,0.110818913,0.233036093,0.024246568,10.7150398,0.213364348,0.038323726,0.031318168
59,40,59040,Summer,FG,8,2.079441542,1.85,0.615185639,1,11.03,0.172145374,0.110818913,0.233036093,0.024246568,10.7150398,0.213364348,0.038323726,0.031318168
59,64,59064,Winter,FG,5,1.609437912,2.53,0.928219303,0,39.21,0.172145374,0.110818913,0.233036093,0.024246568,10.7150398,0.213364348,0.038323726,0.031318168
59,138,59138,Spring,FG,13,2.564949357,1.79,0.58221562,0,5.86,0.172145374,0.110818913,0.233036093,0.024246568,10.7150398,0.213364348,0.038323726,0.031318168
59,133,59133,Spring,FG,162,5.087596335,1.29,0.254642218,1,57.28,0.172145374,0.110818913,0.233036093,0.024246568,10.7150398,0.213364348,0.038323726,0.031318168
59,200,59200,Summer,FG,3,1.098612289,1.99,0.688134639,0,44.97,0.172145374,0.110818913,0.233036093,0.024246568,10.7150398,0.213364348,0.038323726,0.031318168
59,139,59139,Spring,FG,11,2.397895273,1.79,0.58221562,0,5.86,0.172145374,0.110818913,0.233036093,0.024246568,10.7150398,0.213364348,0.038323726,0.031318168
59,110,59110,Fall,FG,8,2.079441542,1.89,0.636576829,0,36.5,0.172145374,0.110818913,0.233036093,0.024246568,10.7150398,0.213364348,0.038323726,0.031318168
59,124,59124,Winter,FG,26,3.258096538,1.79,0.58221562,0,11.78,0.172145374,0.110818913,0.233036093,0.024246568,10.7150398,0.213364348,0.038323726,0.031318168
59,130,59130,Spring,FG,35,3.555348061,1.65,0.500775288,1,12.66,0.172145374,0.110818913,0.233036093,0.024246568,10.7150398,0.213364348,0.038323726,0.031318168
59,189,59189,Spring,FG,10,2.302585093,1.79,0.58221562,0,32.96,0.172145374,0.110818913,0.233036093,0.024246568,10.7150398,0.213364348,0.038323726,0.031318168
59,158,59158,Fall,FG,139,4.934473933,1.59,0.463734016,1,15.4,0.172145374,0.110818913,0.233036093,0.024246568,10.7150398,0.213364348,0.038323726,0.031318168
59,16,59016,Winter,FG,8,2.079441542,1.99,0.688134639,1,21.81,0.172145374,0.110818913,0.233036093,0.024246568,10.7150398,0.213364348,0.038323726,0.031318168
59,59,59059,Fall,FG,2,0.693147181,1.99,0.688134639,0,10,0.172145374,0.110818913,0.233036093,0.024246568,10.7150398,0.213364348,0.038323726,0.031318168
59,91,59091,Summer,FG,7,1.945910149,1.89,0.636576829,0,32.12,0.172145374,0.110818913,0.233036093,0.024246568,10.7150398,0.213364348,0.038323726,0.031318168
59,12,59012,Winter,FG,11,2.397895273,1.99,0.688134639,0,21.81,0.172145374,0.110818913,0.233036093,0.024246568,10.7150398,0.213364348,0.038323726,0.031318168
59,193,59193,Summer,FG,64,4.158883083,1.49,0.39877612,1,20.33,0.172145374,0.110818913,0.233036093,0.024246568,10.7150398,0.213364348,0.038323726,0.031318168
59,117,59117,Winter,FG,16,2.772588722,1.6,0.470003629,1,34.18,0.172145374,0.110818913,0.233036093,0.024246568,10.7150398,0.213364348,0.038323726,0.031318168
59,151,59151,Summer,FG,28,3.33220451,1.76,0.565313809,0,12.44,0.172145374,0.110818913,0.233036093,0.024246568,10.7150398,0.213364348,0.038323726,0.031318168
112,179,112179,Winter,FG,24,3.17805383,1.76,0.565313809,0,22.67,0.16361186,0.08972372,0.329898517,0.069710243,10.88265918,0.250960531,0.019981998,0.013948884
112,30,112030,Spring,FG,10,2.302585093,2.53,0.928219303,0,25.85,0.16361186,0.08972372,0.329898517,0.069710243,10.88265918,0.250960531,0.019981998,0.013948884
112,9,112009,Fall,FG,80,4.382026635,2.09,0.737164066,0,25.65,0.16361186,0.08972372,0.329898517,0.069710243,10.88265918,0.250960531,0.019981998,0.013948884
112,16,112016,Winter,FG,17,2.833213344,2.03,0.708035793,1,23.35,0.16361186,0.08972372,0.329898517,0.069710243,10.88265918,0.250960531,0.019981998,0.013948884
112,62,112062,Fall,FG,19,2.944438979,2.53,0.928219303,1,29.21,0.16361186,0.08972372,0.329898517,0.069710243,10.88265918,0.250960531,0.019981998,0.013948884
112,60,112060,Fall,FG,45,3.80666249,1.99,0.688134639,1,10,0.16361186,0.08972372,0.329898517,0.069710243,10.88265918,0.250960531,0.019981998,0.013948884
112,148,112148,Summer,FG,37,3.610917913,1.79,0.58221562,0,16.75,0.16361186,0.08972372,0.329898517,0.069710243,10.88265918,0.250960531,0.019981998,0.013948884
112,164,112164,Fall,FG,57,4.043051268,1.79,0.58221562,0,14.07,0.16361186,0.08972372,0.329898517,0.069710243,10.88265918,0.250960531,0.019981998,0.013948884
112,11,112011,Winter,FG,19,2.944438979,2.09,0.737164066,0,25.55,0.16361186,0.08972372,0.329898517,0.069710243,10.88265918,0.250960531,0.019981998,0.013948884
112,177,112177,Winter,FG,25,3.218875825,1.73,0.548121409,1,21.9,0.16361186,0.08972372,0.329898517,0.069710243,10.88265918,0.250960531,0.019981998,0.013948884
112,189,112189,Spring,FG,18,2.890371758,1.79,0.58221562,0,32.56,0.16361186,0.08972372,0.329898517,0.069710243,10.88265918,0.250960531,0.019981998,0.013948884
112,45,112045,Summer,FG,44,3.784189634,2.37,0.862889955,1,23.16,0.16361186,0.08972372,0.329898517,0.069710243,10.88265918,0.250960531,0.019981998,0.013948884
112,44,112044,Summer,FG,24,3.17805383,2.37,0.862889955,1,23.16,0.16361186,0.08972372,0.329898517,0.069710243,10.88265918,0.250960531,0.019981998,0.013948884
112,169,112169,Winter,FG,33,3.496507561,1.79,0.58221562,0,19.55,0.16361186,0.08972372,0.329898517,0.069710243,10.88265918,0.250960531,0.019981998,0.013948884
112,184,112184,Spring,FG,36,3.583518938,1.79,0.58221562,0,23.24,0.16361186,0.08972372,0.329898517,0.069710243,10.88265918,0.250960531,0.019981998,0.013948884
112,2,112002,Fall,FG,6,1.791759469,2.19,0.783901544,0,19.91,0.16361186,0.08972372,0.329898517,0.069710243,10.88265918,0.250960531,0.019981998,0.013948884
112,55,112055,Fall,FG,26,3.258096538,2.53,0.928219303,0,32.37,0.16361186,0.08972372,0.329898517,0.069710243,10.88265918,0.250960531,0.019981998,0.013948884
112,75,112075,Winter,FG,22,3.091042453,1.99,0.688134639,1,24.22,0.16361186,0.08972372,0.329898517,0.069710243,10.88265918,0.250960531,0.019981998,0.013948884
112,182,112182,Spring,FG,141,4.94875989,1.79,0.58221562,0,23.29,0.16361186,0.08972372,0.329898517,0.069710243,10.88265918,0.250960531,0.019981998,0.013948884
112,70,112070,Winter,FG,30,3.401197382,2.53,0.928219303,0,40.99,0.16361186,0.08972372,0.329898517,0.069710243,10.88265918,0.250960531,0.019981998,0.013948884
112,12,112012,Winter,FG,24,3.17805383,2.09,0.737164066,0,25.55,0.16361186,0.08972372,0.329898517,0.069710243,10.88265918,0.250960531,0.019981998,0.013948884
112,8,112008,Fall,FG,99,4.59511985,1.99,0.688134639,0,29.65,0.16361186,0.08972372,0.329898517,0.069710243,10.88265918,0.250960531,0.019981998,0.013948884
112,171,112171,Winter,FG,64,4.158883083,1.69,0.524728529,1,20.41,0.16361186,0.08972372,0.329898517,0.069710243,10.88265918,0.250960531,0.019981998,0.013948884
112,81,112081,Spring,FG,15,2.708050201,2.19,0.783901544,1,32.42,0.16361186,0.08972372,0.329898517,0.069710243,10.88265918,0.250960531,0.019981998,0.013948884
112,191,112191,Spring,FG,40,3.688879454,1.49,0.39877612,1,27.65,0.16361186,0.08972372,0.329898517,0.069710243,10.88265918,0.250960531,0.019981998,0.013948884
112,22,112022,Winter,FG,22,3.091042453,2.09,0.737164066,0,25.55,0.16361186,0.08972372,0.329898517,0.069710243,10.88265918,0.250960531,0.019981998,0.013948884
112,175,112175,Winter,FG,33,3.496507561,1.71,0.536493371,1,16.43,0.16361186,0.08972372,0.329898517,0.069710243,10.88265918,0.250960531,0.019981998,0.013948884
112,193,112193,Summer,FG,120,4.787491743,1.49,0.39877612,1,20.26,0.16361186,0.08972372,0.329898517,0.069710243,10.88265918,0.250960531,0.019981998,0.013948884
112,94,112094,Summer,FG,33,3.496507561,1.36,0.3074847,0,12.79,0.16361186,0.08972372,0.329898517,0.069710243,10.88265918,0.250960531,0.019981998,0.013948884
112,159,112159,Fall,FG,30,3.401197382,1.65,0.500775288,1,18.72,0.16361186,0.08972372,0.329898517,0.069710243,10.88265918,0.250960531,0.019981998,0.013948884
112,112,112112,Fall,FG,13,2.564949357,1.99,0.688134639,0,39.69,0.16361186,0.08972372,0.329898517,0.069710243,10.88265918,0.250960531,0.019981998,0.013948884
112,144,112144,Summer,FG,66,4.189654742,1.79,0.58221562,0,5.86,0.16361186,0.08972372,0.329898517,0.069710243,10.88265918,0.250960531,0.019981998,0.013948884
112,157,112157,Fall,FG,35,3.555348061,1.79,0.58221562,0,21.5,0.16361186,0.08972372,0.329898517,0.069710243,10.88265918,0.250960531,0.019981998,0.013948884
112,178,112178,Winter,FG,28,3.33220451,1.79,0.58221562,0,24.52,0.16361186,0.08972372,0.329898517,0.069710243,10.88265918,0.250960531,0.019981998,0.013948884
112,151,112151,Summer,FG,38,3.63758616,1.76,0.565313809,0,12.44,0.16361186,0.08972372,0.329898517,0.069710243,10.88265918,0.250960531,0.019981998,0.013948884
112,59,112059,Fall,FG,57,4.043051268,1.99,0.688134639,0,10,0.16361186,0.08972372,0.329898517,0.069710243,10.88265918,0.250960531,0.019981998,0.013948884
112,21,112021,Winter,FG,43,3.761200116,2.09,0.737164066,0,25.55,0.16361186,0.08972372,0.329898517,0.069710243,10.88265918,0.250960531,0.019981998,0.013948884
