Group Assignment 2/Orange Juice Assignment 2.csv
STORE,Week,STOREWEEK,Season,BRAND,MOVE,logmove,PRICE,logprice,Feat,PROFIT,AGE9,AGE60,EDUC,ETHNIC,INCOME,SINGLE,POVERTY,NOCAR
71,186,71186,Spring,FG,26,3.258096538,1.79,0.58221562,1,32.45,0.111723683,0.26807087,0.159588077,0.074828009,10.40483843,0.26706132,0.073374341,0.15343218
71,103,71103,Fall,FG,73,4.290459441,2.49,0.91228271,0,44.98,0.111723683,0.26807087,0.159588077,0.074828009,10.40483843,0.26706132,0.073374341,0.15343218
71,119,71119,Winter,FG,9,2.197224577,1.99,0.688134639,1,31.85,0.111723683,0.26807087,0.159588077,0.074828009,10.40483843,0.26706132,0.073374341,0.15343218
71,9,71009,Fall,FG,5,1.609437912,2.54,0.932164081,0,38.82,0.111723683,0.26807087,0.159588077,0.074828009,10.40483843,0.26706132,0.073374341,0.15343218
71,94,71094,Summer,FG,4,1.386294361,2.49,0.91228271,0,52.45,0.111723683,0.26807087,0.159588077,0.074828009,10.40483843,0.26706132,0.073374341,0.15343218
71,61,71061,Fall,FG,8,2.079441542,3.08,1.124929597,0,41.85,0.111723683,0.26807087,0.159588077,0.074828009,10.40483843,0.26706132,0.073374341,0.15343218
71,6,71006,Fall,FG,7,1.945910149,2.54,0.932164081,0,34.09,0.111723683,0.26807087,0.159588077,0.074828009,10.40483843,0.26706132,0.073374341,0.15343218
71,191,71191,Spring,FG,71,4.262679877,1.49,0.39877612,1,27.65,0.111723683,0.26807087,0.159588077,0.074828009,10.40483843,0.26706132,0.073374341,0.15343218
71,59,71059,Fall,FG,88,4.477336814,1.99,0.688134639,0,10,0.111723683,0.26807087,0.159588077,0.074828009,10.40483843,0.26706132,0.073374341,0.15343218
71,195,71195,Summer,FG,13,2.564949357,1.76,0.565313809,1,32.1,0.111723683,0.26807087,0.159588077,0.074828009,10.40483843,0.26706132,0.073374341,0.15343218
71,139,71139,Spring,FG,6,1.791759469,2.39,0.871293366,0,29.49,0.111723683,0.26807087,0.159588077,0.074828009,10.40483843,0.26706132,0.073374341,0.15343218
71,187,71187,Spring,FG,3,1.098612289,2.39,0.871293366,0,41.79,0.111723683,0.26807087,0.159588077,0.074828009,10.40483843,0.26706132,0.073374341,0.15343218
71,170,71170,Winter,FG,11,2.397895273,2.39,0.871293366,0,43.47,0.111723683,0.26807087,0.159588077,0.074828009,10.40483843,0.26706132,0.073374341,0.15343218
71,150,71150,Summer,FG,29,3.36729583,2.09,0.737164066,1,26.45,0.111723683,0.26807087,0.159588077,0.074828009,10.40483843,0.26706132,0.073374341,0.15343218
71,48,71048,Summer,FG,17,2.833213344,2.71,0.996948635,0,33.62,0.111723683,0.26807087,0.159588077,0.074828009,10.40483843,0.26706132,0.073374341,0.15343218
71,34,71034,Spring,FG,4,1.386294361,3.08,1.124929597,0,36.82,0.111723683,0.26807087,0.159588077,0.074828009,10.40483843,0.26706132,0.073374341,0.15343218
71,137,71137,Spring,FG,8,2.079441542,2.39,0.871293366,0,29.49,0.111723683,0.26807087,0.159588077,0.074828009,10.40483843,0.26706132,0.073374341,0.15343218
71,2,71002,Fall,FG,19,2.944438979,2.29,0.828551818,0,23.41,0.111723683,0.26807087,0.159588077,0.074828009,10.40483843,0.26706132,0.073374341,0.15343218
71,110,71110,Fall,FG,13,2.564949357,2.39,0.871293366,0,49.79,0.111723683,0.26807087,0.159588077,0.074828009,10.40483843,0.26706132,0.073374341,0.15343218
71,4,71004,Fall,FG,14,2.63905733,2.29,0.828551818,0,26.68,0.111723683,0.26807087,0.159588077,0.074828009,10.40483843,0.26706132,0.073374341,0.15343218
71,51,71051,Fall,FG,21,3.044522438,2.71,0.996948635,1,36.61,0.111723683,0.26807087,0.159588077,0.074828009,10.40483843,0.26706132,0.073374341,0.15343218
71,29,71029,Spring,FG,4,1.386294361,3.08,1.124929597,0,39.09,0.111723683,0.26807087,0.159588077,0.074828009,10.40483843,0.26706132,0.073374341,0.15343218
71,160,71160,Fall,FG,6,1.791759469,2.39,0.871293366,1,43.89,0.111723683,0.26807087,0.159588077,0.074828009,10.40483843,0.26706132,0.073374341,0.15343218
71,49,71049,Summer,FG,12,2.48490665,2.71,0.996948635,1,33.62,0.111723683,0.26807087,0.159588077,0.074828009,10.40483843,0.26706132,0.073374341,0.15343218
71,37,71037,Summer,FG,18,2.890371758,2.59,0.951657876,0,24.86,0.111723683,0.26807087,0.159588077,0.074828009,10.40483843,0.26706132,0.073374341,0.15343218
71,69,71069,Winter,FG,15,2.708050201,1.99,0.688134639,1,24.97,0.111723683,0.26807087,0.159588077,0.074828009,10.40483843,0.26706132,0.073374341,0.15343218
71,81,71081,Spring,FG,15,2.708050201,2.19,0.783901544,1,32.42,0.111723683,0.26807087,0.159588077,0.074828009,10.40483843,0.26706132,0.073374341,0.15343218
71,73,71073,Winter,FG,160,5.075173815,1.99,0.688134639,1,24.97,0.111723683,0.26807087,0.159588077,0.074828009,10.40483843,0.26706132,0.073374341,0.15343218
71,16,71016,Winter,FG,16,2.772588722,2.32,0.841567186,1,32.93,0.111723683,0.26807087,0.159588077,0.074828009,10.40483843,0.26706132,0.073374341,0.15343218
71,154,71154,Fall,FG,5,1.609437912,2.39,0.871293366,0,36.4,0.111723683,0.26807087,0.159588077,0.074828009,10.40483843,0.26706132,0.073374341,0.15343218
68,66,68066,Winter,FG,102,4.624972813,1.99,0.688134639,0,29.75,0.130970406,0.181417756,0.159721511,0.220991053,10.1883657,0.34005229,0.098212706,0.305255707
68,83,68083,Spring,FG,25,3.218875825,1.79,0.58221562,1,20.28,0.130970406,0.181417756,0.159721511,0.220991053,10.1883657,0.34005229,0.098212706,0.305255707
68,191,68191,Spring,FG,61,4.110873864,1.49,0.39877612,1,27.45,0.130970406,0.181417756,0.159721511,0.220991053,10.1883657,0.34005229,0.098212706,0.305255707
68,24,68024,Spring,FG,15,2.708050201,2.89,1.061256502,0,35.05,0.130970406,0.181417756,0.159721511,0.220991053,10.1883657,0.34005229,0.098212706,0.305255707
68,139,68139,Spring,FG,20,2.995732274,2.39,0.871293366,0,29.5,0.130970406,0.181417756,0.159721511,0.220991053,10.1883657,0.34005229,0.098212706,0.305255707
68,9,68009,Fall,FG,46,3.828641396,2.54,0.932164081,0,38.82,0.130970406,0.181417756,0.159721511,0.220991053,10.1883657,0.34005229,0.098212706,0.305255707
68,31,68031,Spring,FG,10,2.302585093,3.08,1.124929597,0,33.73,0.130970406,0.181417756,0.159721511,0.220991053,10.1883657,0.34005229,0.098212706,0.305255707
68,107,68107,Fall,FG,23,3.135494216,1.99,0.688134639,1,32.31,0.130970406,0.181417756,0.159721511,0.220991053,10.1883657,0.34005229,0.098212706,0.305255707
68,114,68114,Fall,FG,89,4.48863637,1.99,0.688134639,1,37.04,0.130970406,0.181417756,0.159721511,0.220991053,10.1883657,0.34005229,0.098212706,0.305255707
68,3,68003,Fall,FG,59,4.077537444,2.29,0.828551818,1,23.41,0.130970406,0.181417756,0.159721511,0.220991053,10.1883657,0.34005229,0.098212706,0.305255707
68,119,68119,Winter,FG,33,3.496507561,1.99,0.688134639,0,32.66,0.130970406,0.181417756,0.159721511,0.220991053,10.1883657,0.34005229,0.098212706,0.305255707
68,94,68094,Summer,FG,79,4.369447852,2.49,0.91228271,0,52.45,0.130970406,0.181417756,0.159721511,0.220991053,10.1883657,0.34005229,0.098212706,0.305255707
68,152,68152,Summer,FG,16,2.772588722,2.29,0.828551818,1,32.62,0.130970406,0.181417756,0.159721511,0.220991053,10.1883657,0.34005229,0.098212706,0.305255707
68,117,68117,Winter,FG,29,3.36729583,1.59,0.463734016,1,33.77,0.130970406,0.181417756,0.159721511,0.220991053,10.1883657,0.34005229,0.098212706,0.305255707
68,29,68029,Spring,FG,56,4.025351691,3.08,1.124929597,0,39.09,0.130970406,0.181417756,0.159721511,0.220991053,10.1883657,0.34005229,0.098212706,0.305255707
68,166,68166,Fall,FG,12,2.48490665,2.22,0.797507196,0,30.72,0.130970406,0.181417756,0.159721511,0.220991053,10.1883657,0.34005229,0.098212706,0.305255707
68,35,68035,Spring,FG,230,5.438079309,2.29,0.828551818,0,15.02,0.130970406,0.181417756,0.159721511,0.220991053,10.1883657,0.34005229,0.098212706,0.305255707
68,186,68186,Spring,FG,7,1.945910149,1.79,0.58221562,1,30.5,0.130970406,0.181417756,0.159721511,0.220991053,10.1883657,0.34005229,0.098212706,0.305255707
68,4,68004,Fall,FG,79,4.369447852,2.29,0.828551818,0,26.68,0.130970406,0.181417756,0.159721511,0.220991053,10.1883657,0.34005229,0.098212706,0.305255707
68,70,68070,Winter,FG,33,3.496507561,2.49,0.91228271,0,40.04,0.130970406,0.181417756,0.159721511,0.220991053,10.1883657,0.34005229,0.098212706,0.305255707
68,187,68187,Spring,FG,13,2.564949357,2.22,0.797507196,0,39.19,0.130970406,0.181417756,0.159721511,0.220991053,10.1883657,0.34005229,0.098212706,0.305255707
68,163,68163,Fall,FG,10,2.302585093,2.22,0.797507196,0,30.9,0.130970406,0.181417756,0.159721511,0.220991053,10.1883657,0.34005229,0.098212706,0.305255707
68,95,68095,Summer,FG,7,1.945910149,2.49,0.91228271,0,52.37,0.130970406,0.181417756,0.159721511,0.220991053,10.1883657,0.34005229,0.098212706,0.305255707
14,32,14032,Spring,FG,231,5.442417711,1.99,0.688134639,1,2.21,0.129589372,0.213949275,0.348293024,0.034178744,11.04392933,0.223351772,0.019350496,0.026585899
14,132,14132,Spring,FG,16,2.772588722,1.59,0.463734016,0,9.37,0.129589372,0.213949275,0.348293024,0.034178744,11.04392933,0.223351772,0.019350496,0.026585899
14,145,14145,Summer,FG,6,1.791759469,2.22,0.797507196,0,24.1,0.129589372,0.213949275,0.348293024,0.034178744,11.04392933,0.223351772,0.019350496,0.026585899
14,11,14011,Winter,FG,8,2.079441542,2.45,0.896088025,0,36.49,0.129589372,0.213949275,0.348293024,0.034178744,11.04392933,0.223351772,0.019350496,0.026585899
14,186,14186,Spring,FG,22,3.091042453,1.79,0.58221562,1,30.5,0.129589372,0.213949275,0.348293024,0.034178744,11.04392933,0.223351772,0.019350496,0.026585899
14,127,14127,Winter,FG,718,6.576469569,0.99,-0.010050336,1,45.86,0.129589372,0.213949275,0.348293024,0.034178744,11.04392933,0.223351772,0.019350496,0.026585899
14,168,14168,Winter,FG,5,1.609437912,2.56,0.940007258,0,34.45,0.129589372,0.213949275,0.348293024,0.034178744,11.04392933,0.223351772,0.019350496,0.026585899
14,111,14111,Fall,FG,9,2.197224577,2.39,0.871293366,0,49.79,0.129589372,0.213949275,0.348293024,0.034178744,11.04392933,0.223351772,0.019350496,0.026585899
14,154,14154,Fall,FG,7,1.945910149,2.39,0.871293366,1,35.4,0.129589372,0.213949275,0.348293024,0.034178744,11.04392933,0.223351772,0.019350496,0.026585899
14,4,14004,Fall,FG,29,3.36729583,2.29,0.828551818,0,26.68,0.129589372,0.213949275,0.348293024,0.034178744,11.04392933,0.223351772,0.019350496,0.026585899
14,63,14063,Winter,FG,9,2.197224577,2.79,1.026041596,1,35.81,0.129589372,0.213949275,0.348293024,0.034178744,11.04392933,0.223351772,0.019350496,0.026585899
14,113,14113,Fall,FG,3,1.098612289,2.39,0.871293366,0,49.79,0.129589372,0.213949275,0.348293024,0.034178744,11.04392933,0.223351772,0.019350496,0.026585899
14,58,14058,Fall,FG,38,3.63758616,1.99,0.688134639,1,24.12,0.129589372,0.213949275,0.348293024,0.034178744,11.04392933,0.223351772,0.019350496,0.026585899
14,50,14050,Fall,FG,6,1.791759469,2.71,0.996948635,1,36.61,0.129589372,0.213949275,0.348293024,0.034178744,11.04392933,0.223351772,0.019350496,0.026585899
14,43,14043,Summer,FG,5,1.609437912,3.08,1.124929597,0,36.82,0.129589372,0.213949275,0.348293024,0.034178744,11.04392933,0.223351772,0.019350496,0.026585899
14,41,14041,Summer,FG,3,1.098612289,3.08,1.124929597,0,40.45,0.129589372,0.213949275,0.348293024,0.034178744,11.04392933,0.223351772,0.019350496,0.026585899
14,71,14071,Winter,FG,29,3.36729583,1.99,0.688134639,1,24.97,0.129589372,0.213949275,0.348293024,0.034178744,11.04392933,0.223351772,0.019350496,0.026585899
14,18,14018,Winter,FG,12,2.48490665,2.31,0.837247525,0,29.48,0.129589372,0.213949275,0.348293024,0.034178744,11.04392933,0.223351772,0.019350496,0.026585899
14,53,14053,Fall,FG,16,2.772588722,1.99,0.688134639,1,14.62,0.129589372,0.213949275,0.348293024,0.034178744,11.04392933,0.223351772,0.019350496,0.026585899
14,66,14066,Winter,FG,23,3.135494216,1.99,0.688134639,0,29.75,0.129589372,0.213949275,0.348293024,0.034178744,11.04392933,0.223351772,0.019350496,0.026585899
14,25,14025,Spring,FG,2,0.693147181,3.08,1.124929597,0,34.55,0.129589372,0.213949275,0.348293024,0.034178744,11.04392933,0.223351772,0.019350496,0.026585899
14,33,14033,Spring,FG,9,2.197224577,3.08,1.124929597,0,36.82,0.129589372,0.213949275,0.348293024,0.034178744,11.04392933,0.223351772,0.019350496,0.026585899
14,126,14126,Winter,FG,6,1.791759469,2.39,0.871293366,0,33.68,0.129589372,0.213949275,0.348293024,0.034178744,11.04392933,0.223351772,0.019350496,0.026585899
14,174,14174,Winter,FG,9,2.197224577,2.56,0.940007258,0,39.34,0.129589372,0.213949275,0.348293024,0.034178744,11.04392933,0.223351772,0.019350496,0.026585899
14,172,14172,Winter,FG,17,2.833213344,1.69,0.524728529,1,20.41,0.129589372,0.213949275,0.348293024,0.034178744,11.04392933,0.223351772,0.019350496,0.026585899
14,55,14055,Fall,FG,4,1.386294361,3.08,1.124929597,0,44.45,0.129589372,0.213949275,0.348293024,0.034178744,11.04392933,0.223351772,0.019350496,0.026585899
14,96,14096,Summer,FG,5,1.609437912,2.49,0.91228271,0,52.37,0.129589372,0.213949275,0.348293024,0.034178744,11.04392933,0.223351772,0.019350496,0.026585899
14,117,14117,Winter,FG,60,4.094344562,1.59,0.463734016,1,33.77,0.129589372,0.213949275,0.348293024,0.034178744,11.04392933,0.223351772,0.019350496,0.026585899
14,181,14181,Spring,FG,11,2.397895273,2.26,0.815364813,1,39.78,0.129589372,0.213949275,0.348293024,0.034178744,11.04392933,0.223351772,0.019350496,0.026585899
14,114,14114,Fall,FG,73,4.290459441,1.99,0.688134639,1,37.04,0.129589372,0.213949275,0.348293024,0.034178744,11.04392933,0.223351772,0.019350496,0.026585899
14,136,14136,Spring,FG,34,3.526360525,1.69,0.524728529,0,0.3,0.129589372,0.213949275,0.348293024,0.034178744,11.04392933,0.223351772,0.019350496,0.026585899
