Group Assignment 2/Orange Juice Assignment 2.csv
STORE,Week,STOREWEEK,Season,BRAND,MOVE,logmove,PRICE,logprice,Feat,PROFIT,AGE9,AGE60,EDUC,ETHNIC,INCOME,SINGLE,POVERTY,NOCAR
105,179,105179,Winter,FG,33,3.496507561,1.85,0.615185639,0,26.43,0.147564877,0.175542126,0.094235589,0.365410594,10.41439317,0.277669286,0.081917027,0.092156656
105,15,105015,Winter,FG,17,2.833213344,1.99,0.688134639,1,21.81,0.147564877,0.175542126,0.094235589,0.365410594,10.41439317,0.277669286,0.081917027,0.092156656
105,166,105166,Fall,FG,55,4.007333185,1.92,0.652325186,0,14.94,0.147564877,0.175542126,0.094235589,0.365410594,10.41439317,0.277669286,0.081917027,0.092156656
105,48,105048,Summer,FG,16,2.772588722,2.36,0.858661619,0,23.77,0.147564877,0.175542126,0.094235589,0.365410594,10.41439317,0.277669286,0.081917027,0.092156656
105,22,105022,Winter,FG,19,2.944438979,1.99,0.688134639,0,21.81,0.147564877,0.175542126,0.094235589,0.365410594,10.41439317,0.277669286,0.081917027,0.092156656
105,111,105111,Fall,FG,12,2.48490665,2.12,0.751416089,0,43.39,0.147564877,0.175542126,0.094235589,0.365410594,10.41439317,0.277669286,0.081917027,0.092156656
105,197,105197,Summer,FG,30,3.401197382,2,0.693147181,0,40.25,0.147564877,0.175542126,0.094235589,0.365410594,10.41439317,0.277669286,0.081917027,0.092156656
105,105,105105,Fall,FG,47,3.850147602,1.99,0.688134639,0,32.16,0.147564877,0.175542126,0.094235589,0.365410594,10.41439317,0.277669286,0.081917027,0.092156656
105,76,105076,Spring,FG,12,2.48490665,1.99,0.688134639,0,24.22,0.147564877,0.175542126,0.094235589,0.365410594,10.41439317,0.277669286,0.081917027,0.092156656
105,126,105126,Winter,FG,28,3.33220451,1.76,0.565313809,0,17.38,0.147564877,0.175542126,0.094235589,0.365410594,10.41439317,0.277669286,0.081917027,0.092156656
105,117,105117,Winter,FG,51,3.931825633,1.35,0.300104592,1,19.92,0.147564877,0.175542126,0.094235589,0.365410594,10.41439317,0.277669286,0.081917027,0.092156656
105,47,105047,Summer,FG,12,2.48490665,2.53,0.928219303,0,28.89,0.147564877,0.175542126,0.094235589,0.365410594,10.41439317,0.277669286,0.081917027,0.092156656
105,186,105186,Spring,FG,29,3.36729583,1.83,0.604315967,1,32.95,0.147564877,0.175542126,0.094235589,0.365410594,10.41439317,0.277669286,0.081917027,0.092156656
105,182,105182,Spring,FG,108,4.682131227,1.79,0.58221562,1,23.29,0.147564877,0.175542126,0.094235589,0.365410594,10.41439317,0.277669286,0.081917027,0.092156656
105,77,105077,Spring,FG,17,2.833213344,2.53,0.928219303,0,40.4,0.147564877,0.175542126,0.094235589,0.365410594,10.41439317,0.277669286,0.081917027,0.092156656
105,67,105067,Winter,FG,38,3.63758616,1.99,0.688134639,0,25.08,0.147564877,0.175542126,0.094235589,0.365410594,10.41439317,0.277669286,0.081917027,0.092156656
105,21,105021,Winter,FG,37,3.610917913,1.99,0.688134639,0,21.81,0.147564877,0.175542126,0.094235589,0.365410594,10.41439317,0.277669286,0.081917027,0.092156656
105,142,105142,Summer,FG,76,4.33073334,1.79,0.58221562,0,5.86,0.147564877,0.175542126,0.094235589,0.365410594,10.41439317,0.277669286,0.081917027,0.092156656
105,173,105173,Winter,FG,33,3.496507561,1.92,0.652325186,0,19.11,0.147564877,0.175542126,0.094235589,0.365410594,10.41439317,0.277669286,0.081917027,0.092156656
105,171,105171,Winter,FG,70,4.248495242,1.69,0.524728529,1,20.41,0.147564877,0.175542126,0.094235589,0.365410594,10.41439317,0.277669286,0.081917027,0.092156656
105,193,105193,Summer,FG,141,4.94875989,1.49,0.39877612,1,20.26,0.147564877,0.175542126,0.094235589,0.365410594,10.41439317,0.277669286,0.081917027,0.092156656
105,185,105185,Spring,FG,70,4.248495242,1.79,0.58221562,1,30.5,0.147564877,0.175542126,0.094235589,0.365410594,10.41439317,0.277669286,0.081917027,0.092156656
105,184,105184,Spring,FG,90,4.49980967,1.79,0.58221562,1,24.13,0.147564877,0.175542126,0.094235589,0.365410594,10.41439317,0.277669286,0.081917027,0.092156656
105,36,105036,Spring,FG,8,2.079441542,2.53,0.928219303,0,23.08,0.147564877,0.175542126,0.094235589,0.365410594,10.41439317,0.277669286,0.081917027,0.092156656
105,192,105192,Spring,FG,61,4.110873864,1.49,0.39877612,1,26.1,0.147564877,0.175542126,0.094235589,0.365410594,10.41439317,0.277669286,0.081917027,0.092156656
105,163,105163,Fall,FG,46,3.828641396,1.92,0.652325186,0,19.89,0.147564877,0.175542126,0.094235589,0.365410594,10.41439317,0.277669286,0.081917027,0.092156656
105,145,105145,Summer,FG,114,4.736198448,1.79,0.58221562,0,5.86,0.147564877,0.175542126,0.094235589,0.365410594,10.41439317,0.277669286,0.081917027,0.092156656
105,164,105164,Fall,FG,41,3.713572067,1.92,0.652325186,0,19.89,0.147564877,0.175542126,0.094235589,0.365410594,10.41439317,0.277669286,0.081917027,0.092156656
105,91,105091,Summer,FG,3,1.098612289,2.36,0.858661619,0,45.64,0.147564877,0.175542126,0.094235589,0.365410594,10.41439317,0.277669286,0.081917027,0.092156656
105,90,105090,Summer,FG,23,3.135494216,1.69,0.524728529,1,24.08,0.147564877,0.175542126,0.094235589,0.365410594,10.41439317,0.277669286,0.081917027,0.092156656
105,97,105097,Summer,FG,5,1.609437912,2.36,0.858661619,0,45.63,0.147564877,0.175542126,0.094235589,0.365410594,10.41439317,0.277669286,0.081917027,0.092156656
105,158,105158,Fall,FG,352,5.863631176,1.59,0.463734016,1,15.47,0.147564877,0.175542126,0.094235589,0.365410594,10.41439317,0.277669286,0.081917027,0.092156656
105,198,105198,Summer,FG,9,2.197224577,2.29,0.828551818,0,49.08,0.147564877,0.175542126,0.094235589,0.365410594,10.41439317,0.277669286,0.081917027,0.092156656
105,96,105096,Summer,FG,7,1.945910149,2.36,0.858661619,0,48.6,0.147564877,0.175542126,0.094235589,0.365410594,10.41439317,0.277669286,0.081917027,0.092156656
105,106,105106,Fall,FG,7,1.945910149,1.99,0.688134639,0,32.31,0.147564877,0.175542126,0.094235589,0.365410594,10.41439317,0.277669286,0.081917027,0.092156656
105,80,105080,Spring,FG,154,5.036952602,2.19,0.783901544,1,32.79,0.147564877,0.175542126,0.094235589,0.365410594,10.41439317,0.277669286,0.081917027,0.092156656
105,190,105190,Spring,FG,313,5.746203191,1.49,0.39877612,1,26.04,0.147564877,0.175542126,0.094235589,0.365410594,10.41439317,0.277669286,0.081917027,0.092156656
105,18,105018,Winter,FG,17,2.833213344,1.99,0.688134639,0,18.14,0.147564877,0.175542126,0.094235589,0.365410594,10.41439317,0.277669286,0.081917027,0.092156656
105,37,105037,Summer,FG,8,2.079441542,2.53,0.928219303,0,23.08,0.147564877,0.175542126,0.094235589,0.365410594,10.41439317,0.277669286,0.081917027,0.092156656
105,175,105175,Winter,FG,64,4.158883083,1.84,0.609765572,1,22.33,0.147564877,0.175542126,0.094235589,0.365410594,10.41439317,0.277669286,0.081917027,0.092156656
73,65,73065,Winter,FG,15,2.708050201,2.53,0.928219303,0,39.21,0.124465022,0.257450782,0.07305396,0.109213291,10.61496569,0.264121264,0.062145077,0.133319044
73,4,73004,Fall,FG,13,2.564949357,2.19,0.783901544,0,23.33,0.124465022,0.257450782,0.07305396,0.109213291,10.61496569,0.264121264,0.062145077,0.133319044
73,182,73182,Spring,FG,108,4.682131227,1.79,0.58221562,1,23.3,0.124465022,0.257450782,0.07305396,0.109213291,10.61496569,0.264121264,0.062145077,0.133319044
73,127,73127,Winter,FG,4714,8.458292083,0.99,-0.010050336,1,45.86,0.124465022,0.257450782,0.07305396,0.109213291,10.61496569,0.264121264,0.062145077,0.133319044
73,119,73119,Winter,FG,13,2.564949357,1.99,0.688134639,0,32.66,0.124465022,0.257450782,0.07305396,0.109213291,10.61496569,0.264121264,0.062145077,0.133319044
73,11,73011,Winter,FG,9,2.197224577,2.09,0.737164066,0,25.55,0.124465022,0.257450782,0.07305396,0.109213291,10.61496569,0.264121264,0.062145077,0.133319044
73,136,73136,Spring,FG,117,4.762173935,1.69,0.524728529,0,0.3,0.124465022,0.257450782,0.07305396,0.109213291,10.61496569,0.264121264,0.062145077,0.133319044
73,68,73068,Winter,FG,24,3.17805383,1.99,0.688134639,1,25.08,0.124465022,0.257450782,0.07305396,0.109213291,10.61496569,0.264121264,0.062145077,0.133319044
73,89,73089,Summer,FG,47,3.850147602,1.69,0.524728529,1,24.08,0.124465022,0.257450782,0.07305396,0.109213291,10.61496569,0.264121264,0.062145077,0.133319044
73,99,73099,Summer,FG,10,2.302585093,2.53,0.928219303,0,49.29,0.124465022,0.257450782,0.07305396,0.109213291,10.61496569,0.264121264,0.062145077,0.133319044
73,27,73027,Spring,FG,10,2.302585093,2.53,0.928219303,0,25.85,0.124465022,0.257450782,0.07305396,0.109213291,10.61496569,0.264121264,0.062145077,0.133319044
73,138,73138,Spring,FG,75,4.317488114,1.79,0.58221562,0,5.87,0.124465022,0.257450782,0.07305396,0.109213291,10.61496569,0.264121264,0.062145077,0.133319044
73,25,73025,Spring,FG,18,2.890371758,2.53,0.928219303,0,20.32,0.124465022,0.257450782,0.07305396,0.109213291,10.61496569,0.264121264,0.062145077,0.133319044
73,7,73007,Fall,FG,43,3.761200116,1.99,0.688134639,0,15.88,0.124465022,0.257450782,0.07305396,0.109213291,10.61496569,0.264121264,0.062145077,0.133319044
73,152,73152,Summer,FG,70,4.248495242,1.69,0.524728529,1,8.7,0.124465022,0.257450782,0.07305396,0.109213291,10.61496569,0.264121264,0.062145077,0.133319044
73,173,73173,Winter,FG,39,3.663561646,1.79,0.58221562,0,13.24,0.124465022,0.257450782,0.07305396,0.109213291,10.61496569,0.264121264,0.062145077,0.133319044
73,51,73051,Fall,FG,55,4.007333185,2.36,0.858661619,1,27.2,0.124465022,0.257450782,0.07305396,0.109213291,10.61496569,0.264121264,0.062145077,0.133319044
73,139,73139,Spring,FG,25,3.218875825,1.79,0.58221562,0,5.87,0.124465022,0.257450782,0.07305396,0.109213291,10.61496569,0.264121264,0.062145077,0.133319044
73,187,73187,Spring,FG,11,2.397895273,1.79,0.58221562,0,24.58,0.124465022,0.257450782,0.07305396,0.109213291,10.61496569,0.264121264,0.062145077,0.133319044
73,146,73146,Summer,FG,81,4.394449155,1.79,0.58221562,0,5.87,0.124465022,0.257450782,0.07305396,0.109213291,10.61496569,0.264121264,0.062145077,0.133319044
73,176,73176,Winter,FG,56,4.025351691,1.71,0.536493371,1,16.43,0.124465022,0.257450782,0.07305396,0.109213291,10.61496569,0.264121264,0.062145077,0.133319044
73,104,73104,Fall,FG,148,4.997212274,1.99,0.688134639,1,31.16,0.124465022,0.257450782,0.07305396,0.109213291,10.61496569,0.264121264,0.062145077,0.133319044
73,92,73092,Summer,FG,175,5.164785974,1.89,0.636576829,1,32.12,0.124465022,0.257450782,0.07305396,0.109213291,10.61496569,0.264121264,0.062145077,0.133319044
73,128,73128,Spring,FG,38,3.63758616,1.79,0.58221562,0,19.5,0.124465022,0.257450782,0.07305396,0.109213291,10.61496569,0.264121264,0.062145077,0.133319044
73,54,73054,Fall,FG,8,2.079441542,2.53,0.928219303,0,32.85,0.124465022,0.257450782,0.07305396,0.109213291,10.61496569,0.264121264,0.062145077,0.133319044
73,130,73130,Spring,FG,71,4.262679877,1.69,0.524728529,1,14.73,0.124465022,0.257450782,0.07305396,0.109213291,10.61496569,0.264121264,0.062145077,0.133319044
73,160,73160,Fall,FG,61,4.110873864,1.79,0.58221562,1,25.08,0.124465022,0.257450782,0.07305396,0.109213291,10.61496569,0.264121264,0.062145077,0.133319044
94,157,94157,Fall,FG,25,3.218875825,1.79,0.58221562,0,17.54,0.160410056,0.103002197,0.229390404,0.059311691,10.7445158,0.245199033,0.033192686,0.012373453
94,58,94058,Fall,FG,26,3.258096538,1.99,0.688134639,1,24.12,0.160410056,0.103002197,0.229390404,0.059311691,10.7445158,0.245199033,0.033192686,0.012373453
94,148,94148,Summer,FG,24,3.17805383,1.79,0.58221562,0,17.15,0.160410056,0.103002197,0.229390404,0.059311691,10.7445158,0.245199033,0.033192686,0.012373453
94,177,94177,Winter,FG,10,2.302585093,1.71,0.536493371,1,20.99,0.160410056,0.103002197,0.229390404,0.059311691,10.7445158,0.245199033,0.033192686,0.012373453
94,98,94098,Summer,FG,1,0,2.53,0.928219303,0,49.29,0.160410056,0.103002197,0.229390404,0.059311691,10.7445158,0.245199033,0.033192686,0.012373453
94,178,94178,Winter,FG,17,2.833213344,1.79,0.58221562,0,24.53,0.160410056,0.103002197,0.229390404,0.059311691,10.7445158,0.245199033,0.033192686,0.012373453
94,82,94082,Spring,FG,3,1.098612289,2.53,0.928219303,0,41.5,0.160410056,0.103002197,0.229390404,0.059311691,10.7445158,0.245199033,0.033192686,0.012373453
94,31,94031,Spring,FG,8,2.079441542,2.53,0.928219303,0,19.33,0.160410056,0.103002197,0.229390404,0.059311691,10.7445158,0.245199033,0.033192686,0.012373453
94,144,94144,Summer,FG,43,3.761200116,1.79,0.58221562,0,5.87,0.160410056,0.103002197,0.229390404,0.059311691,10.7445158,0.245199033,0.033192686,0.012373453
94,187,94187,Spring,FG,7,1.945910149,1.79,0.58221562,0,24.58,0.160410056,0.103002197,0.229390404,0.059311691,10.7445158,0.245199033,0.033192686,0.012373453
94,174,94174,Winter,FG,12,2.48490665,1.79,0.58221562,0,13.24,0.160410056,0.103002197,0.229390404,0.059311691,10.7445158,0.245199033,0.033192686,0.012373453
94,107,94107,Fall,FG,12,2.48490665,1.99,0.688134639,1,32.31,0.160410056,0.103002197,0.229390404,0.059311691,10.7445158,0.245199033,0.033192686,0.012373453
94,121,94121,Winter,FG,48,3.871201011,1.79,0.58221562,1,30.39,0.160410056,0.103002197,0.229390404,0.059311691,10.7445158,0.245199033,0.033192686,0.012373453
94,43,94043,Summer,FG,10,2.302585093,2.53,0.928219303,0,23.08,0.160410056,0.103002197,0.229390404,0.059311691,10.7445158,0.245199033,0.033192686,0.012373453
94,195,94195,Summer,FG,16,2.772588722,1.55,0.438254931,1,22.9,0.160410056,0.103002197,0.229390404,0.059311691,10.7445158,0.245199033,0.033192686,0.012373453
94,190,94190,Spring,FG,42,3.737669618,1.49,0.39877612,1,27.58,0.160410056,0.103002197,0.229390404,0.059311691,10.7445158,0.245199033,0.033192686,0.012373453
94,6,94006,Fall,FG,15,2.708050201,2.09,0.737164066,0,19.9,0.160410056,0.103002197,0.229390404,0.059311691,10.7445158,0.245199033,0.033192686,0.012373453
94,24,94024,Spring,FG,16,2.772588722,2.39,0.871293366,0,21.46,0.160410056,0.103002197,0.229390404,0.059311691,10.7445158,0.245199033,0.033192686,0.012373453
94,19,94019,Winter,FG,18,2.890371758,1.99,0.688134639,0,21.81,0.160410056,0.103002197,0.229390404,0.059311691,10.7445158,0.245199033,0.033192686,0.012373453
94,112,94112,Fall,FG,12,2.48490665,1.99,0.688134639,0,39.7,0.160410056,0.103002197,0.229390404,0.059311691,10.7445158,0.245199033,0.033192686,0.012373453
94,39,94039,Summer,FG,43,3.761200116,2.53,0.928219303,0,34.94,0.160410056,0.103002197,0.229390404,0.059311691,10.7445158,0.245199033,0.033192686,0.012373453
94,139,94139,Spring,FG,56,4.025351691,1.79,0.58221562,0,5.87,0.160410056,0.103002197,0.229390404,0.059311691,10.7445158,0.245199033,0.033192686,0.012373453
94,101,94101,Summer,FG,2,0.693147181,2.53,0.928219303,0,45.85,0.160410056,0.103002197,0.229390404,0.059311691,10.7445158,0.245199033,0.033192686,0.012373453
94,184,94184,Spring,FG,20,2.995732274,1.79,0.58221562,0,23.24,0.160410056,0.103002197,0.229390404,0.059311691,10.7445158,0.245199033,0.033192686,0.012373453
94,114,94114,Fall,FG,9,2.197224577,1.99,0.688134639,1,37.04,0.160410056,0.103002197,0.229390404,0.059311691,10.7445158,0.245199033,0.033192686,0.012373453
94,172,94172,Winter,FG,29,3.36729583,1.69,0.524728529,1,20.41,0.160410056,0.103002197,0.229390404,0.059311691,10.7445158,0.245199033,0.033192686,0.012373453
94,136,94136,Spring,FG,22,3.091042453,1.69,0.524728529,0,0.3,0.160410056,0.103002197,0.229390404,0.059311691,10.7445158,0.245199033,0.033192686,0.012373453
94,68,94068,Winter,FG,26,3.258096538,1.99,0.688134639,1,25.08,0.160410056,0.103002197,0.229390404,0.059311691,10.7445158,0.245199033,0.033192686,0.012373453
