Group Assignment 2/Orange Juice Assignment 2.csv
STORE,Week,STOREWEEK,Season,BRAND,MOVE,logmove,PRICE,logprice,Feat,PROFIT,AGE9,AGE60,EDUC,ETHNIC,INCOME,SINGLE,POVERTY,NOCAR
72,172,72172,Winter,FG,1,0,1.69,0.524728529,1,20.41,0.105576311,0.283727688,0.268724553,0.04593884,10.71219307,0.226300197,0.040246555,0.067621465
72,40,72040,Summer,FG,46,3.828641396,1.85,0.615185639,1,11.03,0.105576311,0.283727688,0.268724553,0.04593884,10.71219307,0.226300197,0.040246555,0.067621465
72,52,72052,Fall,FG,381,5.942799375,1.99,0.688134639,1,15.48,0.105576311,0.283727688,0.268724553,0.04593884,10.71219307,0.226300197,0.040246555,0.067621465
72,183,72183,Spring,FG,35,3.555348061,2.22,0.797507196,0,38.15,0.105576311,0.283727688,0.268724553,0.04593884,10.71219307,0.226300197,0.040246555,0.067621465
72,43,72043,Summer,FG,26,3.258096538,3.08,1.124929597,0,36.82,0.105576311,0.283727688,0.268724553,0.04593884,10.71219307,0.226300197,0.040246555,0.067621465
72,131,72131,Spring,FG,46,3.828641396,1.59,0.463734016,1,9.37,0.105576311,0.283727688,0.268724553,0.04593884,10.71219307,0.226300197,0.040246555,0.067621465
72,96,72096,Summer,FG,6,1.791759469,2.49,0.91228271,0,52.37,0.105576311,0.283727688,0.268724553,0.04593884,10.71219307,0.226300197,0.040246555,0.067621465
72,37,72037,Summer,FG,44,3.784189634,2.59,0.951657876,0,24.86,0.105576311,0.283727688,0.268724553,0.04593884,10.71219307,0.226300197,0.040246555,0.067621465
72,162,72162,Fall,FG,40,3.688879454,1.69,0.524728529,1,11.48,0.105576311,0.283727688,0.268724553,0.04593884,10.71219307,0.226300197,0.040246555,0.067621465
72,180,72180,Spring,FG,14,2.63905733,2.07,0.727548607,1,34.25,0.105576311,0.283727688,0.268724553,0.04593884,10.71219307,0.226300197,0.040246555,0.067621465
72,92,72092,Summer,FG,33,3.496507561,1.86,0.620576488,1,31.02,0.105576311,0.283727688,0.268724553,0.04593884,10.71219307,0.226300197,0.040246555,0.067621465
72,134,72134,Spring,FG,44,3.784189634,1.29,0.254642218,1,57.29,0.105576311,0.283727688,0.268724553,0.04593884,10.71219307,0.226300197,0.040246555,0.067621465
72,170,72170,Winter,FG,5,1.609437912,2.22,0.797507196,0,38.56,0.105576311,0.283727688,0.268724553,0.04593884,10.71219307,0.226300197,0.040246555,0.067621465
72,75,72075,Winter,FG,32,3.465735903,1.99,0.688134639,1,24.22,0.105576311,0.283727688,0.268724553,0.04593884,10.71219307,0.226300197,0.040246555,0.067621465
72,27,72027,Spring,FG,8,2.079441542,3.08,1.124929597,0,39.09,0.105576311,0.283727688,0.268724553,0.04593884,10.71219307,0.226300197,0.040246555,0.067621465
72,128,72128,Spring,FG,6,1.791759469,2.39,0.871293366,0,39.71,0.105576311,0.283727688,0.268724553,0.04593884,10.71219307,0.226300197,0.040246555,0.067621465
72,182,72182,Spring,FG,167,5.117993812,1.79,0.58221562,1,23.3,0.105576311,0.283727688,0.268724553,0.04593884,10.71219307,0.226300197,0.040246555,0.067621465
72,137,72137,Spring,FG,11,2.397895273,2.39,0.871293366,0,29.5,0.105576311,0.283727688,0.268724553,0.04593884,10.71219307,0.226300197,0.040246555,0.067621465
72,25,72025,Spring,FG,11,2.397895273,3.08,1.124929597,0,34.55,0.105576311,0.283727688,0.268724553,0.04593884,10.71219307,0.226300197,0.040246555,0.067621465
72,186,72186,Spring,FG,23,3.135494216,1.79,0.58221562,1,30.5,0.105576311,0.283727688,0.268724553,0.04593884,10.71219307,0.226300197,0.040246555,0.067621465
72,135,72135,Spring,FG,23,3.135494216,1.69,0.524728529,1,11.54,0.105576311,0.283727688,0.268724553,0.04593884,10.71219307,0.226300197,0.040246555,0.067621465
72,118,72118,Winter,FG,36,3.583518938,1.99,0.688134639,0,32.66,0.105576311,0.283727688,0.268724553,0.04593884,10.71219307,0.226300197,0.040246555,0.067621465
72,2,72002,Fall,FG,23,3.135494216,2.29,0.828551818,0,23.41,0.105576311,0.283727688,0.268724553,0.04593884,10.71219307,0.226300197,0.040246555,0.067621465
72,69,72069,Winter,FG,43,3.761200116,1.99,0.688134639,1,24.97,0.105576311,0.283727688,0.268724553,0.04593884,10.71219307,0.226300197,0.040246555,0.067621465
72,132,72132,Spring,FG,121,4.795790546,1.59,0.463734016,0,9.37,0.105576311,0.283727688,0.268724553,0.04593884,10.71219307,0.226300197,0.040246555,0.067621465
72,178,72178,Winter,FG,4,1.386294361,2.22,0.797507196,0,39.14,0.105576311,0.283727688,0.268724553,0.04593884,10.71219307,0.226300197,0.040246555,0.067621465
72,11,72011,Winter,FG,13,2.564949357,2.45,0.896088025,0,36.49,0.105576311,0.283727688,0.268724553,0.04593884,10.71219307,0.226300197,0.040246555,0.067621465
72,80,72080,Spring,FG,105,4.65396035,2.19,0.783901544,1,32.79,0.105576311,0.283727688,0.268724553,0.04593884,10.71219307,0.226300197,0.040246555,0.067621465
72,72,72072,Winter,FG,57,4.043051268,1.99,0.688134639,0,24.97,0.105576311,0.283727688,0.268724553,0.04593884,10.71219307,0.226300197,0.040246555,0.067621465
72,143,72143,Summer,FG,14,2.63905733,2.39,0.871293366,0,29.5,0.105576311,0.283727688,0.268724553,0.04593884,10.71219307,0.226300197,0.040246555,0.067621465
72,122,72122,Winter,FG,28,3.33220451,1.79,0.58221562,1,30.39,0.105576311,0.283727688,0.268724553,0.04593884,10.71219307,0.226300197,0.040246555,0.067621465
72,124,72124,Winter,FG,13,2.564949357,2.39,0.871293366,0,34.02,0.105576311,0.283727688,0.268724553,0.04593884,10.71219307,0.226300197,0.040246555,0.067621465
72,55,72055,Fall,FG,10,2.302585093,3.08,1.124929597,0,44.45,0.105576311,0.283727688,0.268724553,0.04593884,10.71219307,0.226300197,0.040246555,0.067621465
72,174,72174,Winter,FG,19,2.944438979,2.22,0.797507196,0,30.05,0.105576311,0.283727688,0.268724553,0.04593884,10.71219307,0.226300197,0.040246555,0.067621465
72,17,72017,Winter,FG,16,2.772588722,2.32,0.841567186,0,29.78,0.105576311,0.283727688,0.268724553,0.04593884,10.71219307,0.226300197,0.040246555,0.067621465
72,140,72140,Spring,FG,15,2.708050201,2.39,0.871293366,0,29.5,0.105576311,0.283727688,0.268724553,0.04593884,10.71219307,0.226300197,0.040246555,0.067621465
72,138,72138,Spring,FG,15,2.708050201,2.39,0.871293366,0,29.5,0.105576311,0.283727688,0.268724553,0.04593884,10.71219307,0.226300197,0.040246555,0.067621465
131,45,131045,Summer,FG,12,2.48490665,2.75,1.011600912,1,33.78,0.124252223,0.17065481,0.2713958,0.074656427,10.79353697,0.274067522,0.027004656,0.037446985
131,197,131197,Summer,FG,10,2.302585093,1.85,0.615185639,0,35.4,0.124252223,0.17065481,0.2713958,0.074656427,10.79353697,0.274067522,0.027004656,0.037446985
131,95,131095,Summer,FG,2,0.693147181,2.36,0.858661619,0,49.74,0.124252223,0.17065481,0.2713958,0.074656427,10.79353697,0.274067522,0.027004656,0.037446985
131,53,131053,Fall,FG,36,3.583518938,1.99,0.688134639,1,14.62,0.124252223,0.17065481,0.2713958,0.074656427,10.79353697,0.274067522,0.027004656,0.037446985
131,186,131186,Spring,FG,13,2.564949357,1.79,0.58221562,0,32.45,0.124252223,0.17065481,0.2713958,0.074656427,10.79353697,0.274067522,0.027004656,0.037446985
131,120,131120,Winter,FG,21,3.044522438,1.99,0.688134639,1,34.17,0.124252223,0.17065481,0.2713958,0.074656427,10.79353697,0.274067522,0.027004656,0.037446985
131,104,131104,Fall,FG,154,5.036952602,1.14,0.131028262,0,18.94,0.124252223,0.17065481,0.2713958,0.074656427,10.79353697,0.274067522,0.027004656,0.037446985
131,73,131073,Winter,FG,59,4.077537444,1.99,0.688134639,1,24.97,0.124252223,0.17065481,0.2713958,0.074656427,10.79353697,0.274067522,0.027004656,0.037446985
131,79,131079,Spring,FG,16,2.772588722,2.19,0.783901544,0,32.79,0.124252223,0.17065481,0.2713958,0.074656427,10.79353697,0.274067522,0.027004656,0.037446985
131,138,131138,Spring,FG,22,3.091042453,1.79,0.58221562,0,5.86,0.124252223,0.17065481,0.2713958,0.074656427,10.79353697,0.274067522,0.027004656,0.037446985
131,190,131190,Spring,FG,94,4.543294782,1.49,0.39877612,1,25.16,0.124252223,0.17065481,0.2713958,0.074656427,10.79353697,0.274067522,0.027004656,0.037446985
131,96,131096,Summer,FG,1,0,2.36,0.858661619,0,45.63,0.124252223,0.17065481,0.2713958,0.074656427,10.79353697,0.274067522,0.027004656,0.037446985
131,94,131094,Summer,FG,8,2.079441542,2.36,0.858661619,0,49.74,0.124252223,0.17065481,0.2713958,0.074656427,10.79353697,0.274067522,0.027004656,0.037446985
131,99,131099,Summer,FG,3,1.098612289,2.36,0.858661619,0,43.17,0.124252223,0.17065481,0.2713958,0.074656427,10.79353697,0.274067522,0.027004656,0.037446985
131,191,131191,Spring,FG,29,3.36729583,1.49,0.39877612,1,27.65,0.124252223,0.17065481,0.2713958,0.074656427,10.79353697,0.274067522,0.027004656,0.037446985
131,21,131021,Winter,FG,26,3.258096538,2.29,0.828551818,0,32.05,0.124252223,0.17065481,0.2713958,0.074656427,10.79353697,0.274067522,0.027004656,0.037446985
131,107,131107,Fall,FG,7,1.945910149,1.57,0.451075619,0,14.64,0.124252223,0.17065481,0.2713958,0.074656427,10.79353697,0.274067522,0.027004656,0.037446985
131,77,131077,Spring,FG,7,1.945910149,2.36,0.858661619,0,36.1,0.124252223,0.17065481,0.2713958,0.074656427,10.79353697,0.274067522,0.027004656,0.037446985
131,155,131155,Fall,FG,27,3.295836866,1.73,0.548121409,0,13.12,0.124252223,0.17065481,0.2713958,0.074656427,10.79353697,0.274067522,0.027004656,0.037446985
131,172,131172,Winter,FG,28,3.33220451,1.74,0.553885113,1,15.91,0.124252223,0.17065481,0.2713958,0.074656427,10.79353697,0.274067522,0.027004656,0.037446985
131,47,131047,Summer,FG,8,2.079441542,2.91,1.068153081,0,38.18,0.124252223,0.17065481,0.2713958,0.074656427,10.79353697,0.274067522,0.027004656,0.037446985
131,173,131173,Winter,FG,21,3.044522438,1.79,0.58221562,0,13.24,0.124252223,0.17065481,0.2713958,0.074656427,10.79353697,0.274067522,0.027004656,0.037446985
131,38,131038,Summer,FG,60,4.094344562,2.59,0.951657876,1,24.86,0.124252223,0.17065481,0.2713958,0.074656427,10.79353697,0.274067522,0.027004656,0.037446985
80,151,80151,Summer,FG,24,3.17805383,1.79,0.58221562,1,13.97,0.138604057,0.152691263,0.304465687,0.041910238,10.90950929,0.253846154,0.023853832,0.030874641
80,154,80154,Fall,FG,33,3.496507561,1.79,0.58221562,1,13.74,0.138604057,0.152691263,0.304465687,0.041910238,10.90950929,0.253846154,0.023853832,0.030874641
80,25,80025,Spring,FG,21,3.044522438,2.53,0.928219303,0,20.32,0.138604057,0.152691263,0.304465687,0.041910238,10.90950929,0.253846154,0.023853832,0.030874641
80,130,80130,Spring,FG,69,4.234106505,1.69,0.524728529,1,14.73,0.138604057,0.152691263,0.304465687,0.041910238,10.90950929,0.253846154,0.023853832,0.030874641
80,49,80049,Summer,FG,6,1.791759469,2.36,0.858661619,1,23.77,0.138604057,0.152691263,0.304465687,0.041910238,10.90950929,0.253846154,0.023853832,0.030874641
80,27,80027,Spring,FG,8,2.079441542,2.53,0.928219303,0,25.85,0.138604057,0.152691263,0.304465687,0.041910238,10.90950929,0.253846154,0.023853832,0.030874641
80,84,80084,Spring,FG,27,3.295836866,1.79,0.58221562,0,20.28,0.138604057,0.152691263,0.304465687,0.041910238,10.90950929,0.253846154,0.023853832,0.030874641
80,138,80138,Spring,FG,32,3.465735903,1.79,0.58221562,0,5.87,0.138604057,0.152691263,0.304465687,0.041910238,10.90950929,0.253846154,0.023853832,0.030874641
80,102,80102,Fall,FG,14,2.63905733,1.89,0.636576829,0,27.51,0.138604057,0.152691263,0.304465687,0.041910238,10.90950929,0.253846154,0.023853832,0.030874641
80,95,80095,Summer,FG,8,2.079441542,1.89,0.636576829,0,37.25,0.138604057,0.152691263,0.304465687,0.041910238,10.90950929,0.253846154,0.023853832,0.030874641
80,149,80149,Summer,FG,47,3.850147602,1.79,0.58221562,0,14.53,0.138604057,0.152691263,0.304465687,0.041910238,10.90950929,0.253846154,0.023853832,0.030874641
80,20,80020,Winter,FG,56,4.025351691,1.99,0.688134639,1,21.81,0.138604057,0.152691263,0.304465687,0.041910238,10.90950929,0.253846154,0.023853832,0.030874641
80,146,80146,Summer,FG,26,3.258096538,1.79,0.58221562,0,5.87,0.138604057,0.152691263,0.304465687,0.041910238,10.90950929,0.253846154,0.023853832,0.030874641
80,52,80052,Fall,FG,113,4.727387819,1.99,0.688134639,1,15.48,0.138604057,0.152691263,0.304465687,0.041910238,10.90950929,0.253846154,0.023853832,0.030874641
80,176,80176,Winter,FG,27,3.295836866,1.84,0.609765572,1,22.34,0.138604057,0.152691263,0.304465687,0.041910238,10.90950929,0.253846154,0.023853832,0.030874641
80,47,80047,Summer,FG,27,3.295836866,2.53,0.928219303,0,28.89,0.138604057,0.152691263,0.304465687,0.041910238,10.90950929,0.253846154,0.023853832,0.030874641
80,10,80010,Fall,FG,4,1.386294361,2.09,0.737164066,0,25.65,0.138604057,0.152691263,0.304465687,0.041910238,10.90950929,0.253846154,0.023853832,0.030874641
80,121,80121,Winter,FG,23,3.135494216,1.79,0.58221562,1,30.39,0.138604057,0.152691263,0.304465687,0.041910238,10.90950929,0.253846154,0.023853832,0.030874641
80,76,80076,Spring,FG,21,3.044522438,1.89,0.636576829,0,20.21,0.138604057,0.152691263,0.304465687,0.041910238,10.90950929,0.253846154,0.023853832,0.030874641
80,161,80161,Fall,FG,25,3.218875825,1.92,0.652325186,0,30.16,0.138604057,0.152691263,0.304465687,0.041910238,10.90950929,0.253846154,0.023853832,0.030874641
80,115,80115,Winter,FG,13,2.564949357,1.89,0.636576829,1,33.7,0.138604057,0.152691263,0.304465687,0.041910238,10.90950929,0.253846154,0.023853832,0.030874641
80,165,80165,Fall,FG,14,2.63905733,1.92,0.652325186,0,19.9,0.138604057,0.152691263,0.304465687,0.041910238,10.90950929,0.253846154,0.023853832,0.030874641
80,118,80118,Winter,FG,20,2.995732274,1.89,0.636576829,0,29.1,0.138604057,0.152691263,0.304465687,0.041910238,10.90950929,0.253846154,0.023853832,0.030874641
80,175,80175,Winter,FG,35,3.555348061,1.84,0.609765572,1,22.34,0.138604057,0.152691263,0.304465687,0.041910238,10.90950929,0.253846154,0.023853832,0.030874641
80,24,80024,Spring,FG,35,3.555348061,2.39,0.871293366,0,21.46,0.138604057,0.152691263,0.304465687,0.041910238,10.90950929,0.253846154,0.023853832,0.030874641
80,120,80120,Winter,FG,26,3.258096538,1.89,0.636576829,1,29.1,0.138604057,0.152691263,0.304465687,0.041910238,10.90950929,0.253846154,0.023853832,0.030874641
80,74,80074,Winter,FG,20,2.995732274,1.89,0.636576829,0,15.98,0.138604057,0.152691263,0.304465687,0.041910238,10.90950929,0.253846154,0.023853832,0.030874641
80,53,80053,Fall,FG,96,4.564348191,1.99,0.688134639,1,14.62,0.138604057,0.152691263,0.304465687,0.041910238,10.90950929,0.253846154,0.023853832,0.030874641
80,125,80125,Winter,FG,19,2.944438979,1.79,0.58221562,0,11.45,0.138604057,0.152691263,0.304465687,0.041910238,10.90950929,0.253846154,0.023853832,0.030874641
80,128,80128,Spring,FG,23,3.135494216,1.79,0.58221562,0,19.5,0.138604057,0.152691263,0.304465687,0.041910238,10.90950929,0.253846154,0.023853832,0.030874641
80,51,80051,Fall,FG,28,3.33220451,2.36,0.858661619,1,27.2,0.138604057,0.152691263,0.304465687,0.041910238,10.90950929,0.253846154,0.023853832,0.030874641
80,169,80169,Winter,FG,13,2.564949357,1.92,0.652325186,0,24.58,0.138604057,0.152691263,0.304465687,0.041910238,10.90950929,0.253846154,0.023853832,0.030874641
80,113,80113,Fall,FG,12,2.48490665,1.89,0.636576829,0,36.51,0.138604057,0.152691263,0.304465687,0.041910238,10.90950929,0.253846154,0.023853832,0.030874641
