Group Assignment 2/Orange Juice Assignment 2.csv
STORE,Week,STOREWEEK,Season,BRAND,MOVE,logmove,PRICE,logprice,Feat,PROFIT,AGE9,AGE60,EDUC,ETHNIC,INCOME,SINGLE,POVERTY,NOCAR
104,170,104170,Winter,FG,6,1.791759469,2.39,0.871293366,0,42.93,0.162936142,0.135286373,0.249684461,0.039405624,10.69885282,0.22884342,0.034386617,0.034121083
104,196,104196,Summer,FG,10,2.302585093,2.39,0.871293366,0,50,0.162936142,0.135286373,0.249684461,0.039405624,10.69885282,0.22884342,0.034386617,0.034121083
104,59,104059,Fall,FG,30,3.401197382,1.99,0.688134639,0,10,0.162936142,0.135286373,0.249684461,0.039405624,10.69885282,0.22884342,0.034386617,0.034121083
104,171,104171,Winter,FG,33,3.496507561,1.69,0.524728529,1,20.3,0.162936142,0.135286373,0.249684461,0.039405624,10.69885282,0.22884342,0.034386617,0.034121083
104,107,104107,Fall,FG,13,2.564949357,1.99,0.688134639,1,32.31,0.162936142,0.135286373,0.249684461,0.039405624,10.69885282,0.22884342,0.034386617,0.034121083
104,145,104145,Summer,FG,26,3.258096538,1.79,0.58221562,0,5.87,0.162936142,0.135286373,0.249684461,0.039405624,10.69885282,0.22884342,0.034386617,0.034121083
104,6,104006,Fall,FG,16,2.772588722,2.41,0.879626748,0,30.54,0.162936142,0.135286373,0.249684461,0.039405624,10.69885282,0.22884342,0.034386617,0.034121083
104,64,104064,Winter,FG,9,2.197224577,2.79,1.026041596,0,44.87,0.162936142,0.135286373,0.249684461,0.039405624,10.69885282,0.22884342,0.034386617,0.034121083
104,194,104194,Summer,FG,11,2.397895273,1.49,0.39877612,1,19.79,0.162936142,0.135286373,0.249684461,0.039405624,10.69885282,0.22884342,0.034386617,0.034121083
104,186,104186,Spring,FG,11,2.397895273,1.79,0.58221562,1,30.5,0.162936142,0.135286373,0.249684461,0.039405624,10.69885282,0.22884342,0.034386617,0.034121083
104,124,104124,Winter,FG,19,2.944438979,1.79,0.58221562,0,11.9,0.162936142,0.135286373,0.249684461,0.039405624,10.69885282,0.22884342,0.034386617,0.034121083
104,54,104054,Fall,FG,6,1.791759469,2.91,1.068153081,0,41.62,0.162936142,0.135286373,0.249684461,0.039405624,10.69885282,0.22884342,0.034386617,0.034121083
104,46,104046,Summer,FG,14,2.63905733,2.75,1.011600912,1,36.25,0.162936142,0.135286373,0.249684461,0.039405624,10.69885282,0.22884342,0.034386617,0.034121083
104,39,104039,Summer,FG,19,2.944438979,2.91,1.068153081,0,43.44,0.162936142,0.135286373,0.249684461,0.039405624,10.69885282,0.22884342,0.034386617,0.034121083
104,153,104153,Summer,FG,24,3.17805383,1.79,0.58221562,0,13.8,0.162936142,0.135286373,0.249684461,0.039405624,10.69885282,0.22884342,0.034386617,0.034121083
104,106,104106,Fall,FG,4,1.386294361,1.99,0.688134639,1,32.31,0.162936142,0.135286373,0.249684461,0.039405624,10.69885282,0.22884342,0.034386617,0.034121083
104,133,104133,Spring,FG,106,4.663439094,1.29,0.254642218,0,3.8,0.162936142,0.135286373,0.249684461,0.039405624,10.69885282,0.22884342,0.034386617,0.034121083
104,62,104062,Fall,FG,8,2.079441542,2.79,1.026041596,1,35.81,0.162936142,0.135286373,0.249684461,0.039405624,10.69885282,0.22884342,0.034386617,0.034121083
104,146,104146,Summer,FG,25,3.218875825,1.79,0.58221562,0,5.87,0.162936142,0.135286373,0.249684461,0.039405624,10.69885282,0.22884342,0.034386617,0.034121083
104,2,104002,Fall,FG,22,3.091042453,2.29,0.828551818,0,23.41,0.162936142,0.135286373,0.249684461,0.039405624,10.69885282,0.22884342,0.034386617,0.034121083
104,81,104081,Spring,FG,14,2.63905733,2.19,0.783901544,1,32.42,0.162936142,0.135286373,0.249684461,0.039405624,10.69885282,0.22884342,0.034386617,0.034121083
104,74,104074,Winter,FG,32,3.465735903,1.99,0.688134639,0,20.2,0.162936142,0.135286373,0.249684461,0.039405624,10.69885282,0.22884342,0.034386617,0.034121083
104,139,104139,Spring,FG,19,2.944438979,1.79,0.58221562,0,5.87,0.162936142,0.135286373,0.249684461,0.039405624,10.69885282,0.22884342,0.034386617,0.034121083
104,191,104191,Spring,FG,26,3.258096538,1.49,0.39877612,1,27.45,0.162936142,0.135286373,0.249684461,0.039405624,10.69885282,0.22884342,0.034386617,0.034121083
104,127,104127,Winter,FG,713,6.56948142,0.99,-0.010050336,1,45.86,0.162936142,0.135286373,0.249684461,0.039405624,10.69885282,0.22884342,0.034386617,0.034121083
104,12,104012,Winter,FG,20,2.995732274,2.29,0.828551818,0,32.05,0.162936142,0.135286373,0.249684461,0.039405624,10.69885282,0.22884342,0.034386617,0.034121083
104,17,104017,Winter,FG,23,3.135494216,2.23,0.802001585,0,26.95,0.162936142,0.135286373,0.249684461,0.039405624,10.69885282,0.22884342,0.034386617,0.034121083
104,167,104167,Winter,FG,8,2.079441542,2.39,0.871293366,0,29.21,0.162936142,0.135286373,0.249684461,0.039405624,10.69885282,0.22884342,0.034386617,0.034121083
104,77,104077,Spring,FG,14,2.63905733,2.36,0.858661619,0,36.1,0.162936142,0.135286373,0.249684461,0.039405624,10.69885282,0.22884342,0.034386617,0.034121083
104,134,104134,Spring,FG,100,4.605170186,1.29,0.254642218,1,57.29,0.162936142,0.135286373,0.249684461,0.039405624,10.69885282,0.22884342,0.034386617,0.034121083
104,116,104116,Winter,FG,48,3.871201011,1.29,0.254642218,0,18.37,0.162936142,0.135286373,0.249684461,0.039405624,10.69885282,0.22884342,0.034386617,0.034121083
104,109,104109,Fall,FG,10,2.302585093,2.26,0.815364813,0,46.81,0.162936142,0.135286373,0.249684461,0.039405624,10.69885282,0.22884342,0.034386617,0.034121083
104,199,104199,Summer,FG,4,1.386294361,1.89,0.636576829,0,42.06,0.162936142,0.135286373,0.249684461,0.039405624,10.69885282,0.22884342,0.034386617,0.034121083
104,52,104052,Fall,FG,295,5.686975356,1.99,0.688134639,1,15.48,0.162936142,0.135286373,0.249684461,0.039405624,10.69885282,0.22884342,0.034386617,0.034121083
104,9,104009,Fall,FG,114,4.736198448,2.41,0.879626748,0,35.52,0.162936142,0.135286373,0.249684461,0.039405624,10.69885282,0.22884342,0.034386617,0.034121083
104,11,104011,Winter,FG,10,2.302585093,2.29,0.828551818,0,32.05,0.162936142,0.135286373,0.249684461,0.039405624,10.69885282,0.22884342,0.034386617,0.034121083
89,133,89133,Spring,FG,143,4.96284463,1.29,0.254642218,1,57.28,0.152115498,0.205811359,0.053349435,0.353053696,10.30811898,0.307044054,0.109616849,0.284282634
89,38,89038,Summer,FG,12,2.48490665,2.59,0.951657876,1,24.86,0.152115498,0.205811359,0.053349435,0.353053696,10.30811898,0.307044054,0.109616849,0.284282634
89,70,89070,Winter,FG,12,2.48490665,2.36,0.858661619,0,36.74,0.152115498,0.205811359,0.053349435,0.353053696,10.30811898,0.307044054,0.109616849,0.284282634
89,167,89167,Winter,FG,53,3.970291914,1.79,0.58221562,0,8.04,0.152115498,0.205811359,0.053349435,0.353053696,10.30811898,0.307044054,0.109616849,0.284282634
89,116,89116,Winter,FG,59,4.077537444,1.29,0.254642218,1,18.37,0.152115498,0.205811359,0.053349435,0.353053696,10.30811898,0.307044054,0.109616849,0.284282634
89,115,89115,Winter,FG,51,3.931825633,1.35,0.300104592,1,20.59,0.152115498,0.205811359,0.053349435,0.353053696,10.30811898,0.307044054,0.109616849,0.284282634
89,111,89111,Fall,FG,15,2.708050201,2.08,0.732367894,0,42.3,0.152115498,0.205811359,0.053349435,0.353053696,10.30811898,0.307044054,0.109616849,0.284282634
89,58,89058,Fall,FG,6,1.791759469,1.99,0.688134639,1,24.12,0.152115498,0.205811359,0.053349435,0.353053696,10.30811898,0.307044054,0.109616849,0.284282634
89,140,89140,Spring,FG,61,4.110873864,1.79,0.58221562,0,5.86,0.152115498,0.205811359,0.053349435,0.353053696,10.30811898,0.307044054,0.109616849,0.284282634
89,26,89026,Spring,FG,8,2.079441542,2.91,1.068153081,0,30.72,0.152115498,0.205811359,0.053349435,0.353053696,10.30811898,0.307044054,0.109616849,0.284282634
89,143,89143,Summer,FG,34,3.526360525,1.79,0.58221562,0,5.86,0.152115498,0.205811359,0.053349435,0.353053696,10.30811898,0.307044054,0.109616849,0.284282634
89,8,89008,Fall,FG,120,4.787491743,2.19,0.783901544,0,36.07,0.152115498,0.205811359,0.053349435,0.353053696,10.30811898,0.307044054,0.109616849,0.284282634
89,97,89097,Summer,FG,5,1.609437912,2.36,0.858661619,0,45.64,0.152115498,0.205811359,0.053349435,0.353053696,10.30811898,0.307044054,0.109616849,0.284282634
89,86,89086,Spring,FG,40,3.688879454,1.79,0.58221562,0,27.32,0.152115498,0.205811359,0.053349435,0.353053696,10.30811898,0.307044054,0.109616849,0.284282634
89,96,89096,Summer,FG,3,1.098612289,2.36,0.858661619,0,49.75,0.152115498,0.205811359,0.053349435,0.353053696,10.30811898,0.307044054,0.109616849,0.284282634
89,190,89190,Spring,FG,72,4.276666119,1.49,0.39877612,1,25.03,0.152115498,0.205811359,0.053349435,0.353053696,10.30811898,0.307044054,0.109616849,0.284282634
89,181,89181,Spring,FG,30,3.401197382,1.68,0.518793793,1,18.57,0.152115498,0.205811359,0.053349435,0.353053696,10.30811898,0.307044054,0.109616849,0.284282634
89,125,89125,Winter,FG,35,3.555348061,1.79,0.58221562,0,11.45,0.152115498,0.205811359,0.053349435,0.353053696,10.30811898,0.307044054,0.109616849,0.284282634
89,173,89173,Winter,FG,22,3.091042453,1.79,0.58221562,0,13.24,0.152115498,0.205811359,0.053349435,0.353053696,10.30811898,0.307044054,0.109616849,0.284282634
89,61,89061,Fall,FG,4,1.386294361,2.91,1.068153081,0,38.45,0.152115498,0.205811359,0.053349435,0.353053696,10.30811898,0.307044054,0.109616849,0.284282634
89,77,89077,Spring,FG,11,2.397895273,2.36,0.858661619,0,36.1,0.152115498,0.205811359,0.053349435,0.353053696,10.30811898,0.307044054,0.109616849,0.284282634
89,99,89099,Summer,FG,4,1.386294361,2.36,0.858661619,0,45.64,0.152115498,0.205811359,0.053349435,0.353053696,10.30811898,0.307044054,0.109616849,0.284282634
89,65,89065,Winter,FG,16,2.772588722,2.79,1.026041596,0,44.87,0.152115498,0.205811359,0.053349435,0.353053696,10.30811898,0.307044054,0.109616849,0.284282634
89,73,89073,Winter,FG,143,4.96284463,1.99,0.688134639,1,24.97,0.152115498,0.205811359,0.053349435,0.353053696,10.30811898,0.307044054,0.109616849,0.284282634
89,20,89020,Winter,FG,29,3.36729583,2.24,0.806475866,1,30.54,0.152115498,0.205811359,0.053349435,0.353053696,10.30811898,0.307044054,0.109616849,0.284282634
89,46,89046,Summer,FG,13,2.564949357,2.75,1.011600912,1,36.25,0.152115498,0.205811359,0.053349435,0.353053696,10.30811898,0.307044054,0.109616849,0.284282634
89,63,89063,Winter,FG,5,1.609437912,2.79,1.026041596,1,35.81,0.152115498,0.205811359,0.053349435,0.353053696,10.30811898,0.307044054,0.109616849,0.284282634
89,157,89157,Fall,FG,45,3.80666249,1.79,0.58221562,0,21.67,0.152115498,0.205811359,0.053349435,0.353053696,10.30811898,0.307044054,0.109616849,0.284282634
89,51,89051,Fall,FG,18,2.890371758,2.71,0.996948635,1,36.61,0.152115498,0.205811359,0.053349435,0.353053696,10.30811898,0.307044054,0.109616849,0.284282634
89,82,89082,Spring,FG,18,2.890371758,2.36,0.858661619,0,37.29,0.152115498,0.205811359,0.053349435,0.353053696,10.30811898,0.307044054,0.109616849,0.284282634
89,183,89183,Spring,FG,26,3.258096538,1.79,0.58221562,0,23.29,0.152115498,0.205811359,0.053349435,0.353053696,10.30811898,0.307044054,0.109616849,0.284282634
89,45,89045,Summer,FG,15,2.708050201,2.75,1.011600912,1,33.78,0.152115498,0.205811359,0.053349435,0.353053696,10.30811898,0.307044054,0.109616849,0.284282634
91,149,91149,Summer,FG,79,4.369447852,1.79,0.58221562,0,14.53,0.11623504,0.255730611,0.144310113,0.024680506,10.53844932,0.260433649,0.051916796,0.07217735
91,162,91162,Fall,FG,91,4.510859507,1.69,0.524728529,1,11.48,0.11623504,0.255730611,0.144310113,0.024680506,10.53844932,0.260433649,0.051916796,0.07217735
91,30,91030,Spring,FG,1,0,2.91,1.068153081,0,35.53,0.11623504,0.255730611,0.144310113,0.024680506,10.53844932,0.260433649,0.051916796,0.07217735
91,161,91161,Fall,FG,50,3.912023005,1.79,0.58221562,0,25.08,0.11623504,0.255730611,0.144310113,0.024680506,10.53844932,0.260433649,0.051916796,0.07217735
91,52,91052,Fall,FG,376,5.929589143,1.99,0.688134639,1,15.48,0.11623504,0.255730611,0.144310113,0.024680506,10.53844932,0.260433649,0.051916796,0.07217735
91,57,91057,Fall,FG,13,2.564949357,2.71,0.996948635,0,44.28,0.11623504,0.255730611,0.144310113,0.024680506,10.53844932,0.260433649,0.051916796,0.07217735
91,87,91087,Spring,FG,11,2.397895273,2.36,0.858661619,0,45.34,0.11623504,0.255730611,0.144310113,0.024680506,10.53844932,0.260433649,0.051916796,0.07217735
91,8,91008,Fall,FG,79,4.369447852,2.19,0.783901544,0,36.07,0.11623504,0.255730611,0.144310113,0.024680506,10.53844932,0.260433649,0.051916796,0.07217735
91,186,91186,Spring,FG,7,1.945910149,1.79,0.58221562,1,30.5,0.11623504,0.255730611,0.144310113,0.024680506,10.53844932,0.260433649,0.051916796,0.07217735
91,188,91188,Spring,FG,15,2.708050201,1.79,0.58221562,0,25.31,0.11623504,0.255730611,0.144310113,0.024680506,10.53844932,0.260433649,0.051916796,0.07217735
91,28,91028,Spring,FG,3,1.098612289,2.91,1.068153081,0,35.53,0.11623504,0.255730611,0.144310113,0.024680506,10.53844932,0.260433649,0.051916796,0.07217735
91,156,91156,Fall,FG,26,3.258096538,1.79,0.58221562,0,15.92,0.11623504,0.255730611,0.144310113,0.024680506,10.53844932,0.260433649,0.051916796,0.07217735
91,70,91070,Winter,FG,7,1.945910149,2.36,0.858661619,0,36.74,0.11623504,0.255730611,0.144310113,0.024680506,10.53844932,0.260433649,0.051916796,0.07217735
91,146,91146,Summer,FG,41,3.713572067,1.79,0.58221562,0,5.87,0.11623504,0.255730611,0.144310113,0.024680506,10.53844932,0.260433649,0.051916796,0.07217735
91,2,91002,Fall,FG,5,1.609437912,2.29,0.828551818,0,23.41,0.11623504,0.255730611,0.144310113,0.024680506,10.53844932,0.260433649,0.051916796,0.07217735
91,173,91173,Winter,FG,10,2.302585093,1.79,0.58221562,0,13.24,0.11623504,0.255730611,0.144310113,0.024680506,10.53844932,0.260433649,0.051916796,0.07217735
91,110,91110,Fall,FG,1,0,2.26,0.815364813,0,46.9,0.11623504,0.255730611,0.144310113,0.024680506,10.53844932,0.260433649,0.051916796,0.07217735
91,124,91124,Winter,FG,14,2.63905733,1.79,0.58221562,0,11.9,0.11623504,0.255730611,0.144310113,0.024680506,10.53844932,0.260433649,0.051916796,0.07217735
91,135,91135,Spring,FG,75,4.317488114,1.69,0.524728529,1,11.54,0.11623504,0.255730611,0.144310113,0.024680506,10.53844932,0.260433649,0.051916796,0.07217735
91,107,91107,Fall,FG,9,2.197224577,1.99,0.688134639,1,32.31,0.11623504,0.255730611,0.144310113,0.024680506,10.53844932,0.260433649,0.051916796,0.07217735
91,165,91165,Fall,FG,20,2.995732274,1.79,0.58221562,0,14.08,0.11623504,0.255730611,0.144310113,0.024680506,10.53844932,0.260433649,0.051916796,0.07217735
91,24,91024,Spring,FG,2,0.693147181,2.73,1.004301609,0,31.25,0.11623504,0.255730611,0.144310113,0.024680506,10.53844932,0.260433649,0.051916796,0.07217735
91,64,91064,Winter,FG,6,1.791759469,2.79,1.026041596,0,44.87,0.11623504,0.255730611,0.144310113,0.024680506,10.53844932,0.260433649,0.051916796,0.07217735
91,66,91066,Winter,FG,7,1.945910149,1.99,0.688134639,0,29.75,0.11623504,0.255730611,0.144310113,0.024680506,10.53844932,0.260433649,0.051916796,0.07217735
