Group Assignment 2/Orange Juice Assignment 2.csv
STORE,Week,STOREWEEK,Season,BRAND,MOVE,logmove,PRICE,logprice,Feat,PROFIT,AGE9,AGE60,EDUC,ETHNIC,INCOME,SINGLE,POVERTY,NOCAR
21,32,21032,Spring,FG,303,5.713732806,1.99,0.688134639,1,2.21,0.175926346,0.066896458,0.17750345,0.105038777,10.71619397,0.258991055,0.024785242,0.017598198
21,150,21150,Summer,FG,15,2.708050201,1.79,0.58221562,0,14.07,0.175926346,0.066896458,0.17750345,0.105038777,10.71619397,0.258991055,0.024785242,0.017598198
21,105,21105,Fall,FG,13,2.564949357,1.89,0.636576829,0,28.36,0.175926346,0.066896458,0.17750345,0.105038777,10.71619397,0.258991055,0.024785242,0.017598198
21,8,21008,Fall,FG,14,2.63905733,2.09,0.737164066,0,33.01,0.175926346,0.066896458,0.17750345,0.105038777,10.71619397,0.258991055,0.024785242,0.017598198
21,107,21107,Fall,FG,3,1.098612289,1.89,0.636576829,0,29.1,0.175926346,0.066896458,0.17750345,0.105038777,10.71619397,0.258991055,0.024785242,0.017598198
21,159,21159,Fall,FG,28,3.33220451,1.64,0.494696242,1,18.23,0.175926346,0.066896458,0.17750345,0.105038777,10.71619397,0.258991055,0.024785242,0.017598198
21,15,21015,Winter,FG,10,2.302585093,1.99,0.688134639,1,21.81,0.175926346,0.066896458,0.17750345,0.105038777,10.71619397,0.258991055,0.024785242,0.017598198
21,98,21098,Summer,FG,5,1.609437912,1.89,0.636576829,0,32.12,0.175926346,0.066896458,0.17750345,0.105038777,10.71619397,0.258991055,0.024785242,0.017598198
21,146,21146,Summer,FG,22,3.091042453,1.79,0.58221562,0,6.81,0.175926346,0.066896458,0.17750345,0.105038777,10.71619397,0.258991055,0.024785242,0.017598198
21,196,21196,Summer,FG,12,2.48490665,1.79,0.58221562,0,33.24,0.175926346,0.066896458,0.17750345,0.105038777,10.71619397,0.258991055,0.024785242,0.017598198
21,81,21081,Spring,FG,3,1.098612289,1.89,0.636576829,1,21.69,0.175926346,0.066896458,0.17750345,0.105038777,10.71619397,0.258991055,0.024785242,0.017598198
21,99,21099,Summer,FG,5,1.609437912,1.89,0.636576829,0,32.12,0.175926346,0.066896458,0.17750345,0.105038777,10.71619397,0.258991055,0.024785242,0.017598198
21,148,21148,Summer,FG,30,3.401197382,1.79,0.58221562,0,16.75,0.175926346,0.066896458,0.17750345,0.105038777,10.71619397,0.258991055,0.024785242,0.017598198
21,108,21108,Fall,FG,3,1.098612289,1.89,0.636576829,0,29.1,0.175926346,0.066896458,0.17750345,0.105038777,10.71619397,0.258991055,0.024785242,0.017598198
21,49,21049,Summer,FG,6,1.791759469,2.36,0.858661619,1,23.77,0.175926346,0.066896458,0.17750345,0.105038777,10.71619397,0.258991055,0.024785242,0.017598198
21,127,21127,Winter,FG,678,6.519147288,0.99,-0.010050336,1,45.65,0.175926346,0.066896458,0.17750345,0.105038777,10.71619397,0.258991055,0.024785242,0.017598198
21,4,21004,Fall,FG,7,1.945910149,2.19,0.783901544,0,23.33,0.175926346,0.066896458,0.17750345,0.105038777,10.71619397,0.258991055,0.024785242,0.017598198
21,56,21056,Fall,FG,11,2.397895273,2.53,0.928219303,0,32.37,0.175926346,0.066896458,0.17750345,0.105038777,10.71619397,0.258991055,0.024785242,0.017598198
21,86,21086,Spring,FG,14,2.63905733,1.79,0.58221562,0,27.32,0.175926346,0.066896458,0.17750345,0.105038777,10.71619397,0.258991055,0.024785242,0.017598198
21,112,21112,Fall,FG,5,1.609437912,1.89,0.636576829,0,36.5,0.175926346,0.066896458,0.17750345,0.105038777,10.71619397,0.258991055,0.024785242,0.017598198
21,177,21177,Winter,FG,6,1.791759469,1.73,0.548121409,1,21.9,0.175926346,0.066896458,0.17750345,0.105038777,10.71619397,0.258991055,0.024785242,0.017598198
21,123,21123,Winter,FG,13,2.564949357,1.84,0.609765572,0,14.29,0.175926346,0.066896458,0.17750345,0.105038777,10.71619397,0.258991055,0.024785242,0.017598198
21,158,21158,Fall,FG,48,3.871201011,1.59,0.463734016,1,15.47,0.175926346,0.066896458,0.17750345,0.105038777,10.71619397,0.258991055,0.024785242,0.017598198
21,50,21050,Fall,FG,10,2.302585093,2.36,0.858661619,1,27.2,0.175926346,0.066896458,0.17750345,0.105038777,10.71619397,0.258991055,0.024785242,0.017598198
21,113,21113,Fall,FG,6,1.791759469,1.89,0.636576829,0,35.6,0.175926346,0.066896458,0.17750345,0.105038777,10.71619397,0.258991055,0.024785242,0.017598198
21,102,21102,Fall,FG,3,1.098612289,1.89,0.636576829,0,27.51,0.175926346,0.066896458,0.17750345,0.105038777,10.71619397,0.258991055,0.024785242,0.017598198
21,78,21078,Spring,FG,14,2.63905733,1.89,0.636576829,1,23.33,0.175926346,0.066896458,0.17750345,0.105038777,10.71619397,0.258991055,0.024785242,0.017598198
21,91,21091,Summer,FG,134,4.8978398,1.89,0.636576829,0,32.12,0.175926346,0.066896458,0.17750345,0.105038777,10.71619397,0.258991055,0.024785242,0.017598198
21,45,21045,Summer,FG,17,2.833213344,2.37,0.862889955,1,23.16,0.175926346,0.066896458,0.17750345,0.105038777,10.71619397,0.258991055,0.024785242,0.017598198
75,63,75063,Winter,FG,14,2.63905733,2.79,1.026041596,1,35.81,0.113891113,0.207699493,0.219548453,0.415999466,9.867082871,0.44122065,0.212956582,0.550654721
75,14,75014,Winter,FG,20,2.995732274,2.32,0.841567186,0,32.93,0.113891113,0.207699493,0.219548453,0.415999466,9.867082871,0.44122065,0.212956582,0.550654721
75,39,75039,Summer,FG,50,3.912023005,3.08,1.124929597,0,46.56,0.113891113,0.207699493,0.219548453,0.415999466,9.867082871,0.44122065,0.212956582,0.550654721
75,137,75137,Spring,FG,8,2.079441542,2.39,0.871293366,0,29.49,0.113891113,0.207699493,0.219548453,0.415999466,9.867082871,0.44122065,0.212956582,0.550654721
75,11,75011,Winter,FG,13,2.564949357,2.45,0.896088025,0,36.49,0.113891113,0.207699493,0.219548453,0.415999466,9.867082871,0.44122065,0.212956582,0.550654721
75,25,75025,Spring,FG,19,2.944438979,3.08,1.124929597,0,34.55,0.113891113,0.207699493,0.219548453,0.415999466,9.867082871,0.44122065,0.212956582,0.550654721
75,155,75155,Fall,FG,5,1.609437912,2.28,0.824175443,0,33.99,0.113891113,0.207699493,0.219548453,0.415999466,9.867082871,0.44122065,0.212956582,0.550654721
75,60,75060,Fall,FG,49,3.891820298,1.99,0.688134639,1,10,0.113891113,0.207699493,0.219548453,0.415999466,9.867082871,0.44122065,0.212956582,0.550654721
75,120,75120,Winter,FG,22,3.091042453,1.99,0.688134639,1,32.66,0.113891113,0.207699493,0.219548453,0.415999466,9.867082871,0.44122065,0.212956582,0.550654721
75,33,75033,Spring,FG,5,1.609437912,3.08,1.124929597,0,36.82,0.113891113,0.207699493,0.219548453,0.415999466,9.867082871,0.44122065,0.212956582,0.550654721
75,142,75142,Summer,FG,125,4.828313737,1.99,0.688134639,1,15.32,0.113891113,0.207699493,0.219548453,0.415999466,9.867082871,0.44122065,0.212956582,0.550654721
75,171,75171,Winter,FG,95,4.553876892,1.69,0.524728529,1,20.41,0.113891113,0.207699493,0.219548453,0.415999466,9.867082871,0.44122065,0.212956582,0.550654721
75,147,75147,Summer,FG,20,2.995732274,2.14,0.760805829,1,29.43,0.113891113,0.207699493,0.219548453,0.415999466,9.867082871,0.44122065,0.212956582,0.550654721
75,87,75087,Spring,FG,33,3.496507561,2.49,0.91228271,0,48.19,0.113891113,0.207699493,0.219548453,0.415999466,9.867082871,0.44122065,0.212956582,0.550654721
75,71,75071,Winter,FG,89,4.48863637,1.99,0.688134639,1,24.97,0.113891113,0.207699493,0.219548453,0.415999466,9.867082871,0.44122065,0.212956582,0.550654721
75,46,75046,Summer,FG,16,2.772588722,2.75,1.011600912,1,36.25,0.113891113,0.207699493,0.219548453,0.415999466,9.867082871,0.44122065,0.212956582,0.550654721
75,51,75051,Fall,FG,26,3.258096538,2.71,0.996948635,1,36.61,0.113891113,0.207699493,0.219548453,0.415999466,9.867082871,0.44122065,0.212956582,0.550654721
75,128,75128,Spring,FG,11,2.397895273,2.39,0.871293366,0,39.71,0.113891113,0.207699493,0.219548453,0.415999466,9.867082871,0.44122065,0.212956582,0.550654721
75,108,75108,Fall,FG,4,1.386294361,2.49,0.91228271,1,46.18,0.113891113,0.207699493,0.219548453,0.415999466,9.867082871,0.44122065,0.212956582,0.550654721
75,125,75125,Winter,FG,8,2.079441542,2.39,0.871293366,0,33.68,0.113891113,0.207699493,0.219548453,0.415999466,9.867082871,0.44122065,0.212956582,0.550654721
75,172,75172,Winter,FG,40,3.688879454,1.71,0.536493371,1,20.76,0.113891113,0.207699493,0.219548453,0.415999466,9.867082871,0.44122065,0.212956582,0.550654721
75,181,75181,Spring,FG,24,3.17805383,2.13,0.75612198,1,35.77,0.113891113,0.207699493,0.219548453,0.415999466,9.867082871,0.44122065,0.212956582,0.550654721
75,148,75148,Summer,FG,35,3.555348061,2.09,0.737164066,1,27.65,0.113891113,0.207699493,0.219548453,0.415999466,9.867082871,0.44122065,0.212956582,0.550654721
75,4,75004,Fall,FG,33,3.496507561,2.29,0.828551818,0,26.68,0.113891113,0.207699493,0.219548453,0.415999466,9.867082871,0.44122065,0.212956582,0.550654721
75,100,75100,Summer,FG,203,5.313205979,1.89,0.636576829,1,27.51,0.113891113,0.207699493,0.219548453,0.415999466,9.867082871,0.44122065,0.212956582,0.550654721
75,76,75076,Spring,FG,53,3.970291914,1.99,0.688134639,0,24.22,0.113891113,0.207699493,0.219548453,0.415999466,9.867082871,0.44122065,0.212956582,0.550654721
75,153,75153,Summer,FG,10,2.302585093,2.39,0.871293366,0,35.43,0.113891113,0.207699493,0.219548453,0.415999466,9.867082871,0.44122065,0.212956582,0.550654721
75,113,75113,Fall,FG,9,2.197224577,2.39,0.871293366,0,49.79,0.113891113,0.207699493,0.219548453,0.415999466,9.867082871,0.44122065,0.212956582,0.550654721
75,12,75012,Winter,FG,8,2.079441542,2.45,0.896088025,0,36.49,0.113891113,0.207699493,0.219548453,0.415999466,9.867082871,0.44122065,0.212956582,0.550654721
75,32,75032,Spring,FG,261,5.564520407,1.99,0.688134639,1,2.21,0.113891113,0.207699493,0.219548453,0.415999466,9.867082871,0.44122065,0.212956582,0.550654721
75,139,75139,Spring,FG,35,3.555348061,2.39,0.871293366,0,29.49,0.113891113,0.207699493,0.219548453,0.415999466,9.867082871,0.44122065,0.212956582,0.550654721
75,138,75138,Spring,FG,8,2.079441542,2.39,0.871293366,0,29.49,0.113891113,0.207699493,0.219548453,0.415999466,9.867082871,0.44122065,0.212956582,0.550654721
75,114,75114,Fall,FG,99,4.59511985,1.99,0.688134639,1,37.04,0.113891113,0.207699493,0.219548453,0.415999466,9.867082871,0.44122065,0.212956582,0.550654721
75,47,75047,Summer,FG,8,2.079441542,3.08,1.124929597,0,41.59,0.113891113,0.207699493,0.219548453,0.415999466,9.867082871,0.44122065,0.212956582,0.550654721
86,168,86168,Winter,FG,58,4.060443011,1.79,0.58221562,0,6.26,0.141758513,0.138756374,0.096763919,0.427866425,10.08897077,0.384547713,0.15266297,0.353421218
86,145,86145,Summer,FG,40,3.688879454,1.79,0.58221562,0,5.87,0.141758513,0.138756374,0.096763919,0.427866425,10.08897077,0.384547713,0.15266297,0.353421218
86,34,86034,Spring,FG,13,2.564949357,2.53,0.928219303,0,23.08,0.141758513,0.138756374,0.096763919,0.427866425,10.08897077,0.384547713,0.15266297,0.353421218
86,200,86200,Summer,FG,2,0.693147181,2.29,0.828551818,0,52.18,0.141758513,0.138756374,0.096763919,0.427866425,10.08897077,0.384547713,0.15266297,0.353421218
86,99,86099,Summer,FG,1,0,2.36,0.858661619,0,45.64,0.141758513,0.138756374,0.096763919,0.427866425,10.08897077,0.384547713,0.15266297,0.353421218
86,53,86053,Fall,FG,52,3.951243719,1.99,0.688134639,1,14.62,0.141758513,0.138756374,0.096763919,0.427866425,10.08897077,0.384547713,0.15266297,0.353421218
86,115,86115,Winter,FG,101,4.615120517,1.99,0.688134639,1,37.04,0.141758513,0.138756374,0.096763919,0.427866425,10.08897077,0.384547713,0.15266297,0.353421218
86,161,86161,Fall,FG,12,2.48490665,1.79,0.58221562,0,25.08,0.141758513,0.138756374,0.096763919,0.427866425,10.08897077,0.384547713,0.15266297,0.353421218
86,36,86036,Spring,FG,5,1.609437912,2.53,0.928219303,0,23.08,0.141758513,0.138756374,0.096763919,0.427866425,10.08897077,0.384547713,0.15266297,0.353421218
86,149,86149,Summer,FG,64,4.158883083,1.79,0.58221562,0,14.53,0.141758513,0.138756374,0.096763919,0.427866425,10.08897077,0.384547713,0.15266297,0.353421218
86,139,86139,Spring,FG,68,4.219507705,1.79,0.58221562,0,5.87,0.141758513,0.138756374,0.096763919,0.427866425,10.08897077,0.384547713,0.15266297,0.353421218
86,171,86171,Winter,FG,36,3.583518938,1.69,0.524728529,1,20.3,0.141758513,0.138756374,0.096763919,0.427866425,10.08897077,0.384547713,0.15266297,0.353421218
86,152,86152,Summer,FG,57,4.043051268,1.69,0.524728529,1,8.7,0.141758513,0.138756374,0.096763919,0.427866425,10.08897077,0.384547713,0.15266297,0.353421218
86,138,86138,Spring,FG,40,3.688879454,1.79,0.58221562,0,5.87,0.141758513,0.138756374,0.096763919,0.427866425,10.08897077,0.384547713,0.15266297,0.353421218
86,127,86127,Winter,FG,1799,7.494986234,0.99,-0.010050336,1,45.86,0.141758513,0.138756374,0.096763919,0.427866425,10.08897077,0.384547713,0.15266297,0.353421218
86,100,86100,Summer,FG,124,4.820281566,1.89,0.636576829,1,27.51,0.141758513,0.138756374,0.096763919,0.427866425,10.08897077,0.384547713,0.15266297,0.353421218
86,183,86183,Spring,FG,45,3.80666249,1.79,0.58221562,0,23.3,0.141758513,0.138756374,0.096763919,0.427866425,10.08897077,0.384547713,0.15266297,0.353421218
86,146,86146,Summer,FG,42,3.737669618,1.79,0.58221562,0,5.87,0.141758513,0.138756374,0.096763919,0.427866425,10.08897077,0.384547713,0.15266297,0.353421218
86,187,86187,Spring,FG,9,2.197224577,1.79,0.58221562,0,24.58,0.141758513,0.138756374,0.096763919,0.427866425,10.08897077,0.384547713,0.15266297,0.353421218
86,109,86109,Fall,FG,5,1.609437912,2.26,0.815364813,0,46.81,0.141758513,0.138756374,0.096763919,0.427866425,10.08897077,0.384547713,0.15266297,0.353421218
86,184,86184,Spring,FG,9,2.197224577,1.79,0.58221562,0,23.24,0.141758513,0.138756374,0.096763919,0.427866425,10.08897077,0.384547713,0.15266297,0.353421218
86,178,86178,Winter,FG,16,2.772588722,1.79,0.58221562,0,24.53,0.141758513,0.138756374,0.096763919,0.427866425,10.08897077,0.384547713,0.15266297,0.353421218
86,144,86144,Summer,FG,48,3.871201011,1.79,0.58221562,0,5.87,0.141758513,0.138756374,0.096763919,0.427866425,10.08897077,0.384547713,0.15266297,0.353421218
86,8,86008,Fall,FG,66,4.189654742,1.99,0.688134639,0,29.65,0.141758513,0.138756374,0.096763919,0.427866425,10.08897077,0.384547713,0.15266297,0.353421218
86,114,86114,Fall,FG,16,2.772588722,1.99,0.688134639,1,37.04,0.141758513,0.138756374,0.096763919,0.427866425,10.08897077,0.384547713,0.15266297,0.353421218
86,68,86068,Winter,FG,16,2.772588722,1.99,0.688134639,1,25.08,0.141758513,0.138756374,0.096763919,0.427866425,10.08897077,0.384547713,0.15266297,0.353421218
86,155,86155,Fall,FG,16,2.772588722,1.79,0.58221562,0,15.92,0.141758513,0.138756374,0.096763919,0.427866425,10.08897077,0.384547713,0.15266297,0.353421218
86,23,86023,Winter,FG,354,5.869296913,1.89,0.636576829,1,0.63,0.141758513,0.138756374,0.096763919,0.427866425,10.08897077,0.384547713,0.15266297,0.353421218
86,65,86065,Winter,FG,9,2.197224577,2.79,1.026041596,0,44.87,0.141758513,0.138756374,0.096763919,0.427866425,10.08897077,0.384547713,0.15266297,0.353421218
86,140,86140,Spring,FG,79,4.369447852,1.79,0.58221562,0,5.87,0.141758513,0.138756374,0.096763919,0.427866425,10.08897077,0.384547713,0.15266297,0.353421218
44,23,44023,Winter,FG,257,5.549076085,1.89,0.636576829,1,0.63,0.144883485,0.190982776,0.329738388,0.037632074,10.86915875,0.226447947,0.030154849,0.040766408
44,20,44020,Winter,FG,37,3.610917913,2.24,0.806475866,1,30.54,0.144883485,0.190982776,0.329738388,0.037632074,10.86915875,0.226447947,0.030154849,0.040766408
44,176,44176,Winter,FG,14,2.63905733,1.84,0.609765572,1,24.18,0.144883485,0.190982776,0.329738388,0.037632074,10.86915875,0.226447947,0.030154849,0.040766408
44,66,44066,Winter,FG,36,3.583518938,1.99,0.688134639,0,29.75,0.144883485,0.190982776,0.329738388,0.037632074,10.86915875,0.226447947,0.030154849,0.040766408
44,47,44047,Summer,FG,6,1.791759469,2.91,1.068153081,0,38.18,0.144883485,0.190982776,0.329738388,0.037632074,10.86915875,0.226447947,0.030154849,0.040766408
44,188,44188,Spring,FG,18,2.890371758,1.9,0.641853886,0,29.63,0.144883485,0.190982776,0.329738388,0.037632074,10.86915875,0.226447947,0.030154849,0.040766408
44,48,44048,Summer,FG,6,1.791759469,2.71,0.996948635,0,33.62,0.144883485,0.190982776,0.329738388,0.037632074,10.86915875,0.226447947,0.030154849,0.040766408
44,172,44172,Winter,FG,38,3.63758616,1.76,0.565313809,1,19.88,0.144883485,0.190982776,0.329738388,0.037632074,10.86915875,0.226447947,0.030154849,0.040766408
44,98,44098,Summer,FG,7,1.945910149,2.36,0.858661619,0,45.64,0.144883485,0.190982776,0.329738388,0.037632074,10.86915875,0.226447947,0.030154849,0.040766408
44,138,44138,Spring,FG,55,4.007333185,1.79,0.58221562,0,5.86,0.144883485,0.190982776,0.329738388,0.037632074,10.86915875,0.226447947,0.030154849,0.040766408
44,46,44046,Summer,FG,19,2.944438979,2.75,1.011600912,1,36.25,0.144883485,0.190982776,0.329738388,0.037632074,10.86915875,0.226447947,0.030154849,0.040766408
44,169,44169,Winter,FG,36,3.583518938,1.92,0.652325186,0,25.57,0.144883485,0.190982776,0.329738388,0.037632074,10.86915875,0.226447947,0.030154849,0.040766408
44,130,44130,Spring,FG,42,3.737669618,1.65,0.500775288,1,12.66,0.144883485,0.190982776,0.329738388,0.037632074,10.86915875,0.226447947,0.030154849,0.040766408
44,107,44107,Fall,FG,7,1.945910149,2.04,0.712949808,0,34.31,0.144883485,0.190982776,0.329738388,0.037632074,10.86915875,0.226447947,0.030154849,0.040766408
44,91,44091,Summer,FG,6,1.791759469,2.36,0.858661619,0,45.64,0.144883485,0.190982776,0.329738388,0.037632074,10.86915875,0.226447947,0.030154849,0.040766408
44,38,44038,Summer,FG,6,1.791759469,2.59,0.951657876,1,24.86,0.144883485,0.190982776,0.329738388,0.037632074,10.86915875,0.226447947,0.030154849,0.040766408
44,93,44093,Summer,FG,194,5.267858159,1.29,0.254642218,1,13.49,0.144883485,0.190982776,0.329738388,0.037632074,10.86915875,0.226447947,0.030154849,0.040766408
44,35,44035,Spring,FG,216,5.375278408,2.29,0.828551818,0,15.02,0.144883485,0.190982776,0.329738388,0.037632074,10.86915875,0.226447947,0.030154849,0.040766408
44,106,44106,Fall,FG,15,2.708050201,1.99,0.688134639,0,32.31,0.144883485,0.190982776,0.329738388,0.037632074,10.86915875,0.226447947,0.030154849,0.040766408
44,115,44115,Winter,FG,25,3.218875825,1.43,0.357674444,1,21.88,0.144883485,0.190982776,0.329738388,0.037632074,10.86915875,0.226447947,0.030154849,0.040766408
