Group Assignment 2/Orange Juice Assignment 2.csv
STORE,Week,STOREWEEK,Season,BRAND,MOVE,logmove,PRICE,logprice,Feat,PROFIT,AGE9,AGE60,EDUC,ETHNIC,INCOME,SINGLE,POVERTY,NOCAR
76,13,76013,Winter,FG,16,2.772588722,2.03,0.708035793,0,23.35,0.141774676,0.149192423,0.087711787,0.425324028,10.1406129,0.317409394,0.133099825,0.347964098
76,128,76128,Spring,FG,60,4.094344562,1.79,0.58221562,0,19.5,0.141774676,0.149192423,0.087711787,0.425324028,10.1406129,0.317409394,0.133099825,0.347964098
76,1,76001,Fall,FG,16,2.772588722,2.19,0.783901544,0,19.91,0.141774676,0.149192423,0.087711787,0.425324028,10.1406129,0.317409394,0.133099825,0.347964098
76,20,76020,Winter,FG,35,3.555348061,2.04,0.712949808,1,23.73,0.141774676,0.149192423,0.087711787,0.425324028,10.1406129,0.317409394,0.133099825,0.347964098
76,69,76069,Winter,FG,16,2.772588722,1.99,0.688134639,1,24.97,0.141774676,0.149192423,0.087711787,0.425324028,10.1406129,0.317409394,0.133099825,0.347964098
76,80,76080,Spring,FG,10,2.302585093,2.19,0.783901544,1,32.79,0.141774676,0.149192423,0.087711787,0.425324028,10.1406129,0.317409394,0.133099825,0.347964098
76,15,76015,Winter,FG,12,2.48490665,2.03,0.708035793,1,23.35,0.141774676,0.149192423,0.087711787,0.425324028,10.1406129,0.317409394,0.133099825,0.347964098
76,30,76030,Spring,FG,5,1.609437912,2.53,0.928219303,0,25.85,0.141774676,0.149192423,0.087711787,0.425324028,10.1406129,0.317409394,0.133099825,0.347964098
76,149,76149,Summer,FG,87,4.465908119,1.79,0.58221562,0,14.53,0.141774676,0.149192423,0.087711787,0.425324028,10.1406129,0.317409394,0.133099825,0.347964098
76,119,76119,Winter,FG,10,2.302585093,1.99,0.688134639,0,32.66,0.141774676,0.149192423,0.087711787,0.425324028,10.1406129,0.317409394,0.133099825,0.347964098
76,103,76103,Fall,FG,3,1.098612289,2.36,0.858661619,0,41.95,0.141774676,0.149192423,0.087711787,0.425324028,10.1406129,0.317409394,0.133099825,0.347964098
76,166,76166,Fall,FG,12,2.48490665,1.92,0.652325186,0,19.9,0.141774676,0.149192423,0.087711787,0.425324028,10.1406129,0.317409394,0.133099825,0.347964098
76,122,76122,Winter,FG,18,2.890371758,1.79,0.58221562,1,30.39,0.141774676,0.149192423,0.087711787,0.425324028,10.1406129,0.317409394,0.133099825,0.347964098
76,114,76114,Fall,FG,40,3.688879454,1.99,0.688134639,1,37.04,0.141774676,0.149192423,0.087711787,0.425324028,10.1406129,0.317409394,0.133099825,0.347964098
76,2,76002,Fall,FG,4,1.386294361,2.19,0.783901544,0,19.91,0.141774676,0.149192423,0.087711787,0.425324028,10.1406129,0.317409394,0.133099825,0.347964098
76,66,76066,Winter,FG,61,4.110873864,1.99,0.688134639,0,29.75,0.141774676,0.149192423,0.087711787,0.425324028,10.1406129,0.317409394,0.133099825,0.347964098
76,137,76137,Spring,FG,68,4.219507705,1.79,0.58221562,0,5.87,0.141774676,0.149192423,0.087711787,0.425324028,10.1406129,0.317409394,0.133099825,0.347964098
76,111,76111,Fall,FG,39,3.663561646,2.26,0.815364813,0,46.9,0.141774676,0.149192423,0.087711787,0.425324028,10.1406129,0.317409394,0.133099825,0.347964098
76,50,76050,Fall,FG,9,2.197224577,2.36,0.858661619,1,27.2,0.141774676,0.149192423,0.087711787,0.425324028,10.1406129,0.317409394,0.133099825,0.347964098
76,127,76127,Winter,FG,3510,8.163371316,0.99,-0.010050336,1,45.86,0.141774676,0.149192423,0.087711787,0.425324028,10.1406129,0.317409394,0.133099825,0.347964098
76,158,76158,Fall,FG,843,6.736966958,1.59,0.463734016,1,15.28,0.141774676,0.149192423,0.087711787,0.425324028,10.1406129,0.317409394,0.133099825,0.347964098
76,184,76184,Spring,FG,39,3.663561646,1.79,0.58221562,0,23.24,0.141774676,0.149192423,0.087711787,0.425324028,10.1406129,0.317409394,0.133099825,0.347964098
76,23,76023,Winter,FG,743,6.610696045,1.89,0.636576829,1,0.63,0.141774676,0.149192423,0.087711787,0.425324028,10.1406129,0.317409394,0.133099825,0.347964098
76,156,76156,Fall,FG,60,4.094344562,1.92,0.652325186,0,21.61,0.141774676,0.149192423,0.087711787,0.425324028,10.1406129,0.317409394,0.133099825,0.347964098
76,3,76003,Fall,FG,5,1.609437912,2.19,0.783901544,1,19.91,0.141774676,0.149192423,0.087711787,0.425324028,10.1406129,0.317409394,0.133099825,0.347964098
76,169,76169,Winter,FG,50,3.912023005,1.92,0.652325186,0,24.58,0.141774676,0.149192423,0.087711787,0.425324028,10.1406129,0.317409394,0.133099825,0.347964098
76,142,76142,Summer,FG,78,4.356708827,1.79,0.58221562,0,5.87,0.141774676,0.149192423,0.087711787,0.425324028,10.1406129,0.317409394,0.133099825,0.347964098
76,132,76132,Spring,FG,158,5.062595033,1.59,0.463734016,0,9.37,0.141774676,0.149192423,0.087711787,0.425324028,10.1406129,0.317409394,0.133099825,0.347964098
76,52,76052,Fall,FG,617,6.424869024,1.99,0.688134639,1,15.48,0.141774676,0.149192423,0.087711787,0.425324028,10.1406129,0.317409394,0.133099825,0.347964098
76,21,76021,Winter,FG,23,3.135494216,2.09,0.737164066,0,25.55,0.141774676,0.149192423,0.087711787,0.425324028,10.1406129,0.317409394,0.133099825,0.347964098
76,11,76011,Winter,FG,12,2.48490665,2.09,0.737164066,0,25.55,0.141774676,0.149192423,0.087711787,0.425324028,10.1406129,0.317409394,0.133099825,0.347964098
76,74,76074,Winter,FG,47,3.850147602,1.99,0.688134639,0,20.2,0.141774676,0.149192423,0.087711787,0.425324028,10.1406129,0.317409394,0.133099825,0.347964098
76,26,76026,Spring,FG,15,2.708050201,2.53,0.928219303,0,20.32,0.141774676,0.149192423,0.087711787,0.425324028,10.1406129,0.317409394,0.133099825,0.347964098
76,84,76084,Spring,FG,241,5.484796933,1.79,0.58221562,0,20.28,0.141774676,0.149192423,0.087711787,0.425324028,10.1406129,0.317409394,0.133099825,0.347964098
76,73,76073,Winter,FG,85,4.442651256,1.99,0.688134639,1,24.97,0.141774676,0.149192423,0.087711787,0.425324028,10.1406129,0.317409394,0.133099825,0.347964098
76,112,76112,Fall,FG,111,4.709530201,1.99,0.688134639,0,39.7,0.141774676,0.149192423,0.087711787,0.425324028,10.1406129,0.317409394,0.133099825,0.347964098
76,178,76178,Winter,FG,15,2.708050201,1.92,0.652325186,0,29.64,0.141774676,0.149192423,0.087711787,0.425324028,10.1406129,0.317409394,0.133099825,0.347964098
121,70,121070,Winter,FG,8,2.079441542,2.53,0.928219303,0,40.99,0.131251097,0.16358133,0.35061287,0.039173539,10.94992897,0.252030319,0.016704036,0.023876247
121,102,121102,Fall,FG,11,2.397895273,2.36,0.858661619,0,41.94,0.131251097,0.16358133,0.35061287,0.039173539,10.94992897,0.252030319,0.016704036,0.023876247
121,79,121079,Spring,FG,13,2.564949357,2.19,0.783901544,0,32.79,0.131251097,0.16358133,0.35061287,0.039173539,10.94992897,0.252030319,0.016704036,0.023876247
121,152,121152,Summer,FG,44,3.784189634,1.69,0.524728529,1,8.69,0.131251097,0.16358133,0.35061287,0.039173539,10.94992897,0.252030319,0.016704036,0.023876247
121,157,121157,Fall,FG,45,3.80666249,1.79,0.58221562,0,21.56,0.131251097,0.16358133,0.35061287,0.039173539,10.94992897,0.252030319,0.016704036,0.023876247
121,197,121197,Summer,FG,12,2.48490665,1.87,0.625938431,0,36.09,0.131251097,0.16358133,0.35061287,0.039173539,10.94992897,0.252030319,0.016704036,0.023876247
121,16,121016,Winter,FG,12,2.48490665,2.03,0.708035793,1,23.35,0.131251097,0.16358133,0.35061287,0.039173539,10.94992897,0.252030319,0.016704036,0.023876247
121,166,121166,Fall,FG,40,3.688879454,1.79,0.58221562,0,8.93,0.131251097,0.16358133,0.35061287,0.039173539,10.94992897,0.252030319,0.016704036,0.023876247
121,100,121100,Summer,FG,255,5.541263545,1.89,0.636576829,0,27.51,0.131251097,0.16358133,0.35061287,0.039173539,10.94992897,0.252030319,0.016704036,0.023876247
121,196,121196,Summer,FG,17,2.833213344,1.79,0.58221562,0,33.24,0.131251097,0.16358133,0.35061287,0.039173539,10.94992897,0.252030319,0.016704036,0.023876247
121,110,121110,Fall,FG,8,2.079441542,2.26,0.815364813,0,46.9,0.131251097,0.16358133,0.35061287,0.039173539,10.94992897,0.252030319,0.016704036,0.023876247
121,167,121167,Winter,FG,41,3.713572067,1.79,0.58221562,0,7.7,0.131251097,0.16358133,0.35061287,0.039173539,10.94992897,0.252030319,0.016704036,0.023876247
121,114,121114,Fall,FG,16,2.772588722,1.99,0.688134639,1,37.03,0.131251097,0.16358133,0.35061287,0.039173539,10.94992897,0.252030319,0.016704036,0.023876247
121,127,121127,Winter,FG,2373,7.771910256,0.99,-0.010050336,1,45.65,0.131251097,0.16358133,0.35061287,0.039173539,10.94992897,0.252030319,0.016704036,0.023876247
121,23,121023,Winter,FG,268,5.590986981,1.89,0.636576829,1,0.63,0.131251097,0.16358133,0.35061287,0.039173539,10.94992897,0.252030319,0.016704036,0.023876247
121,93,121093,Summer,FG,111,4.709530201,1.29,0.254642218,0,8.21,0.131251097,0.16358133,0.35061287,0.039173539,10.94992897,0.252030319,0.016704036,0.023876247
121,161,121161,Fall,FG,40,3.688879454,1.79,0.58221562,0,22.06,0.131251097,0.16358133,0.35061287,0.039173539,10.94992897,0.252030319,0.016704036,0.023876247
121,113,121113,Fall,FG,10,2.302585093,2.15,0.765467842,0,42.46,0.131251097,0.16358133,0.35061287,0.039173539,10.94992897,0.252030319,0.016704036,0.023876247
121,29,121029,Spring,FG,8,2.079441542,2.53,0.928219303,0,25.85,0.131251097,0.16358133,0.35061287,0.039173539,10.94992897,0.252030319,0.016704036,0.023876247
121,65,121065,Winter,FG,4,1.386294361,2.53,0.928219303,0,39.21,0.131251097,0.16358133,0.35061287,0.039173539,10.94992897,0.252030319,0.016704036,0.023876247
121,187,121187,Spring,FG,9,2.197224577,1.79,0.58221562,0,22.29,0.131251097,0.16358133,0.35061287,0.039173539,10.94992897,0.252030319,0.016704036,0.023876247
121,171,121171,Winter,FG,37,3.610917913,1.69,0.524728529,1,20.41,0.131251097,0.16358133,0.35061287,0.039173539,10.94992897,0.252030319,0.016704036,0.023876247
121,52,121052,Fall,FG,215,5.370638028,1.99,0.688134639,1,15.48,0.131251097,0.16358133,0.35061287,0.039173539,10.94992897,0.252030319,0.016704036,0.023876247
121,112,121112,Fall,FG,88,4.477336814,1.99,0.688134639,1,39.69,0.131251097,0.16358133,0.35061287,0.039173539,10.94992897,0.252030319,0.016704036,0.023876247
121,1,121001,Fall,FG,4,1.386294361,2.19,0.783901544,0,19.91,0.131251097,0.16358133,0.35061287,0.039173539,10.94992897,0.252030319,0.016704036,0.023876247
121,67,121067,Winter,FG,6,1.791759469,1.99,0.688134639,0,25.08,0.131251097,0.16358133,0.35061287,0.039173539,10.94992897,0.252030319,0.016704036,0.023876247
121,191,121191,Spring,FG,44,3.784189634,1.49,0.39877612,1,27.65,0.131251097,0.16358133,0.35061287,0.039173539,10.94992897,0.252030319,0.016704036,0.023876247
121,6,121006,Fall,FG,18,2.890371758,2.09,0.737164066,0,19.9,0.131251097,0.16358133,0.35061287,0.039173539,10.94992897,0.252030319,0.016704036,0.023876247
121,21,121021,Winter,FG,7,1.945910149,2.09,0.737164066,0,25.55,0.131251097,0.16358133,0.35061287,0.039173539,10.94992897,0.252030319,0.016704036,0.023876247
121,4,121004,Fall,FG,10,2.302585093,2.19,0.783901544,0,23.33,0.131251097,0.16358133,0.35061287,0.039173539,10.94992897,0.252030319,0.016704036,0.023876247
121,119,121119,Winter,FG,4,1.386294361,1.99,0.688134639,1,30.85,0.131251097,0.16358133,0.35061287,0.039173539,10.94992897,0.252030319,0.016704036,0.023876247
121,83,121083,Spring,FG,34,3.526360525,1.79,0.58221562,1,20.28,0.131251097,0.16358133,0.35061287,0.039173539,10.94992897,0.252030319,0.016704036,0.023876247
67,53,67053,Fall,FG,15,2.708050201,1.99,0.688134639,1,14.62,0.118820051,0.210272984,0.284394654,0.050539779,10.79695991,0.252884133,0.034080876,0.045029137
67,42,67042,Summer,FG,2,0.693147181,2.53,0.928219303,0,27.43,0.118820051,0.210272984,0.284394654,0.050539779,10.79695991,0.252884133,0.034080876,0.045029137
67,36,67036,Spring,FG,6,1.791759469,2.53,0.928219303,0,23.08,0.118820051,0.210272984,0.284394654,0.050539779,10.79695991,0.252884133,0.034080876,0.045029137
67,134,67134,Spring,FG,56,4.025351691,1.29,0.254642218,1,57.29,0.118820051,0.210272984,0.284394654,0.050539779,10.79695991,0.252884133,0.034080876,0.045029137
67,120,67120,Winter,FG,8,2.079441542,1.99,0.688134639,1,32.66,0.118820051,0.210272984,0.284394654,0.050539779,10.79695991,0.252884133,0.034080876,0.045029137
67,77,67077,Spring,FG,4,1.386294361,2.53,0.928219303,0,40.4,0.118820051,0.210272984,0.284394654,0.050539779,10.79695991,0.252884133,0.034080876,0.045029137
67,195,67195,Summer,FG,20,2.995732274,1.66,0.506817602,1,28.01,0.118820051,0.210272984,0.284394654,0.050539779,10.79695991,0.252884133,0.034080876,0.045029137
67,186,67186,Spring,FG,8,2.079441542,1.79,0.58221562,1,30.5,0.118820051,0.210272984,0.284394654,0.050539779,10.79695991,0.252884133,0.034080876,0.045029137
67,126,67126,Winter,FG,15,2.708050201,1.79,0.58221562,0,11.45,0.118820051,0.210272984,0.284394654,0.050539779,10.79695991,0.252884133,0.034080876,0.045029137
67,35,67035,Spring,FG,121,4.795790546,2.29,0.828551818,0,15.02,0.118820051,0.210272984,0.284394654,0.050539779,10.79695991,0.252884133,0.034080876,0.045029137
67,85,67085,Spring,FG,18,2.890371758,1.79,0.58221562,0,20.28,0.118820051,0.210272984,0.284394654,0.050539779,10.79695991,0.252884133,0.034080876,0.045029137
67,156,67156,Fall,FG,17,2.833213344,1.92,0.652325186,0,21.61,0.118820051,0.210272984,0.284394654,0.050539779,10.79695991,0.252884133,0.034080876,0.045029137
67,103,67103,Fall,FG,1,0,2.53,0.928219303,0,45.85,0.118820051,0.210272984,0.284394654,0.050539779,10.79695991,0.252884133,0.034080876,0.045029137
67,160,67160,Fall,FG,36,3.583518938,1.92,0.652325186,1,30.16,0.118820051,0.210272984,0.284394654,0.050539779,10.79695991,0.252884133,0.034080876,0.045029137
67,51,67051,Fall,FG,6,1.791759469,2.36,0.858661619,1,27.2,0.118820051,0.210272984,0.284394654,0.050539779,10.79695991,0.252884133,0.034080876,0.045029137
67,112,67112,Fall,FG,18,2.890371758,1.99,0.688134639,0,39.7,0.118820051,0.210272984,0.284394654,0.050539779,10.79695991,0.252884133,0.034080876,0.045029137
67,185,67185,Spring,FG,19,2.944438979,1.79,0.58221562,0,30.5,0.118820051,0.210272984,0.284394654,0.050539779,10.79695991,0.252884133,0.034080876,0.045029137
67,68,67068,Winter,FG,14,2.63905733,1.99,0.688134639,1,25.08,0.118820051,0.210272984,0.284394654,0.050539779,10.79695991,0.252884133,0.034080876,0.045029137
67,56,67056,Fall,FG,4,1.386294361,2.53,0.928219303,0,32.37,0.118820051,0.210272984,0.284394654,0.050539779,10.79695991,0.252884133,0.034080876,0.045029137
67,48,67048,Summer,FG,2,0.693147181,2.36,0.858661619,0,23.77,0.118820051,0.210272984,0.284394654,0.050539779,10.79695991,0.252884133,0.034080876,0.045029137
67,182,67182,Spring,FG,81,4.394449155,1.79,0.58221562,1,23.3,0.118820051,0.210272984,0.284394654,0.050539779,10.79695991,0.252884133,0.034080876,0.045029137
67,70,67070,Winter,FG,11,2.397895273,2.53,0.928219303,0,40.99,0.118820051,0.210272984,0.284394654,0.050539779,10.79695991,0.252884133,0.034080876,0.045029137
67,113,67113,Fall,FG,6,1.791759469,1.99,0.688134639,0,39.7,0.118820051,0.210272984,0.284394654,0.050539779,10.79695991,0.252884133,0.034080876,0.045029137
67,40,67040,Summer,FG,8,2.079441542,1.85,0.615185639,1,11.03,0.118820051,0.210272984,0.284394654,0.050539779,10.79695991,0.252884133,0.034080876,0.045029137
67,46,67046,Summer,FG,6,1.791759469,2.37,0.862889955,1,26.03,0.118820051,0.210272984,0.284394654,0.050539779,10.79695991,0.252884133,0.034080876,0.045029137
67,80,67080,Spring,FG,2,0.693147181,2.19,0.783901544,1,32.79,0.118820051,0.210272984,0.284394654,0.050539779,10.79695991,0.252884133,0.034080876,0.045029137
67,164,67164,Fall,FG,8,2.079441542,1.92,0.652325186,0,19.9,0.118820051,0.210272984,0.284394654,0.050539779,10.79695991,0.252884133,0.034080876,0.045029137
67,86,67086,Spring,FG,11,2.397895273,1.79,0.58221562,0,27.32,0.118820051,0.210272984,0.284394654,0.050539779,10.79695991,0.252884133,0.034080876,0.045029137
67,167,67167,Winter,FG,13,2.564949357,1.92,0.652325186,0,11.88,0.118820051,0.210272984,0.284394654,0.050539779,10.79695991,0.252884133,0.034080876,0.045029137
67,87,67087,Spring,FG,31,3.433987204,2.53,0.928219303,0,49.01,0.118820051,0.210272984,0.284394654,0.050539779,10.79695991,0.252884133,0.034080876,0.045029137
67,74,67074,Winter,FG,34,3.526360525,1.99,0.688134639,0,20.2,0.118820051,0.210272984,0.284394654,0.050539779,10.79695991,0.252884133,0.034080876,0.045029137
67,132,67132,Spring,FG,20,2.995732274,1.59,0.463734016,0,9.37,0.118820051,0.210272984,0.284394654,0.050539779,10.79695991,0.252884133,0.034080876,0.045029137
67,104,67104,Fall,FG,8,2.079441542,1.99,0.688134639,1,31.16,0.118820051,0.210272984,0.284394654,0.050539779,10.79695991,0.252884133,0.034080876,0.045029137
