Group Assignment 2/Orange Juice Assignment 2.csv
STORE,Week,STOREWEEK,Season,BRAND,MOVE,logmove,PRICE,logprice,Feat,PROFIT,AGE9,AGE60,EDUC,ETHNIC,INCOME,SINGLE,POVERTY,NOCAR
102,59,102059,Fall,FG,58,4.060443011,1.99,0.688134639,0,10,0.14694592,0.216626232,0.120657539,0.172158585,10.49385422,0.285636477,0.068706795,0.114071326
102,102,102102,Fall,FG,11,2.397895273,2.53,0.928219303,0,45.84,0.14694592,0.216626232,0.120657539,0.172158585,10.49385422,0.285636477,0.068706795,0.114071326
102,61,102061,Fall,FG,10,2.302585093,2.53,0.928219303,0,29.21,0.14694592,0.216626232,0.120657539,0.172158585,10.49385422,0.285636477,0.068706795,0.114071326
102,62,102062,Fall,FG,10,2.302585093,2.53,0.928219303,1,29.21,0.14694592,0.216626232,0.120657539,0.172158585,10.49385422,0.285636477,0.068706795,0.114071326
102,30,102030,Spring,FG,6,1.791759469,2.53,0.928219303,0,25.85,0.14694592,0.216626232,0.120657539,0.172158585,10.49385422,0.285636477,0.068706795,0.114071326
102,64,102064,Winter,FG,20,2.995732274,2.53,0.928219303,0,39.21,0.14694592,0.216626232,0.120657539,0.172158585,10.49385422,0.285636477,0.068706795,0.114071326
102,18,102018,Winter,FG,12,2.48490665,2.04,0.712949808,0,20.15,0.14694592,0.216626232,0.120657539,0.172158585,10.49385422,0.285636477,0.068706795,0.114071326
102,44,102044,Summer,FG,38,3.63758616,2.37,0.862889955,1,23.16,0.14694592,0.216626232,0.120657539,0.172158585,10.49385422,0.285636477,0.068706795,0.114071326
102,53,102053,Fall,FG,44,3.784189634,1.99,0.688134639,1,14.62,0.14694592,0.216626232,0.120657539,0.172158585,10.49385422,0.285636477,0.068706795,0.114071326
102,47,102047,Summer,FG,59,4.077537444,2.53,0.928219303,0,28.89,0.14694592,0.216626232,0.120657539,0.172158585,10.49385422,0.285636477,0.068706795,0.114071326
102,38,102038,Summer,FG,47,3.850147602,2.53,0.928219303,1,23.08,0.14694592,0.216626232,0.120657539,0.172158585,10.49385422,0.285636477,0.068706795,0.114071326
102,111,102111,Fall,FG,7,1.945910149,1.99,0.688134639,0,39.69,0.14694592,0.216626232,0.120657539,0.172158585,10.49385422,0.285636477,0.068706795,0.114071326
102,19,102019,Winter,FG,36,3.583518938,2.04,0.712949808,0,23.73,0.14694592,0.216626232,0.120657539,0.172158585,10.49385422,0.285636477,0.068706795,0.114071326
102,112,102112,Fall,FG,86,4.454347296,1.99,0.688134639,0,39.69,0.14694592,0.216626232,0.120657539,0.172158585,10.49385422,0.285636477,0.068706795,0.114071326
102,139,102139,Spring,FG,53,3.970291914,1.79,0.58221562,0,5.86,0.14694592,0.216626232,0.120657539,0.172158585,10.49385422,0.285636477,0.068706795,0.114071326
102,94,102094,Summer,FG,4,1.386294361,2.53,0.928219303,0,53.12,0.14694592,0.216626232,0.120657539,0.172158585,10.49385422,0.285636477,0.068706795,0.114071326
102,101,102101,Summer,FG,3,1.098612289,2.53,0.928219303,0,45.84,0.14694592,0.216626232,0.120657539,0.172158585,10.49385422,0.285636477,0.068706795,0.114071326
102,169,102169,Winter,FG,35,3.555348061,1.79,0.58221562,0,20.33,0.14694592,0.216626232,0.120657539,0.172158585,10.49385422,0.285636477,0.068706795,0.114071326
102,60,102060,Fall,FG,42,3.737669618,1.99,0.688134639,1,10,0.14694592,0.216626232,0.120657539,0.172158585,10.49385422,0.285636477,0.068706795,0.114071326
102,24,102024,Spring,FG,84,4.430816799,2.39,0.871293366,0,21.46,0.14694592,0.216626232,0.120657539,0.172158585,10.49385422,0.285636477,0.068706795,0.114071326
102,63,102063,Winter,FG,12,2.48490665,2.53,0.928219303,1,29.21,0.14694592,0.216626232,0.120657539,0.172158585,10.49385422,0.285636477,0.068706795,0.114071326
102,39,102039,Summer,FG,169,5.129898715,2.53,0.928219303,0,34.94,0.14694592,0.216626232,0.120657539,0.172158585,10.49385422,0.285636477,0.068706795,0.114071326
102,83,102083,Spring,FG,32,3.465735903,1.79,0.58221562,1,20.28,0.14694592,0.216626232,0.120657539,0.172158585,10.49385422,0.285636477,0.068706795,0.114071326
102,140,102140,Spring,FG,30,3.401197382,1.79,0.58221562,0,5.86,0.14694592,0.216626232,0.120657539,0.172158585,10.49385422,0.285636477,0.068706795,0.114071326
102,20,102020,Winter,FG,34,3.526360525,2.04,0.712949808,1,23.73,0.14694592,0.216626232,0.120657539,0.172158585,10.49385422,0.285636477,0.068706795,0.114071326
102,162,102162,Fall,FG,55,4.007333185,1.69,0.524728529,1,11.18,0.14694592,0.216626232,0.120657539,0.172158585,10.49385422,0.285636477,0.068706795,0.114071326
102,74,102074,Winter,FG,10,2.302585093,1.99,0.688134639,0,20.2,0.14694592,0.216626232,0.120657539,0.172158585,10.49385422,0.285636477,0.068706795,0.114071326
102,46,102046,Summer,FG,48,3.871201011,2.37,0.862889955,1,26.03,0.14694592,0.216626232,0.120657539,0.172158585,10.49385422,0.285636477,0.068706795,0.114071326
102,87,102087,Spring,FG,16,2.772588722,2.53,0.928219303,0,49.01,0.14694592,0.216626232,0.120657539,0.172158585,10.49385422,0.285636477,0.068706795,0.114071326
102,36,102036,Spring,FG,54,3.988984047,2.53,0.928219303,0,23.08,0.14694592,0.216626232,0.120657539,0.172158585,10.49385422,0.285636477,0.068706795,0.114071326
102,9,102009,Fall,FG,6,1.791759469,2.09,0.737164066,0,25.65,0.14694592,0.216626232,0.120657539,0.172158585,10.49385422,0.285636477,0.068706795,0.114071326
102,124,102124,Winter,FG,73,4.290459441,1.79,0.58221562,0,11.84,0.14694592,0.216626232,0.120657539,0.172158585,10.49385422,0.285636477,0.068706795,0.114071326
102,56,102056,Fall,FG,27,3.295836866,2.53,0.928219303,0,32.37,0.14694592,0.216626232,0.120657539,0.172158585,10.49385422,0.285636477,0.068706795,0.114071326
102,119,102119,Winter,FG,12,2.48490665,1.99,0.688134639,0,30.2,0.14694592,0.216626232,0.120657539,0.172158585,10.49385422,0.285636477,0.068706795,0.114071326
102,106,102106,Fall,FG,60,4.094344562,1.99,0.688134639,0,32.31,0.14694592,0.216626232,0.120657539,0.172158585,10.49385422,0.285636477,0.068706795,0.114071326
102,175,102175,Winter,FG,25,3.218875825,1.71,0.536493371,1,16.43,0.14694592,0.216626232,0.120657539,0.172158585,10.49385422,0.285636477,0.068706795,0.114071326
102,33,102033,Spring,FG,10,2.302585093,2.53,0.928219303,0,23.08,0.14694592,0.216626232,0.120657539,0.172158585,10.49385422,0.285636477,0.068706795,0.114071326
102,155,102155,Fall,FG,37,3.610917913,1.74,0.553885113,0,13.5,0.14694592,0.216626232,0.120657539,0.172158585,10.49385422,0.285636477,0.068706795,0.114071326
32,196,32196,Summer,FG,20,2.995732274,2.22,0.797507196,0,46.17,0.099060632,0.254953032,0.198259861,0.031938514,10.67447502,0.265329599,0.037700865,0.071700834
32,69,32069,Winter,FG,34,3.526360525,1.99,0.688134639,1,24.97,0.099060632,0.254953032,0.198259861,0.031938514,10.67447502,0.265329599,0.037700865,0.071700834
32,151,32151,Summer,FG,35,3.555348061,2.09,0.737164066,1,26.32,0.099060632,0.254953032,0.198259861,0.031938514,10.67447502,0.265329599,0.037700865,0.071700834
32,114,32114,Fall,FG,18,2.890371758,1.99,0.688134639,1,37.04,0.099060632,0.254953032,0.198259861,0.031938514,10.67447502,0.265329599,0.037700865,0.071700834
32,162,32162,Fall,FG,81,4.394449155,1.69,0.524728529,1,11.48,0.099060632,0.254953032,0.198259861,0.031938514,10.67447502,0.265329599,0.037700865,0.071700834
32,105,32105,Fall,FG,29,3.36729583,1.99,0.688134639,0,31.96,0.099060632,0.254953032,0.198259861,0.031938514,10.67447502,0.265329599,0.037700865,0.071700834
32,185,32185,Spring,FG,18,2.890371758,1.79,0.58221562,0,30.5,0.099060632,0.254953032,0.198259861,0.031938514,10.67447502,0.265329599,0.037700865,0.071700834
32,148,32148,Summer,FG,17,2.833213344,2.09,0.737164066,0,29.04,0.099060632,0.254953032,0.198259861,0.031938514,10.67447502,0.265329599,0.037700865,0.071700834
32,164,32164,Fall,FG,10,2.302585093,2.22,0.797507196,0,30.72,0.099060632,0.254953032,0.198259861,0.031938514,10.67447502,0.265329599,0.037700865,0.071700834
32,115,32115,Winter,FG,12,2.48490665,1.99,0.688134639,1,37.04,0.099060632,0.254953032,0.198259861,0.031938514,10.67447502,0.265329599,0.037700865,0.071700834
32,160,32160,Fall,FG,20,2.995732274,2.22,0.797507196,1,39.59,0.099060632,0.254953032,0.198259861,0.031938514,10.67447502,0.265329599,0.037700865,0.071700834
32,38,32038,Summer,FG,18,2.890371758,2.59,0.951657876,1,24.86,0.099060632,0.254953032,0.198259861,0.031938514,10.67447502,0.265329599,0.037700865,0.071700834
32,133,32133,Spring,FG,41,3.713572067,1.29,0.254642218,0,3.8,0.099060632,0.254953032,0.198259861,0.031938514,10.67447502,0.265329599,0.037700865,0.071700834
32,56,32056,Fall,FG,11,2.397895273,3.08,1.124929597,0,44.45,0.099060632,0.254953032,0.198259861,0.031938514,10.67447502,0.265329599,0.037700865,0.071700834
32,172,32172,Winter,FG,19,2.944438979,1.69,0.524728529,1,20.41,0.099060632,0.254953032,0.198259861,0.031938514,10.67447502,0.265329599,0.037700865,0.071700834
32,27,32027,Spring,FG,9,2.197224577,3.08,1.124929597,0,39.09,0.099060632,0.254953032,0.198259861,0.031938514,10.67447502,0.265329599,0.037700865,0.071700834
32,129,32129,Spring,FG,11,2.397895273,2.39,0.871293366,0,39.71,0.099060632,0.254953032,0.198259861,0.031938514,10.67447502,0.265329599,0.037700865,0.071700834
32,88,32088,Spring,FG,318,5.762051383,1.69,0.524728529,1,24.08,0.099060632,0.254953032,0.198259861,0.031938514,10.67447502,0.265329599,0.037700865,0.071700834
32,98,32098,Summer,FG,6,1.791759469,2.49,0.91228271,0,48.47,0.099060632,0.254953032,0.198259861,0.031938514,10.67447502,0.265329599,0.037700865,0.071700834
32,161,32161,Fall,FG,11,2.397895273,2.22,0.797507196,0,39.59,0.099060632,0.254953032,0.198259861,0.031938514,10.67447502,0.265329599,0.037700865,0.071700834
32,1,32001,Fall,FG,46,3.828641396,2.29,0.828551818,0,23.41,0.099060632,0.254953032,0.198259861,0.031938514,10.67447502,0.265329599,0.037700865,0.071700834
32,31,32031,Spring,FG,18,2.890371758,3.08,1.124929597,0,33.73,0.099060632,0.254953032,0.198259861,0.031938514,10.67447502,0.265329599,0.037700865,0.071700834
32,96,32096,Summer,FG,6,1.791759469,2.49,0.91228271,0,52.37,0.099060632,0.254953032,0.198259861,0.031938514,10.67447502,0.265329599,0.037700865,0.071700834
32,83,32083,Spring,FG,36,3.583518938,1.79,0.58221562,1,20.28,0.099060632,0.254953032,0.198259861,0.031938514,10.67447502,0.265329599,0.037700865,0.071700834
32,20,32020,Winter,FG,52,3.951243719,2.31,0.837247525,1,32.64,0.099060632,0.254953032,0.198259861,0.031938514,10.67447502,0.265329599,0.037700865,0.071700834
32,73,32073,Winter,FG,97,4.574710979,1.99,0.688134639,1,24.97,0.099060632,0.254953032,0.198259861,0.031938514,10.67447502,0.265329599,0.037700865,0.071700834
32,124,32124,Winter,FG,11,2.397895273,2.39,0.871293366,0,34.02,0.099060632,0.254953032,0.198259861,0.031938514,10.67447502,0.265329599,0.037700865,0.071700834
32,175,32175,Winter,FG,37,3.610917913,2.06,0.722705983,1,30.63,0.099060632,0.254953032,0.198259861,0.031938514,10.67447502,0.265329599,0.037700865,0.071700834
32,26,32026,Spring,FG,6,1.791759469,3.08,1.124929597,0,34.55,0.099060632,0.254953032,0.198259861,0.031938514,10.67447502,0.265329599,0.037700865,0.071700834
32,92,32092,Summer,FG,176,5.170483995,1.86,0.620576488,1,31.02,0.099060632,0.254953032,0.198259861,0.031938514,10.67447502,0.265329599,0.037700865,0.071700834
32,82,32082,Spring,FG,17,2.833213344,2.49,0.91228271,0,40.56,0.099060632,0.254953032,0.198259861,0.031938514,10.67447502,0.265329599,0.037700865,0.071700834
32,29,32029,Spring,FG,7,1.945910149,3.08,1.124929597,0,39.09,0.099060632,0.254953032,0.198259861,0.031938514,10.67447502,0.265329599,0.037700865,0.071700834
134,197,134197,Summer,FG,6,1.791759469,2,0.693147181,0,40.25,0.192817818,0.090152653,0.247949139,0.105855856,10.7225182,0.219711825,0.027977463,0.021371673
134,76,134076,Spring,FG,12,2.48490665,1.99,0.688134639,0,24.22,0.192817818,0.090152653,0.247949139,0.105855856,10.7225182,0.219711825,0.027977463,0.021371673
134,189,134189,Spring,FG,14,2.63905733,1.9,0.641853886,1,38.47,0.192817818,0.090152653,0.247949139,0.105855856,10.7225182,0.219711825,0.027977463,0.021371673
134,66,134066,Winter,FG,36,3.583518938,1.99,0.688134639,0,29.75,0.192817818,0.090152653,0.247949139,0.105855856,10.7225182,0.219711825,0.027977463,0.021371673
134,114,134114,Fall,FG,3,1.098612289,1.89,0.636576829,0,33.7,0.192817818,0.090152653,0.247949139,0.105855856,10.7225182,0.219711825,0.027977463,0.021371673
134,140,134140,Spring,FG,50,3.912023005,1.79,0.58221562,0,5.86,0.192817818,0.090152653,0.247949139,0.105855856,10.7225182,0.219711825,0.027977463,0.021371673
134,147,134147,Summer,FG,37,3.610917913,1.79,0.58221562,0,13.12,0.192817818,0.090152653,0.247949139,0.105855856,10.7225182,0.219711825,0.027977463,0.021371673
134,123,134123,Winter,FG,19,2.944438979,1.83,0.604315967,0,13.82,0.192817818,0.090152653,0.247949139,0.105855856,10.7225182,0.219711825,0.027977463,0.021371673
134,116,134116,Winter,FG,9,2.197224577,1.49,0.39877612,1,29.32,0.192817818,0.090152653,0.247949139,0.105855856,10.7225182,0.219711825,0.027977463,0.021371673
134,193,134193,Summer,FG,82,4.406719247,1.49,0.39877612,1,20.33,0.192817818,0.090152653,0.247949139,0.105855856,10.7225182,0.219711825,0.027977463,0.021371673
134,69,134069,Winter,FG,11,2.397895273,1.99,0.688134639,1,25.08,0.192817818,0.090152653,0.247949139,0.105855856,10.7225182,0.219711825,0.027977463,0.021371673
134,192,134192,Spring,FG,62,4.127134385,1.49,0.39877612,1,24.63,0.192817818,0.090152653,0.247949139,0.105855856,10.7225182,0.219711825,0.027977463,0.021371673
134,183,134183,Spring,FG,14,2.63905733,1.85,0.615185639,0,25.78,0.192817818,0.090152653,0.247949139,0.105855856,10.7225182,0.219711825,0.027977463,0.021371673
134,179,134179,Winter,FG,8,2.079441542,1.88,0.631271777,0,27.6,0.192817818,0.090152653,0.247949139,0.105855856,10.7225182,0.219711825,0.027977463,0.021371673
134,106,134106,Fall,FG,3,1.098612289,1.99,0.688134639,0,32.31,0.192817818,0.090152653,0.247949139,0.105855856,10.7225182,0.219711825,0.027977463,0.021371673
134,104,134104,Fall,FG,10,2.302585093,1.99,0.688134639,0,31.5,0.192817818,0.090152653,0.247949139,0.105855856,10.7225182,0.219711825,0.027977463,0.021371673
134,129,134129,Spring,FG,25,3.218875825,1.73,0.548121409,0,16.7,0.192817818,0.090152653,0.247949139,0.105855856,10.7225182,0.219711825,0.027977463,0.021371673
134,67,134067,Winter,FG,34,3.526360525,1.99,0.688134639,0,25.08,0.192817818,0.090152653,0.247949139,0.105855856,10.7225182,0.219711825,0.027977463,0.021371673
