Group Assignment 2/Orange Juice Assignment 2.csv
STORE,Week,STOREWEEK,Season,BRAND,MOVE,logmove,PRICE,logprice,Feat,PROFIT,AGE9,AGE60,EDUC,ETHNIC,INCOME,SINGLE,POVERTY,NOCAR
98,64,98064,Winter,FG,14,2.63905733,2.53,0.928219303,0,39.21,0.118516496,0.24920053,0.051702821,0.164963731,10.57359638,0.275618876,0.065095636,0.149392499
98,97,98097,Summer,FG,15,2.708050201,2.36,0.858661619,0,45.63,0.118516496,0.24920053,0.051702821,0.164963731,10.57359638,0.275618876,0.065095636,0.149392499
98,128,98128,Spring,FG,47,3.850147602,1.79,0.58221562,0,19.49,0.118516496,0.24920053,0.051702821,0.164963731,10.57359638,0.275618876,0.065095636,0.149392499
98,165,98165,Fall,FG,28,3.33220451,1.79,0.58221562,0,14.07,0.118516496,0.24920053,0.051702821,0.164963731,10.57359638,0.275618876,0.065095636,0.149392499
98,169,98169,Winter,FG,35,3.555348061,1.79,0.58221562,0,19.77,0.118516496,0.24920053,0.051702821,0.164963731,10.57359638,0.275618876,0.065095636,0.149392499
98,53,98053,Fall,FG,219,5.38907173,1.99,0.688134639,1,14.62,0.118516496,0.24920053,0.051702821,0.164963731,10.57359638,0.275618876,0.065095636,0.149392499
98,108,98108,Fall,FG,8,2.079441542,2.32,0.841567186,0,43.75,0.118516496,0.24920053,0.051702821,0.164963731,10.57359638,0.275618876,0.065095636,0.149392499
98,87,98087,Spring,FG,16,2.772588722,2.53,0.928219303,0,49.01,0.118516496,0.24920053,0.051702821,0.164963731,10.57359638,0.275618876,0.065095636,0.149392499
98,112,98112,Fall,FG,40,3.688879454,1.99,0.688134639,1,39.69,0.118516496,0.24920053,0.051702821,0.164963731,10.57359638,0.275618876,0.065095636,0.149392499
98,63,98063,Winter,FG,11,2.397895273,2.53,0.928219303,1,29.21,0.118516496,0.24920053,0.051702821,0.164963731,10.57359638,0.275618876,0.065095636,0.149392499
98,171,98171,Winter,FG,30,3.401197382,1.69,0.524728529,1,20.41,0.118516496,0.24920053,0.051702821,0.164963731,10.57359638,0.275618876,0.065095636,0.149392499
98,119,98119,Winter,FG,20,2.995732274,1.99,0.688134639,1,31.55,0.118516496,0.24920053,0.051702821,0.164963731,10.57359638,0.275618876,0.065095636,0.149392499
98,34,98034,Spring,FG,20,2.995732274,2.53,0.928219303,0,23.08,0.118516496,0.24920053,0.051702821,0.164963731,10.57359638,0.275618876,0.065095636,0.149392499
98,33,98033,Spring,FG,17,2.833213344,2.53,0.928219303,0,23.08,0.118516496,0.24920053,0.051702821,0.164963731,10.57359638,0.275618876,0.065095636,0.149392499
98,58,98058,Fall,FG,40,3.688879454,1.99,0.688134639,1,24.12,0.118516496,0.24920053,0.051702821,0.164963731,10.57359638,0.275618876,0.065095636,0.149392499
98,43,98043,Summer,FG,23,3.135494216,2.53,0.928219303,0,23.08,0.118516496,0.24920053,0.051702821,0.164963731,10.57359638,0.275618876,0.065095636,0.149392499
98,13,98013,Winter,FG,16,2.772588722,2.03,0.708035793,0,23.35,0.118516496,0.24920053,0.051702821,0.164963731,10.57359638,0.275618876,0.065095636,0.149392499
98,105,98105,Fall,FG,80,4.382026635,1.99,0.688134639,0,32.11,0.118516496,0.24920053,0.051702821,0.164963731,10.57359638,0.275618876,0.065095636,0.149392499
98,37,98037,Summer,FG,23,3.135494216,2.53,0.928219303,0,23.08,0.118516496,0.24920053,0.051702821,0.164963731,10.57359638,0.275618876,0.065095636,0.149392499
98,16,98016,Winter,FG,19,2.944438979,2.03,0.708035793,1,23.35,0.118516496,0.24920053,0.051702821,0.164963731,10.57359638,0.275618876,0.065095636,0.149392499
98,77,98077,Spring,FG,12,2.48490665,2.53,0.928219303,0,40.4,0.118516496,0.24920053,0.051702821,0.164963731,10.57359638,0.275618876,0.065095636,0.149392499
98,24,98024,Spring,FG,39,3.663561646,2.09,0.737164066,0,10.19,0.118516496,0.24920053,0.051702821,0.164963731,10.57359638,0.275618876,0.065095636,0.149392499
98,93,98093,Summer,FG,110,4.700480366,1.29,0.254642218,0,8.21,0.118516496,0.24920053,0.051702821,0.164963731,10.57359638,0.275618876,0.065095636,0.149392499
98,145,98145,Summer,FG,52,3.951243719,1.79,0.58221562,0,5.86,0.118516496,0.24920053,0.051702821,0.164963731,10.57359638,0.275618876,0.065095636,0.149392499
98,118,98118,Winter,FG,23,3.135494216,1.99,0.688134639,1,32.66,0.118516496,0.24920053,0.051702821,0.164963731,10.57359638,0.275618876,0.065095636,0.149392499
98,109,98109,Fall,FG,6,1.791759469,2.26,0.815364813,0,46.85,0.118516496,0.24920053,0.051702821,0.164963731,10.57359638,0.275618876,0.065095636,0.149392499
98,41,98041,Summer,FG,7,1.945910149,2.53,0.928219303,0,27.51,0.118516496,0.24920053,0.051702821,0.164963731,10.57359638,0.275618876,0.065095636,0.149392499
18,119,18119,Winter,FG,2,0.693147181,1.99,0.688134639,0,32.66,0.110094984,0.272313368,0.072246456,0.074417144,10.39197554,0.256403079,0.075727381,0.141974694
18,111,18111,Fall,FG,9,2.197224577,1.99,0.688134639,0,39.7,0.110094984,0.272313368,0.072246456,0.074417144,10.39197554,0.256403079,0.075727381,0.141974694
18,108,18108,Fall,FG,7,1.945910149,2.53,0.928219303,1,47.04,0.110094984,0.272313368,0.072246456,0.074417144,10.39197554,0.256403079,0.075727381,0.141974694
18,116,18116,Winter,FG,7,1.945910149,1.29,0.254642218,0,18.37,0.110094984,0.272313368,0.072246456,0.074417144,10.39197554,0.256403079,0.075727381,0.141974694
18,3,18003,Fall,FG,5,1.609437912,2.19,0.783901544,1,19.91,0.110094984,0.272313368,0.072246456,0.074417144,10.39197554,0.256403079,0.075727381,0.141974694
18,193,18193,Summer,FG,93,4.532599493,1.49,0.39877612,1,20.34,0.110094984,0.272313368,0.072246456,0.074417144,10.39197554,0.256403079,0.075727381,0.141974694
18,24,18024,Spring,FG,30,3.401197382,2.39,0.871293366,0,21.46,0.110094984,0.272313368,0.072246456,0.074417144,10.39197554,0.256403079,0.075727381,0.141974694
18,115,18115,Winter,FG,3,1.098612289,1.99,0.688134639,1,37.04,0.110094984,0.272313368,0.072246456,0.074417144,10.39197554,0.256403079,0.075727381,0.141974694
18,97,18097,Summer,FG,3,1.098612289,2.53,0.928219303,0,49.29,0.110094984,0.272313368,0.072246456,0.074417144,10.39197554,0.256403079,0.075727381,0.141974694
18,141,18141,Summer,FG,13,2.564949357,1.79,0.58221562,0,5.87,0.110094984,0.272313368,0.072246456,0.074417144,10.39197554,0.256403079,0.075727381,0.141974694
18,63,18063,Winter,FG,13,2.564949357,2.53,0.928219303,1,29.21,0.110094984,0.272313368,0.072246456,0.074417144,10.39197554,0.256403079,0.075727381,0.141974694
18,104,18104,Fall,FG,37,3.610917913,1.99,0.688134639,1,31.16,0.110094984,0.272313368,0.072246456,0.074417144,10.39197554,0.256403079,0.075727381,0.141974694
18,20,18020,Winter,FG,38,3.63758616,1.99,0.688134639,1,21.81,0.110094984,0.272313368,0.072246456,0.074417144,10.39197554,0.256403079,0.075727381,0.141974694
18,44,18044,Summer,FG,25,3.218875825,2.37,0.862889955,1,23.16,0.110094984,0.272313368,0.072246456,0.074417144,10.39197554,0.256403079,0.075727381,0.141974694
18,174,18174,Winter,FG,11,2.397895273,1.79,0.58221562,0,13.24,0.110094984,0.272313368,0.072246456,0.074417144,10.39197554,0.256403079,0.075727381,0.141974694
18,138,18138,Spring,FG,27,3.295836866,1.79,0.58221562,0,5.87,0.110094984,0.272313368,0.072246456,0.074417144,10.39197554,0.256403079,0.075727381,0.141974694
18,201,18201,Summer,FG,3,1.098612289,2.09,0.737164066,0,47.6,0.110094984,0.272313368,0.072246456,0.074417144,10.39197554,0.256403079,0.075727381,0.141974694
18,131,18131,Spring,FG,19,2.944438979,1.59,0.463734016,1,9.37,0.110094984,0.272313368,0.072246456,0.074417144,10.39197554,0.256403079,0.075727381,0.141974694
18,54,18054,Fall,FG,10,2.302585093,2.53,0.928219303,0,32.85,0.110094984,0.272313368,0.072246456,0.074417144,10.39197554,0.256403079,0.075727381,0.141974694
18,56,18056,Fall,FG,25,3.218875825,2.53,0.928219303,0,32.37,0.110094984,0.272313368,0.072246456,0.074417144,10.39197554,0.256403079,0.075727381,0.141974694
18,121,18121,Winter,FG,49,3.891820298,1.79,0.58221562,1,30.39,0.110094984,0.272313368,0.072246456,0.074417144,10.39197554,0.256403079,0.075727381,0.141974694
18,107,18107,Fall,FG,11,2.397895273,1.99,0.688134639,1,32.31,0.110094984,0.272313368,0.072246456,0.074417144,10.39197554,0.256403079,0.075727381,0.141974694
18,181,18181,Spring,FG,11,2.397895273,1.64,0.494696242,1,17.01,0.110094984,0.272313368,0.072246456,0.074417144,10.39197554,0.256403079,0.075727381,0.141974694
18,60,18060,Fall,FG,6,1.791759469,1.99,0.688134639,1,10,0.110094984,0.272313368,0.072246456,0.074417144,10.39197554,0.256403079,0.075727381,0.141974694
18,106,18106,Fall,FG,7,1.945910149,1.99,0.688134639,1,32.31,0.110094984,0.272313368,0.072246456,0.074417144,10.39197554,0.256403079,0.075727381,0.141974694
18,139,18139,Spring,FG,38,3.63758616,1.79,0.58221562,0,5.87,0.110094984,0.272313368,0.072246456,0.074417144,10.39197554,0.256403079,0.075727381,0.141974694
12,143,12143,Summer,FG,30,3.401197382,2.39,0.871293366,0,29.5,0.10569674,0.178341405,0.253412969,0.380697988,9.996659083,0.451637338,0.168864097,0.483517598
12,14,12014,Winter,FG,16,2.772588722,2.32,0.841567186,0,32.93,0.10569674,0.178341405,0.253412969,0.380697988,9.996659083,0.451637338,0.168864097,0.483517598
12,57,12057,Fall,FG,46,3.828641396,2.71,0.996948635,0,44.28,0.10569674,0.178341405,0.253412969,0.380697988,9.996659083,0.451637338,0.168864097,0.483517598
12,15,12015,Winter,FG,23,3.135494216,2.32,0.841567186,1,32.93,0.10569674,0.178341405,0.253412969,0.380697988,9.996659083,0.451637338,0.168864097,0.483517598
12,43,12043,Summer,FG,38,3.63758616,3.08,1.124929597,0,36.82,0.10569674,0.178341405,0.253412969,0.380697988,9.996659083,0.451637338,0.168864097,0.483517598
12,72,12072,Winter,FG,42,3.737669618,1.99,0.688134639,0,24.97,0.10569674,0.178341405,0.253412969,0.380697988,9.996659083,0.451637338,0.168864097,0.483517598
12,106,12106,Fall,FG,43,3.761200116,1.99,0.688134639,1,32.31,0.10569674,0.178341405,0.253412969,0.380697988,9.996659083,0.451637338,0.168864097,0.483517598
12,5,12005,Fall,FG,3,1.098612289,2.55,0.936093359,0,35.29,0.10569674,0.178341405,0.253412969,0.380697988,9.996659083,0.451637338,0.168864097,0.483517598
12,6,12006,Fall,FG,14,2.63905733,2.54,0.932164081,0,34.09,0.10569674,0.178341405,0.253412969,0.380697988,9.996659083,0.451637338,0.168864097,0.483517598
12,93,12093,Summer,FG,107,4.672828834,1.29,0.254642218,1,13.49,0.10569674,0.178341405,0.253412969,0.380697988,9.996659083,0.451637338,0.168864097,0.483517598
12,111,12111,Fall,FG,45,3.80666249,2.39,0.871293366,0,49.79,0.10569674,0.178341405,0.253412969,0.380697988,9.996659083,0.451637338,0.168864097,0.483517598
12,119,12119,Winter,FG,21,3.044522438,1.99,0.688134639,0,32.66,0.10569674,0.178341405,0.253412969,0.380697988,9.996659083,0.451637338,0.168864097,0.483517598
12,33,12033,Spring,FG,19,2.944438979,3.08,1.124929597,0,36.82,0.10569674,0.178341405,0.253412969,0.380697988,9.996659083,0.451637338,0.168864097,0.483517598
12,152,12152,Summer,FG,41,3.713572067,2.29,0.828551818,1,32.62,0.10569674,0.178341405,0.253412969,0.380697988,9.996659083,0.451637338,0.168864097,0.483517598
12,197,12197,Summer,FG,22,3.091042453,2.22,0.797507196,0,46.17,0.10569674,0.178341405,0.253412969,0.380697988,9.996659083,0.451637338,0.168864097,0.483517598
12,54,12054,Fall,FG,5,1.609437912,3.08,1.124929597,0,44.84,0.10569674,0.178341405,0.253412969,0.380697988,9.996659083,0.451637338,0.168864097,0.483517598
12,8,12008,Fall,FG,82,4.406719247,2.19,0.783901544,0,36.07,0.10569674,0.178341405,0.253412969,0.380697988,9.996659083,0.451637338,0.168864097,0.483517598
12,94,12094,Summer,FG,5,1.609437912,2.49,0.91228271,0,52.45,0.10569674,0.178341405,0.253412969,0.380697988,9.996659083,0.451637338,0.168864097,0.483517598
12,114,12114,Fall,FG,80,4.382026635,1.99,0.688134639,1,37.04,0.10569674,0.178341405,0.253412969,0.380697988,9.996659083,0.451637338,0.168864097,0.483517598
12,83,12083,Spring,FG,117,4.762173935,1.79,0.58221562,1,20.28,0.10569674,0.178341405,0.253412969,0.380697988,9.996659083,0.451637338,0.168864097,0.483517598
12,39,12039,Summer,FG,39,3.663561646,3.08,1.124929597,0,46.56,0.10569674,0.178341405,0.253412969,0.380697988,9.996659083,0.451637338,0.168864097,0.483517598
12,34,12034,Spring,FG,14,2.63905733,3.08,1.124929597,0,36.82,0.10569674,0.178341405,0.253412969,0.380697988,9.996659083,0.451637338,0.168864097,0.483517598
12,163,12163,Fall,FG,31,3.433987204,2.39,0.871293366,0,35.82,0.10569674,0.178341405,0.253412969,0.380697988,9.996659083,0.451637338,0.168864097,0.483517598
12,9,12009,Fall,FG,41,3.713572067,2.54,0.932164081,0,38.82,0.10569674,0.178341405,0.253412969,0.380697988,9.996659083,0.451637338,0.168864097,0.483517598
12,95,12095,Summer,FG,3,1.098612289,2.49,0.91228271,0,52.37,0.10569674,0.178341405,0.253412969,0.380697988,9.996659083,0.451637338,0.168864097,0.483517598
12,167,12167,Winter,FG,7,1.945910149,2.39,0.871293366,0,29.21,0.10569674,0.178341405,0.253412969,0.380697988,9.996659083,0.451637338,0.168864097,0.483517598
12,101,12101,Summer,FG,17,2.833213344,2.49,0.91228271,0,44.98,0.10569674,0.178341405,0.253412969,0.380697988,9.996659083,0.451637338,0.168864097,0.483517598
12,74,12074,Winter,FG,111,4.709530201,1.99,0.688134639,0,20.2,0.10569674,0.178341405,0.253412969,0.380697988,9.996659083,0.451637338,0.168864097,0.483517598
12,96,12096,Summer,FG,5,1.609437912,2.49,0.91228271,0,52.37,0.10569674,0.178341405,0.253412969,0.380697988,9.996659083,0.451637338,0.168864097,0.483517598
12,2,12002,Fall,FG,40,3.688879454,2.29,0.828551818,0,23.41,0.10569674,0.178341405,0.253412969,0.380697988,9.996659083,0.451637338,0.168864097,0.483517598
12,159,12159,Fall,FG,351,5.860786223,1.59,0.463734016,1,15.66,0.10569674,0.178341405,0.253412969,0.380697988,9.996659083,0.451637338,0.168864097,0.483517598
12,63,12063,Winter,FG,22,3.091042453,2.79,1.026041596,1,35.81,0.10569674,0.178341405,0.253412969,0.380697988,9.996659083,0.451637338,0.168864097,0.483517598
12,47,12047,Summer,FG,4,1.386294361,3.08,1.124929597,0,41.59,0.10569674,0.178341405,0.253412969,0.380697988,9.996659083,0.451637338,0.168864097,0.483517598
12,28,12028,Spring,FG,172,5.147494477,3.08,1.124929597,0,39.09,0.10569674,0.178341405,0.253412969,0.380697988,9.996659083,0.451637338,0.168864097,0.483517598
12,176,12176,Winter,FG,14,2.63905733,2.06,0.722705983,1,30.63,0.10569674,0.178341405,0.253412969,0.380697988,9.996659083,0.451637338,0.168864097,0.483517598
12,20,12020,Winter,FG,61,4.110873864,2.31,0.837247525,1,32.64,0.10569674,0.178341405,0.253412969,0.380697988,9.996659083,0.451637338,0.168864097,0.483517598
12,50,12050,Fall,FG,9,2.197224577,2.71,0.996948635,1,36.61,0.10569674,0.178341405,0.253412969,0.380697988,9.996659083,0.451637338,0.168864097,0.483517598
12,181,12181,Spring,FG,13,2.564949357,2.09,0.737164066,1,34.88,0.10569674,0.178341405,0.253412969,0.380697988,9.996659083,0.451637338,0.168864097,0.483517598
