Group Assignment 2/Orange Juice Assignment 2.csv
STORE,Week,STOREWEEK,Season,BRAND,MOVE,logmove,PRICE,logprice,Feat,PROFIT,AGE9,AGE60,EDUC,ETHNIC,INCOME,SINGLE,POVERTY,NOCAR
114,158,114158,Fall,FG,707,6.561030666,1.59,0.463734016,1,15.4,0.14681976,0.182173295,0.094424515,0.441169508,10.34794899,0.289701733,0.082858349,0.085277045
114,57,114057,Fall,FG,6,1.791759469,2.35,0.854415328,0,35.74,0.14681976,0.182173295,0.094424515,0.441169508,10.34794899,0.289701733,0.082858349,0.085277045
114,179,114179,Winter,FG,125,4.828313737,1.75,0.559615788,0,22.22,0.14681976,0.182173295,0.094424515,0.441169508,10.34794899,0.289701733,0.082858349,0.085277045
114,11,114011,Winter,FG,26,3.258096538,2.09,0.737164066,0,25.55,0.14681976,0.182173295,0.094424515,0.441169508,10.34794899,0.289701733,0.082858349,0.085277045
114,32,114032,Spring,FG,432,6.068425588,1.99,0.688134639,1,2.21,0.14681976,0.182173295,0.094424515,0.441169508,10.34794899,0.289701733,0.082858349,0.085277045
114,138,114138,Spring,FG,42,3.737669618,1.79,0.58221562,0,5.86,0.14681976,0.182173295,0.094424515,0.441169508,10.34794899,0.289701733,0.082858349,0.085277045
114,164,114164,Fall,FG,101,4.615120517,1.79,0.58221562,0,14.07,0.14681976,0.182173295,0.094424515,0.441169508,10.34794899,0.289701733,0.082858349,0.085277045
114,110,114110,Fall,FG,3,1.098612289,2.26,0.815364813,0,46.9,0.14681976,0.182173295,0.094424515,0.441169508,10.34794899,0.289701733,0.082858349,0.085277045
114,101,114101,Summer,FG,1,0,2.36,0.858661619,0,41.94,0.14681976,0.182173295,0.094424515,0.441169508,10.34794899,0.289701733,0.082858349,0.085277045
114,4,114004,Fall,FG,10,2.302585093,2.19,0.783901544,0,23.33,0.14681976,0.182173295,0.094424515,0.441169508,10.34794899,0.289701733,0.082858349,0.085277045
114,58,114058,Fall,FG,25,3.218875825,1.99,0.688134639,1,24.12,0.14681976,0.182173295,0.094424515,0.441169508,10.34794899,0.289701733,0.082858349,0.085277045
114,117,114117,Winter,FG,25,3.218875825,1.6,0.470003629,1,33.5,0.14681976,0.182173295,0.094424515,0.441169508,10.34794899,0.289701733,0.082858349,0.085277045
114,172,114172,Winter,FG,45,3.80666249,1.71,0.536493371,1,18.42,0.14681976,0.182173295,0.094424515,0.441169508,10.34794899,0.289701733,0.082858349,0.085277045
114,69,114069,Winter,FG,12,2.48490665,1.99,0.688134639,1,24.97,0.14681976,0.182173295,0.094424515,0.441169508,10.34794899,0.289701733,0.082858349,0.085277045
114,94,114094,Summer,FG,3,1.098612289,2.36,0.858661619,0,49.74,0.14681976,0.182173295,0.094424515,0.441169508,10.34794899,0.289701733,0.082858349,0.085277045
114,81,114081,Spring,FG,2,0.693147181,2.19,0.783901544,1,32.42,0.14681976,0.182173295,0.094424515,0.441169508,10.34794899,0.289701733,0.082858349,0.085277045
114,159,114159,Fall,FG,153,5.030437921,1.63,0.488580015,1,17.73,0.14681976,0.182173295,0.094424515,0.441169508,10.34794899,0.289701733,0.082858349,0.085277045
114,44,114044,Summer,FG,17,2.833213344,2.37,0.862889955,1,23.16,0.14681976,0.182173295,0.094424515,0.441169508,10.34794899,0.289701733,0.082858349,0.085277045
114,42,114042,Summer,FG,8,2.079441542,2.53,0.928219303,0,27.43,0.14681976,0.182173295,0.094424515,0.441169508,10.34794899,0.289701733,0.082858349,0.085277045
114,3,114003,Fall,FG,4,1.386294361,2.19,0.783901544,1,19.91,0.14681976,0.182173295,0.094424515,0.441169508,10.34794899,0.289701733,0.082858349,0.085277045
114,182,114182,Spring,FG,183,5.209486153,1.79,0.58221562,0,23.29,0.14681976,0.182173295,0.094424515,0.441169508,10.34794899,0.289701733,0.082858349,0.085277045
114,165,114165,Fall,FG,98,4.584967479,1.79,0.58221562,0,14.07,0.14681976,0.182173295,0.094424515,0.441169508,10.34794899,0.289701733,0.082858349,0.085277045
114,176,114176,Winter,FG,126,4.836281907,1.71,0.536493371,1,17.71,0.14681976,0.182173295,0.094424515,0.441169508,10.34794899,0.289701733,0.082858349,0.085277045
114,130,114130,Spring,FG,33,3.496507561,1.67,0.512823626,1,13.71,0.14681976,0.182173295,0.094424515,0.441169508,10.34794899,0.289701733,0.082858349,0.085277045
114,112,114112,Fall,FG,164,5.099866428,1.99,0.688134639,1,39.69,0.14681976,0.182173295,0.094424515,0.441169508,10.34794899,0.289701733,0.082858349,0.085277045
114,70,114070,Winter,FG,4,1.386294361,2.53,0.928219303,0,40.99,0.14681976,0.182173295,0.094424515,0.441169508,10.34794899,0.289701733,0.082858349,0.085277045
114,55,114055,Fall,FG,2,0.693147181,2.53,0.928219303,0,32.37,0.14681976,0.182173295,0.094424515,0.441169508,10.34794899,0.289701733,0.082858349,0.085277045
114,111,114111,Fall,FG,7,1.945910149,2.02,0.703097511,0,40.59,0.14681976,0.182173295,0.094424515,0.441169508,10.34794899,0.289701733,0.082858349,0.085277045
114,119,114119,Winter,FG,1,0,1.99,0.688134639,1,32.66,0.14681976,0.182173295,0.094424515,0.441169508,10.34794899,0.289701733,0.082858349,0.085277045
114,140,114140,Spring,FG,45,3.80666249,1.79,0.58221562,0,5.86,0.14681976,0.182173295,0.094424515,0.441169508,10.34794899,0.289701733,0.082858349,0.085277045
9,46,9046,Summer,FG,22,3.091042453,2.37,0.862889955,1,26.03,0.103503097,0.269119018,0.222172318,0.032618826,10.78715178,0.230005193,0.028060483,0.040127944
9,158,9158,Fall,FG,544,6.298949247,1.59,0.463734016,1,15.28,0.103503097,0.269119018,0.222172318,0.032618826,10.78715178,0.230005193,0.028060483,0.040127944
9,117,9117,Winter,FG,74,4.304065093,1.59,0.463734016,1,33.77,0.103503097,0.269119018,0.222172318,0.032618826,10.78715178,0.230005193,0.028060483,0.040127944
9,81,9081,Spring,FG,6,1.791759469,2.19,0.783901544,1,32.42,0.103503097,0.269119018,0.222172318,0.032618826,10.78715178,0.230005193,0.028060483,0.040127944
9,9,9009,Fall,FG,9,2.197224577,2.09,0.737164066,0,25.65,0.103503097,0.269119018,0.222172318,0.032618826,10.78715178,0.230005193,0.028060483,0.040127944
9,95,9095,Summer,FG,6,1.791759469,2.36,0.858661619,0,49.75,0.103503097,0.269119018,0.222172318,0.032618826,10.78715178,0.230005193,0.028060483,0.040127944
9,54,9054,Fall,FG,5,1.609437912,2.53,0.928219303,0,32.85,0.103503097,0.269119018,0.222172318,0.032618826,10.78715178,0.230005193,0.028060483,0.040127944
9,63,9063,Winter,FG,3,1.098612289,2.53,0.928219303,1,29.21,0.103503097,0.269119018,0.222172318,0.032618826,10.78715178,0.230005193,0.028060483,0.040127944
9,47,9047,Summer,FG,4,1.386294361,2.53,0.928219303,0,28.89,0.103503097,0.269119018,0.222172318,0.032618826,10.78715178,0.230005193,0.028060483,0.040127944
9,38,9038,Summer,FG,7,1.945910149,2.53,0.928219303,1,23.08,0.103503097,0.269119018,0.222172318,0.032618826,10.78715178,0.230005193,0.028060483,0.040127944
9,139,9139,Spring,FG,75,4.317488114,1.79,0.58221562,0,5.87,0.103503097,0.269119018,0.222172318,0.032618826,10.78715178,0.230005193,0.028060483,0.040127944
9,106,9106,Fall,FG,132,4.882801923,1.99,0.688134639,1,32.31,0.103503097,0.269119018,0.222172318,0.032618826,10.78715178,0.230005193,0.028060483,0.040127944
9,109,9109,Fall,FG,4,1.386294361,2.26,0.815364813,0,46.81,0.103503097,0.269119018,0.222172318,0.032618826,10.78715178,0.230005193,0.028060483,0.040127944
9,2,9002,Fall,FG,16,2.772588722,2.29,0.828551818,0,23.41,0.103503097,0.269119018,0.222172318,0.032618826,10.78715178,0.230005193,0.028060483,0.040127944
9,44,9044,Summer,FG,26,3.258096538,2.37,0.862889955,1,23.16,0.103503097,0.269119018,0.222172318,0.032618826,10.78715178,0.230005193,0.028060483,0.040127944
9,120,9120,Winter,FG,9,2.197224577,1.99,0.688134639,1,32.66,0.103503097,0.269119018,0.222172318,0.032618826,10.78715178,0.230005193,0.028060483,0.040127944
9,161,9161,Fall,FG,26,3.258096538,1.92,0.652325186,0,30.16,0.103503097,0.269119018,0.222172318,0.032618826,10.78715178,0.230005193,0.028060483,0.040127944
9,152,9152,Summer,FG,59,4.077537444,1.69,0.524728529,1,8.7,0.103503097,0.269119018,0.222172318,0.032618826,10.78715178,0.230005193,0.028060483,0.040127944
9,91,9091,Summer,FG,4,1.386294361,2.36,0.858661619,0,45.64,0.103503097,0.269119018,0.222172318,0.032618826,10.78715178,0.230005193,0.028060483,0.040127944
9,19,9019,Winter,FG,40,3.688879454,2.04,0.712949808,0,23.73,0.103503097,0.269119018,0.222172318,0.032618826,10.78715178,0.230005193,0.028060483,0.040127944
9,94,9094,Summer,FG,3,1.098612289,2.36,0.858661619,0,49.83,0.103503097,0.269119018,0.222172318,0.032618826,10.78715178,0.230005193,0.028060483,0.040127944
9,181,9181,Spring,FG,13,2.564949357,1.77,0.570979547,1,23.11,0.103503097,0.269119018,0.222172318,0.032618826,10.78715178,0.230005193,0.028060483,0.040127944
9,10,9010,Fall,FG,3,1.098612289,2.09,0.737164066,0,25.65,0.103503097,0.269119018,0.222172318,0.032618826,10.78715178,0.230005193,0.028060483,0.040127944
9,199,9199,Summer,FG,6,1.791759469,1.89,0.636576829,0,42.06,0.103503097,0.269119018,0.222172318,0.032618826,10.78715178,0.230005193,0.028060483,0.040127944
9,65,9065,Winter,FG,9,2.197224577,2.53,0.928219303,0,39.21,0.103503097,0.269119018,0.222172318,0.032618826,10.78715178,0.230005193,0.028060483,0.040127944
9,58,9058,Fall,FG,45,3.80666249,1.99,0.688134639,1,24.12,0.103503097,0.269119018,0.222172318,0.032618826,10.78715178,0.230005193,0.028060483,0.040127944
9,122,9122,Winter,FG,10,2.302585093,1.79,0.58221562,1,30.39,0.103503097,0.269119018,0.222172318,0.032618826,10.78715178,0.230005193,0.028060483,0.040127944
9,49,9049,Summer,FG,10,2.302585093,2.36,0.858661619,1,23.77,0.103503097,0.269119018,0.222172318,0.032618826,10.78715178,0.230005193,0.028060483,0.040127944
9,42,9042,Summer,FG,9,2.197224577,2.53,0.928219303,0,27.43,0.103503097,0.269119018,0.222172318,0.032618826,10.78715178,0.230005193,0.028060483,0.040127944
9,166,9166,Fall,FG,31,3.433987204,1.92,0.652325186,0,19.9,0.103503097,0.269119018,0.222172318,0.032618826,10.78715178,0.230005193,0.028060483,0.040127944
9,112,9112,Fall,FG,25,3.218875825,1.99,0.688134639,0,39.7,0.103503097,0.269119018,0.222172318,0.032618826,10.78715178,0.230005193,0.028060483,0.040127944
9,125,9125,Winter,FG,37,3.610917913,1.79,0.58221562,0,11.45,0.103503097,0.269119018,0.222172318,0.032618826,10.78715178,0.230005193,0.028060483,0.040127944
9,105,9105,Fall,FG,74,4.304065093,1.99,0.688134639,0,31.96,0.103503097,0.269119018,0.222172318,0.032618826,10.78715178,0.230005193,0.028060483,0.040127944
9,177,9177,Winter,FG,9,2.197224577,1.84,0.609765572,1,26.58,0.103503097,0.269119018,0.222172318,0.032618826,10.78715178,0.230005193,0.028060483,0.040127944
9,84,9084,Spring,FG,56,4.025351691,1.79,0.58221562,0,20.28,0.103503097,0.269119018,0.222172318,0.032618826,10.78715178,0.230005193,0.028060483,0.040127944
9,134,9134,Spring,FG,88,4.477336814,1.29,0.254642218,1,57.29,0.103503097,0.269119018,0.222172318,0.032618826,10.78715178,0.230005193,0.028060483,0.040127944
49,125,49125,Winter,FG,21,3.044522438,1.79,0.58221562,0,11.45,0.134877735,0.187473187,0.319949969,0.038352638,10.80675383,0.237270004,0.028320971,0.054382022
49,68,49068,Winter,FG,33,3.496507561,1.99,0.688134639,1,25.08,0.134877735,0.187473187,0.319949969,0.038352638,10.80675383,0.237270004,0.028320971,0.054382022
49,119,49119,Winter,FG,7,1.945910149,1.99,0.688134639,0,32.66,0.134877735,0.187473187,0.319949969,0.038352638,10.80675383,0.237270004,0.028320971,0.054382022
49,19,49019,Winter,FG,19,2.944438979,2.24,0.806475866,0,30.54,0.134877735,0.187473187,0.319949969,0.038352638,10.80675383,0.237270004,0.028320971,0.054382022
49,11,49011,Winter,FG,6,1.791759469,2.29,0.828551818,0,32.05,0.134877735,0.187473187,0.319949969,0.038352638,10.80675383,0.237270004,0.028320971,0.054382022
49,112,49112,Fall,FG,36,3.583518938,1.99,0.688134639,0,39.7,0.134877735,0.187473187,0.319949969,0.038352638,10.80675383,0.237270004,0.028320971,0.054382022
49,101,49101,Summer,FG,5,1.609437912,2.36,0.858661619,0,41.95,0.134877735,0.187473187,0.319949969,0.038352638,10.80675383,0.237270004,0.028320971,0.054382022
49,54,49054,Fall,FG,4,1.386294361,2.91,1.068153081,0,41.62,0.134877735,0.187473187,0.319949969,0.038352638,10.80675383,0.237270004,0.028320971,0.054382022
49,61,49061,Fall,FG,1,0,2.91,1.068153081,0,38.45,0.134877735,0.187473187,0.319949969,0.038352638,10.80675383,0.237270004,0.028320971,0.054382022
49,121,49121,Winter,FG,69,4.234106505,1.79,0.58221562,1,30.39,0.134877735,0.187473187,0.319949969,0.038352638,10.80675383,0.237270004,0.028320971,0.054382022
49,123,49123,Winter,FG,19,2.944438979,2.26,0.815364813,0,44.87,0.134877735,0.187473187,0.319949969,0.038352638,10.80675383,0.237270004,0.028320971,0.054382022
49,92,49092,Summer,FG,17,2.833213344,1.77,0.570979547,1,27.51,0.134877735,0.187473187,0.319949969,0.038352638,10.80675383,0.237270004,0.028320971,0.054382022
49,179,49179,Winter,FG,20,2.995732274,1.79,0.58221562,0,24.53,0.134877735,0.187473187,0.319949969,0.038352638,10.80675383,0.237270004,0.028320971,0.054382022
49,91,49091,Summer,FG,4,1.386294361,2.36,0.858661619,0,45.64,0.134877735,0.187473187,0.319949969,0.038352638,10.80675383,0.237270004,0.028320971,0.054382022
49,175,49175,Winter,FG,21,3.044522438,1.71,0.536493371,1,16.43,0.134877735,0.187473187,0.319949969,0.038352638,10.80675383,0.237270004,0.028320971,0.054382022
49,18,49018,Winter,FG,10,2.302585093,2.24,0.806475866,0,27.28,0.134877735,0.187473187,0.319949969,0.038352638,10.80675383,0.237270004,0.028320971,0.054382022
49,192,49192,Spring,FG,67,4.204692619,1.49,0.39877612,1,25.5,0.134877735,0.187473187,0.319949969,0.038352638,10.80675383,0.237270004,0.028320971,0.054382022
49,117,49117,Winter,FG,21,3.044522438,1.59,0.463734016,1,33.77,0.134877735,0.187473187,0.319949969,0.038352638,10.80675383,0.237270004,0.028320971,0.054382022
49,127,49127,Winter,FG,870,6.768493212,0.99,-0.010050336,1,45.86,0.134877735,0.187473187,0.319949969,0.038352638,10.80675383,0.237270004,0.028320971,0.054382022
49,58,49058,Fall,FG,16,2.772588722,1.99,0.688134639,1,24.12,0.134877735,0.187473187,0.319949969,0.038352638,10.80675383,0.237270004,0.028320971,0.054382022
49,111,49111,Fall,FG,6,1.791759469,2.26,0.815364813,0,46.9,0.134877735,0.187473187,0.319949969,0.038352638,10.80675383,0.237270004,0.028320971,0.054382022
49,171,49171,Winter,FG,20,2.995732274,1.69,0.524728529,1,20.3,0.134877735,0.187473187,0.319949969,0.038352638,10.80675383,0.237270004,0.028320971,0.054382022
49,185,49185,Spring,FG,16,2.772588722,1.79,0.58221562,0,30.5,0.134877735,0.187473187,0.319949969,0.038352638,10.80675383,0.237270004,0.028320971,0.054382022
49,155,49155,Fall,FG,10,2.302585093,1.79,0.58221562,0,15.92,0.134877735,0.187473187,0.319949969,0.038352638,10.80675383,0.237270004,0.028320971,0.054382022
49,136,49136,Spring,FG,42,3.737669618,1.69,0.524728529,0,0.3,0.134877735,0.187473187,0.319949969,0.038352638,10.80675383,0.237270004,0.028320971,0.054382022
49,64,49064,Winter,FG,7,1.945910149,2.79,1.026041596,0,44.87,0.134877735,0.187473187,0.319949969,0.038352638,10.80675383,0.237270004,0.028320971,0.054382022
49,23,49023,Winter,FG,245,5.501258211,1.89,0.636576829,1,0.63,0.134877735,0.187473187,0.319949969,0.038352638,10.80675383,0.237270004,0.028320971,0.054382022
49,107,49107,Fall,FG,7,1.945910149,1.99,0.688134639,1,32.31,0.134877735,0.187473187,0.319949969,0.038352638,10.80675383,0.237270004,0.028320971,0.054382022
