Group Assignment 2/Orange Juice Assignment 2.csv
STORE,Week,STOREWEEK,Season,BRAND,MOVE,logmove,PRICE,logprice,Feat,PROFIT,AGE9,AGE60,EDUC,ETHNIC,INCOME,SINGLE,POVERTY,NOCAR
47,96,47096,Summer,FG,5,1.609437912,2.36,0.858661619,0,49.75,0.142961682,0.125798297,0.140598651,0.120675891,10.63532646,0.275212381,0.032623559,0.021297382
47,182,47182,Spring,FG,63,4.143134726,1.79,0.58221562,1,23.3,0.142961682,0.125798297,0.140598651,0.120675891,10.63532646,0.275212381,0.032623559,0.021297382
47,54,47054,Fall,FG,4,1.386294361,2.91,1.068153081,0,41.62,0.142961682,0.125798297,0.140598651,0.120675891,10.63532646,0.275212381,0.032623559,0.021297382
47,21,47021,Winter,FG,36,3.583518938,2.29,0.828551818,0,32.05,0.142961682,0.125798297,0.140598651,0.120675891,10.63532646,0.275212381,0.032623559,0.021297382
47,149,47149,Summer,FG,46,3.828641396,1.79,0.58221562,0,14.53,0.142961682,0.125798297,0.140598651,0.120675891,10.63532646,0.275212381,0.032623559,0.021297382
47,61,47061,Fall,FG,6,1.791759469,2.91,1.068153081,0,38.45,0.142961682,0.125798297,0.140598651,0.120675891,10.63532646,0.275212381,0.032623559,0.021297382
47,136,47136,Spring,FG,28,3.33220451,1.69,0.524728529,0,0.3,0.142961682,0.125798297,0.140598651,0.120675891,10.63532646,0.275212381,0.032623559,0.021297382
47,58,47058,Fall,FG,37,3.610917913,1.99,0.688134639,1,24.12,0.142961682,0.125798297,0.140598651,0.120675891,10.63532646,0.275212381,0.032623559,0.021297382
47,116,47116,Winter,FG,10,2.302585093,1.29,0.254642218,0,18.37,0.142961682,0.125798297,0.140598651,0.120675891,10.63532646,0.275212381,0.032623559,0.021297382
47,154,47154,Fall,FG,24,3.17805383,1.79,0.58221562,1,13.74,0.142961682,0.125798297,0.140598651,0.120675891,10.63532646,0.275212381,0.032623559,0.021297382
47,69,47069,Winter,FG,19,2.944438979,1.99,0.688134639,1,24.97,0.142961682,0.125798297,0.140598651,0.120675891,10.63532646,0.275212381,0.032623559,0.021297382
47,175,47175,Winter,FG,34,3.526360525,1.71,0.536493371,1,16.43,0.142961682,0.125798297,0.140598651,0.120675891,10.63532646,0.275212381,0.032623559,0.021297382
47,30,47030,Spring,FG,1,0,2.91,1.068153081,0,35.53,0.142961682,0.125798297,0.140598651,0.120675891,10.63532646,0.275212381,0.032623559,0.021297382
47,29,47029,Spring,FG,13,2.564949357,2.91,1.068153081,0,35.53,0.142961682,0.125798297,0.140598651,0.120675891,10.63532646,0.275212381,0.032623559,0.021297382
47,169,47169,Winter,FG,27,3.295836866,1.79,0.58221562,0,19.11,0.142961682,0.125798297,0.140598651,0.120675891,10.63532646,0.275212381,0.032623559,0.021297382
47,101,47101,Summer,FG,4,1.386294361,2.36,0.858661619,0,41.95,0.142961682,0.125798297,0.140598651,0.120675891,10.63532646,0.275212381,0.032623559,0.021297382
47,179,47179,Winter,FG,45,3.80666249,1.79,0.58221562,0,24.53,0.142961682,0.125798297,0.140598651,0.120675891,10.63532646,0.275212381,0.032623559,0.021297382
47,192,47192,Spring,FG,73,4.290459441,1.49,0.39877612,1,25.5,0.142961682,0.125798297,0.140598651,0.120675891,10.63532646,0.275212381,0.032623559,0.021297382
47,47,47047,Summer,FG,3,1.098612289,2.91,1.068153081,0,38.18,0.142961682,0.125798297,0.140598651,0.120675891,10.63532646,0.275212381,0.032623559,0.021297382
47,127,47127,Winter,FG,620,6.429719478,0.99,-0.010050336,1,45.86,0.142961682,0.125798297,0.140598651,0.120675891,10.63532646,0.275212381,0.032623559,0.021297382
47,84,47084,Spring,FG,32,3.465735903,1.79,0.58221562,0,20.28,0.142961682,0.125798297,0.140598651,0.120675891,10.63532646,0.275212381,0.032623559,0.021297382
47,59,47059,Fall,FG,49,3.891820298,1.99,0.688134639,0,10,0.142961682,0.125798297,0.140598651,0.120675891,10.63532646,0.275212381,0.032623559,0.021297382
47,110,47110,Fall,FG,3,1.098612289,2.26,0.815364813,0,46.9,0.142961682,0.125798297,0.140598651,0.120675891,10.63532646,0.275212381,0.032623559,0.021297382
47,121,47121,Winter,FG,45,3.80666249,1.79,0.58221562,1,30.39,0.142961682,0.125798297,0.140598651,0.120675891,10.63532646,0.275212381,0.032623559,0.021297382
47,195,47195,Summer,FG,22,3.091042453,1.55,0.438254931,1,22.9,0.142961682,0.125798297,0.140598651,0.120675891,10.63532646,0.275212381,0.032623559,0.021297382
92,51,92051,Fall,FG,14,2.63905733,2.71,0.996948635,1,36.61,0.14848956,0.137827632,0.27012665,0.375388716,10.65780038,0.257692308,0.034312108,0.027058241
92,136,92136,Spring,FG,51,3.931825633,1.69,0.524728529,0,0.3,0.14848956,0.137827632,0.27012665,0.375388716,10.65780038,0.257692308,0.034312108,0.027058241
92,125,92125,Winter,FG,19,2.944438979,1.79,0.58221562,0,11.45,0.14848956,0.137827632,0.27012665,0.375388716,10.65780038,0.257692308,0.034312108,0.027058241
92,44,92044,Summer,FG,3,1.098612289,2.75,1.011600912,1,33.78,0.14848956,0.137827632,0.27012665,0.375388716,10.65780038,0.257692308,0.034312108,0.027058241
92,137,92137,Spring,FG,18,2.890371758,1.79,0.58221562,0,5.87,0.14848956,0.137827632,0.27012665,0.375388716,10.65780038,0.257692308,0.034312108,0.027058241
92,190,92190,Spring,FG,116,4.753590191,1.49,0.39877612,1,23.36,0.14848956,0.137827632,0.27012665,0.375388716,10.65780038,0.257692308,0.034312108,0.027058241
92,46,92046,Summer,FG,16,2.772588722,2.75,1.011600912,1,36.25,0.14848956,0.137827632,0.27012665,0.375388716,10.65780038,0.257692308,0.034312108,0.027058241
92,158,92158,Fall,FG,73,4.290459441,1.59,0.463734016,1,15.28,0.14848956,0.137827632,0.27012665,0.375388716,10.65780038,0.257692308,0.034312108,0.027058241
92,25,92025,Spring,FG,10,2.302585093,2.91,1.068153081,0,30.72,0.14848956,0.137827632,0.27012665,0.375388716,10.65780038,0.257692308,0.034312108,0.027058241
92,195,92195,Summer,FG,24,3.17805383,1.56,0.444685821,1,23.39,0.14848956,0.137827632,0.27012665,0.375388716,10.65780038,0.257692308,0.034312108,0.027058241
92,90,92090,Summer,FG,16,2.772588722,1.69,0.524728529,1,24.08,0.14848956,0.137827632,0.27012665,0.375388716,10.65780038,0.257692308,0.034312108,0.027058241
92,141,92141,Summer,FG,22,3.091042453,1.79,0.58221562,0,5.87,0.14848956,0.137827632,0.27012665,0.375388716,10.65780038,0.257692308,0.034312108,0.027058241
92,200,92200,Summer,FG,3,1.098612289,2.09,0.737164066,0,47.6,0.14848956,0.137827632,0.27012665,0.375388716,10.65780038,0.257692308,0.034312108,0.027058241
92,171,92171,Winter,FG,56,4.025351691,1.69,0.524728529,1,20.3,0.14848956,0.137827632,0.27012665,0.375388716,10.65780038,0.257692308,0.034312108,0.027058241
92,189,92189,Spring,FG,50,3.912023005,1.79,0.58221562,1,25.31,0.14848956,0.137827632,0.27012665,0.375388716,10.65780038,0.257692308,0.034312108,0.027058241
92,184,92184,Spring,FG,30,3.401197382,1.79,0.58221562,0,23.24,0.14848956,0.137827632,0.27012665,0.375388716,10.65780038,0.257692308,0.034312108,0.027058241
92,16,92016,Winter,FG,16,2.772588722,2.23,0.802001585,1,30.22,0.14848956,0.137827632,0.27012665,0.375388716,10.65780038,0.257692308,0.034312108,0.027058241
92,104,92104,Fall,FG,95,4.553876892,1.99,0.688134639,1,31.16,0.14848956,0.137827632,0.27012665,0.375388716,10.65780038,0.257692308,0.034312108,0.027058241
92,62,92062,Fall,FG,7,1.945910149,2.79,1.026041596,1,35.81,0.14848956,0.137827632,0.27012665,0.375388716,10.65780038,0.257692308,0.034312108,0.027058241
92,27,92027,Spring,FG,8,2.079441542,2.91,1.068153081,0,35.53,0.14848956,0.137827632,0.27012665,0.375388716,10.65780038,0.257692308,0.034312108,0.027058241
92,198,92198,Summer,FG,3,1.098612289,2.09,0.737164066,0,44.92,0.14848956,0.137827632,0.27012665,0.375388716,10.65780038,0.257692308,0.034312108,0.027058241
92,193,92193,Summer,FG,68,4.219507705,1.49,0.39877612,1,20.33,0.14848956,0.137827632,0.27012665,0.375388716,10.65780038,0.257692308,0.034312108,0.027058241
92,119,92119,Winter,FG,7,1.945910149,1.99,0.688134639,0,32.66,0.14848956,0.137827632,0.27012665,0.375388716,10.65780038,0.257692308,0.034312108,0.027058241
92,47,92047,Summer,FG,2,0.693147181,2.91,1.068153081,0,38.18,0.14848956,0.137827632,0.27012665,0.375388716,10.65780038,0.257692308,0.034312108,0.027058241
92,7,92007,Fall,FG,13,2.564949357,2.19,0.783901544,0,23.56,0.14848956,0.137827632,0.27012665,0.375388716,10.65780038,0.257692308,0.034312108,0.027058241
92,179,92179,Winter,FG,17,2.833213344,1.79,0.58221562,0,24.53,0.14848956,0.137827632,0.27012665,0.375388716,10.65780038,0.257692308,0.034312108,0.027058241
92,22,92022,Winter,FG,3,1.098612289,2.29,0.828551818,0,32.05,0.14848956,0.137827632,0.27012665,0.375388716,10.65780038,0.257692308,0.034312108,0.027058241
92,165,92165,Fall,FG,18,2.890371758,1.79,0.58221562,0,14.08,0.14848956,0.137827632,0.27012665,0.375388716,10.65780038,0.257692308,0.034312108,0.027058241
92,31,92031,Spring,FG,30,3.401197382,2.91,1.068153081,0,29.86,0.14848956,0.137827632,0.27012665,0.375388716,10.65780038,0.257692308,0.034312108,0.027058241
92,152,92152,Summer,FG,41,3.713572067,1.69,0.524728529,1,8.7,0.14848956,0.137827632,0.27012665,0.375388716,10.65780038,0.257692308,0.034312108,0.027058241
92,39,92039,Summer,FG,131,4.875197323,2.91,1.068153081,0,43.44,0.14848956,0.137827632,0.27012665,0.375388716,10.65780038,0.257692308,0.034312108,0.027058241
92,12,92012,Winter,FG,5,1.609437912,2.29,0.828551818,0,32.05,0.14848956,0.137827632,0.27012665,0.375388716,10.65780038,0.257692308,0.034312108,0.027058241
92,48,92048,Summer,FG,2,0.693147181,2.71,0.996948635,0,33.62,0.14848956,0.137827632,0.27012665,0.375388716,10.65780038,0.257692308,0.034312108,0.027058241
92,124,92124,Winter,FG,26,3.258096538,1.79,0.58221562,0,11.9,0.14848956,0.137827632,0.27012665,0.375388716,10.65780038,0.257692308,0.034312108,0.027058241
92,144,92144,Summer,FG,56,4.025351691,1.79,0.58221562,0,5.87,0.14848956,0.137827632,0.27012665,0.375388716,10.65780038,0.257692308,0.034312108,0.027058241
92,84,92084,Spring,FG,33,3.496507561,1.79,0.58221562,0,20.28,0.14848956,0.137827632,0.27012665,0.375388716,10.65780038,0.257692308,0.034312108,0.027058241
92,86,92086,Spring,FG,41,3.713572067,1.79,0.58221562,0,27.32,0.14848956,0.137827632,0.27012665,0.375388716,10.65780038,0.257692308,0.034312108,0.027058241
93,158,93158,Fall,FG,501,6.216606101,1.59,0.463734016,1,15.28,0.112512768,0.142390194,0.363016383,0.347395301,10.36719012,0.451428571,0.078126956,0.238512583
93,178,93178,Winter,FG,7,1.945910149,2.56,0.940007258,0,47.14,0.112512768,0.142390194,0.363016383,0.347395301,10.36719012,0.451428571,0.078126956,0.238512583
93,164,93164,Fall,FG,14,2.63905733,2.56,0.940007258,0,39.92,0.112512768,0.142390194,0.363016383,0.347395301,10.36719012,0.451428571,0.078126956,0.238512583
93,196,93196,Summer,FG,6,1.791759469,2.56,0.940007258,0,53.32,0.112512768,0.142390194,0.363016383,0.347395301,10.36719012,0.451428571,0.078126956,0.238512583
93,157,93157,Fall,FG,3,1.098612289,2.56,0.940007258,0,42.34,0.112512768,0.142390194,0.363016383,0.347395301,10.36719012,0.451428571,0.078126956,0.238512583
93,94,93094,Summer,FG,4,1.386294361,2.49,0.91228271,0,52.45,0.112512768,0.142390194,0.363016383,0.347395301,10.36719012,0.451428571,0.078126956,0.238512583
93,89,93089,Summer,FG,57,4.043051268,1.69,0.524728529,1,24.08,0.112512768,0.142390194,0.363016383,0.347395301,10.36719012,0.451428571,0.078126956,0.238512583
93,20,93020,Winter,FG,25,3.218875825,2.31,0.837247525,1,32.64,0.112512768,0.142390194,0.363016383,0.347395301,10.36719012,0.451428571,0.078126956,0.238512583
93,147,93147,Summer,FG,8,2.079441542,2.22,0.797507196,1,24.1,0.112512768,0.142390194,0.363016383,0.347395301,10.36719012,0.451428571,0.078126956,0.238512583
93,170,93170,Winter,FG,3,1.098612289,2.56,0.940007258,0,46.72,0.112512768,0.142390194,0.363016383,0.347395301,10.36719012,0.451428571,0.078126956,0.238512583
93,64,93064,Winter,FG,9,2.197224577,2.79,1.026041596,0,44.87,0.112512768,0.142390194,0.363016383,0.347395301,10.36719012,0.451428571,0.078126956,0.238512583
93,44,93044,Summer,FG,11,2.397895273,2.75,1.011600912,1,33.78,0.112512768,0.142390194,0.363016383,0.347395301,10.36719012,0.451428571,0.078126956,0.238512583
93,146,93146,Summer,FG,16,2.772588722,2.22,0.797507196,0,24.1,0.112512768,0.142390194,0.363016383,0.347395301,10.36719012,0.451428571,0.078126956,0.238512583
93,179,93179,Winter,FG,7,1.945910149,2.56,0.940007258,0,46.83,0.112512768,0.142390194,0.363016383,0.347395301,10.36719012,0.451428571,0.078126956,0.238512583
93,120,93120,Winter,FG,15,2.708050201,1.99,0.688134639,1,32.66,0.112512768,0.142390194,0.363016383,0.347395301,10.36719012,0.451428571,0.078126956,0.238512583
93,182,93182,Spring,FG,241,5.484796933,1.79,0.58221562,1,23.29,0.112512768,0.142390194,0.363016383,0.347395301,10.36719012,0.451428571,0.078126956,0.238512583
93,102,93102,Fall,FG,10,2.302585093,2.49,0.91228271,0,44.98,0.112512768,0.142390194,0.363016383,0.347395301,10.36719012,0.451428571,0.078126956,0.238512583
93,151,93151,Summer,FG,36,3.583518938,2.09,0.737164066,1,26.32,0.112512768,0.142390194,0.363016383,0.347395301,10.36719012,0.451428571,0.078126956,0.238512583
93,78,93078,Spring,FG,74,4.304065093,2.19,0.783901544,1,33.84,0.112512768,0.142390194,0.363016383,0.347395301,10.36719012,0.451428571,0.078126956,0.238512583
93,76,93076,Spring,FG,19,2.944438979,1.99,0.688134639,0,24.22,0.112512768,0.142390194,0.363016383,0.347395301,10.36719012,0.451428571,0.078126956,0.238512583
93,17,93017,Winter,FG,24,3.17805383,2.32,0.841567186,0,29.78,0.112512768,0.142390194,0.363016383,0.347395301,10.36719012,0.451428571,0.078126956,0.238512583
93,113,93113,Fall,FG,6,1.791759469,2.39,0.871293366,0,49.79,0.112512768,0.142390194,0.363016383,0.347395301,10.36719012,0.451428571,0.078126956,0.238512583
93,180,93180,Spring,FG,9,2.197224577,2.26,0.815364813,1,39.77,0.112512768,0.142390194,0.363016383,0.347395301,10.36719012,0.451428571,0.078126956,0.238512583
93,138,93138,Spring,FG,9,2.197224577,2.39,0.871293366,0,29.5,0.112512768,0.142390194,0.363016383,0.347395301,10.36719012,0.451428571,0.078126956,0.238512583
93,140,93140,Spring,FG,8,2.079441542,2.39,0.871293366,0,29.5,0.112512768,0.142390194,0.363016383,0.347395301,10.36719012,0.451428571,0.078126956,0.238512583
93,169,93169,Winter,FG,17,2.833213344,2.56,0.940007258,0,43.44,0.112512768,0.142390194,0.363016383,0.347395301,10.36719012,0.451428571,0.078126956,0.238512583
93,82,93082,Spring,FG,7,1.945910149,2.49,0.91228271,0,40.56,0.112512768,0.142390194,0.363016383,0.347395301,10.36719012,0.451428571,0.078126956,0.238512583
93,40,93040,Summer,FG,72,4.276666119,1.85,0.615185639,1,11.03,0.112512768,0.142390194,0.363016383,0.347395301,10.36719012,0.451428571,0.078126956,0.238512583
93,74,93074,Winter,FG,26,3.258096538,1.99,0.688134639,0,20.2,0.112512768,0.142390194,0.363016383,0.347395301,10.36719012,0.451428571,0.078126956,0.238512583
