Group Assignment 2/Orange Juice Assignment 2.csv
STORE,Week,STOREWEEK,Season,BRAND,MOVE,logmove,PRICE,logprice,Feat,PROFIT,AGE9,AGE60,EDUC,ETHNIC,INCOME,SINGLE,POVERTY,NOCAR
124,38,124038,Summer,FG,36,3.583518938,2.59,0.951657876,1,24.86,0.153264605,0.119625811,0.261875835,0.572355861,10.25895677,0.409321575,0.133861426,0.292719615
124,170,124170,Winter,FG,1,0,2.56,0.940007258,0,47.18,0.153264605,0.119625811,0.261875835,0.572355861,10.25895677,0.409321575,0.133861426,0.292719615
124,120,124120,Winter,FG,68,4.219507705,1.99,0.688134639,1,37.13,0.153264605,0.119625811,0.261875835,0.572355861,10.25895677,0.409321575,0.133861426,0.292719615
124,194,124194,Summer,FG,66,4.189654742,1.49,0.39877612,1,19.79,0.153264605,0.119625811,0.261875835,0.572355861,10.25895677,0.409321575,0.133861426,0.292719615
124,111,124111,Fall,FG,13,2.564949357,2.17,0.774727168,0,44.7,0.153264605,0.119625811,0.261875835,0.572355861,10.25895677,0.409321575,0.133861426,0.292719615
124,79,124079,Spring,FG,15,2.708050201,2.19,0.783901544,0,32.79,0.153264605,0.119625811,0.261875835,0.572355861,10.25895677,0.409321575,0.133861426,0.292719615
124,49,124049,Summer,FG,14,2.63905733,2.71,0.996948635,1,33.62,0.153264605,0.119625811,0.261875835,0.572355861,10.25895677,0.409321575,0.133861426,0.292719615
124,17,124017,Winter,FG,21,3.044522438,2.23,0.802001585,0,26.95,0.153264605,0.119625811,0.261875835,0.572355861,10.25895677,0.409321575,0.133861426,0.292719615
124,31,124031,Spring,FG,23,3.135494216,3.08,1.124929597,0,33.73,0.153264605,0.119625811,0.261875835,0.572355861,10.25895677,0.409321575,0.133861426,0.292719615
124,156,124156,Fall,FG,5,1.609437912,2.56,0.940007258,0,42.34,0.153264605,0.119625811,0.261875835,0.572355861,10.25895677,0.409321575,0.133861426,0.292719615
124,109,124109,Fall,FG,13,2.564949357,2.39,0.871293366,0,49.79,0.153264605,0.119625811,0.261875835,0.572355861,10.25895677,0.409321575,0.133861426,0.292719615
124,145,124145,Summer,FG,14,2.63905733,2.22,0.797507196,1,24.09,0.153264605,0.119625811,0.261875835,0.572355861,10.25895677,0.409321575,0.133861426,0.292719615
124,105,124105,Fall,FG,62,4.127134385,1.99,0.688134639,0,31.96,0.153264605,0.119625811,0.261875835,0.572355861,10.25895677,0.409321575,0.133861426,0.292719615
124,142,124142,Summer,FG,52,3.951243719,1.99,0.688134639,1,15.32,0.153264605,0.119625811,0.261875835,0.572355861,10.25895677,0.409321575,0.133861426,0.292719615
124,139,124139,Spring,FG,20,2.995732274,2.39,0.871293366,0,29.49,0.153264605,0.119625811,0.261875835,0.572355861,10.25895677,0.409321575,0.133861426,0.292719615
124,189,124189,Spring,FG,21,3.044522438,1.98,0.683096845,1,34.39,0.153264605,0.119625811,0.261875835,0.572355861,10.25895677,0.409321575,0.133861426,0.292719615
124,19,124019,Winter,FG,24,3.17805383,2.24,0.806475866,0,30.54,0.153264605,0.119625811,0.261875835,0.572355861,10.25895677,0.409321575,0.133861426,0.292719615
124,56,124056,Fall,FG,61,4.110873864,3.08,1.124929597,0,44.45,0.153264605,0.119625811,0.261875835,0.572355861,10.25895677,0.409321575,0.133861426,0.292719615
124,27,124027,Spring,FG,7,1.945910149,2.91,1.068153081,0,35.53,0.153264605,0.119625811,0.261875835,0.572355861,10.25895677,0.409321575,0.133861426,0.292719615
124,151,124151,Summer,FG,45,3.80666249,2.11,0.746687947,1,26.96,0.153264605,0.119625811,0.261875835,0.572355861,10.25895677,0.409321575,0.133861426,0.292719615
124,155,124155,Fall,FG,4,1.386294361,2.51,0.920282753,0,40.03,0.153264605,0.119625811,0.261875835,0.572355861,10.25895677,0.409321575,0.133861426,0.292719615
124,100,124100,Summer,FG,495,6.204557763,1.89,0.636576829,1,27.51,0.153264605,0.119625811,0.261875835,0.572355861,10.25895677,0.409321575,0.133861426,0.292719615
124,118,124118,Winter,FG,23,3.135494216,1.99,0.688134639,1,32.66,0.153264605,0.119625811,0.261875835,0.572355861,10.25895677,0.409321575,0.133861426,0.292719615
124,42,124042,Summer,FG,4,1.386294361,3.08,1.124929597,0,40.39,0.153264605,0.119625811,0.261875835,0.572355861,10.25895677,0.409321575,0.133861426,0.292719615
124,64,124064,Winter,FG,46,3.828641396,2.79,1.026041596,0,44.87,0.153264605,0.119625811,0.261875835,0.572355861,10.25895677,0.409321575,0.133861426,0.292719615
124,95,124095,Summer,FG,3,1.098612289,2.49,0.91228271,0,52.37,0.153264605,0.119625811,0.261875835,0.572355861,10.25895677,0.409321575,0.133861426,0.292719615
124,130,124130,Spring,FG,32,3.465735903,1.53,0.425267735,1,5.81,0.153264605,0.119625811,0.261875835,0.572355861,10.25895677,0.409321575,0.133861426,0.292719615
137,181,137181,Spring,FG,11,2.397895273,1.81,0.593326845,1,24.3,0.146442828,0.20960245,0.528362014,0.11324985,10.96648993,0.237442293,0.038157895,0.104093567
137,195,137195,Summer,FG,59,4.077537444,1.44,0.364643114,1,17.01,0.146442828,0.20960245,0.528362014,0.11324985,10.96648993,0.237442293,0.038157895,0.104093567
137,170,137170,Winter,FG,16,2.772588722,1.92,0.652325186,0,29.73,0.146442828,0.20960245,0.528362014,0.11324985,10.96648993,0.237442293,0.038157895,0.104093567
137,63,137063,Winter,FG,6,1.791759469,2.79,1.026041596,1,35.81,0.146442828,0.20960245,0.528362014,0.11324985,10.96648993,0.237442293,0.038157895,0.104093567
137,167,137167,Winter,FG,11,2.397895273,1.92,0.652325186,0,14.73,0.146442828,0.20960245,0.528362014,0.11324985,10.96648993,0.237442293,0.038157895,0.104093567
137,90,137090,Summer,FG,21,3.044522438,1.69,0.524728529,1,24.08,0.146442828,0.20960245,0.528362014,0.11324985,10.96648993,0.237442293,0.038157895,0.104093567
137,126,137126,Winter,FG,5,1.609437912,2.39,0.871293366,0,39.28,0.146442828,0.20960245,0.528362014,0.11324985,10.96648993,0.237442293,0.038157895,0.104093567
137,158,137158,Fall,FG,378,5.934894196,1.59,0.463734016,1,15.34,0.146442828,0.20960245,0.528362014,0.11324985,10.96648993,0.237442293,0.038157895,0.104093567
137,172,137172,Winter,FG,25,3.218875825,1.78,0.576613364,1,19.77,0.146442828,0.20960245,0.528362014,0.11324985,10.96648993,0.237442293,0.038157895,0.104093567
137,146,137146,Summer,FG,7,1.945910149,2.22,0.797507196,1,24.68,0.146442828,0.20960245,0.528362014,0.11324985,10.96648993,0.237442293,0.038157895,0.104093567
137,152,137152,Summer,FG,2,0.693147181,2.29,0.828551818,1,32.62,0.146442828,0.20960245,0.528362014,0.11324985,10.96648993,0.237442293,0.038157895,0.104093567
137,69,137069,Winter,FG,18,2.890371758,1.99,0.688134639,1,24.97,0.146442828,0.20960245,0.528362014,0.11324985,10.96648993,0.237442293,0.038157895,0.104093567
137,192,137192,Spring,FG,108,4.682131227,1.49,0.39877612,1,24.42,0.146442828,0.20960245,0.528362014,0.11324985,10.96648993,0.237442293,0.038157895,0.104093567
137,127,137127,Winter,FG,727,6.588926478,0.99,-0.010050336,1,45.65,0.146442828,0.20960245,0.528362014,0.11324985,10.96648993,0.237442293,0.038157895,0.104093567
137,188,137188,Spring,FG,17,2.833213344,1.9,0.641853886,0,29.63,0.146442828,0.20960245,0.528362014,0.11324985,10.96648993,0.237442293,0.038157895,0.104093567
137,66,137066,Winter,FG,28,3.33220451,1.99,0.688134639,0,29.75,0.146442828,0.20960245,0.528362014,0.11324985,10.96648993,0.237442293,0.038157895,0.104093567
137,138,137138,Spring,FG,6,1.791759469,2.39,0.871293366,0,29.49,0.146442828,0.20960245,0.528362014,0.11324985,10.96648993,0.237442293,0.038157895,0.104093567
137,105,137105,Fall,FG,92,4.521788577,1.99,0.688134639,0,31.96,0.146442828,0.20960245,0.528362014,0.11324985,10.96648993,0.237442293,0.038157895,0.104093567
137,94,137094,Summer,FG,5,1.609437912,2.49,0.91228271,0,52.45,0.146442828,0.20960245,0.528362014,0.11324985,10.96648993,0.237442293,0.038157895,0.104093567
137,196,137196,Summer,FG,44,3.784189634,0.99,-0.010050336,0,-20.7,0.146442828,0.20960245,0.528362014,0.11324985,10.96648993,0.237442293,0.038157895,0.104093567
137,150,137150,Summer,FG,14,2.63905733,2.09,0.737164066,1,26.41,0.146442828,0.20960245,0.528362014,0.11324985,10.96648993,0.237442293,0.038157895,0.104093567
137,80,137080,Spring,FG,107,4.672828834,2.19,0.783901544,1,32.79,0.146442828,0.20960245,0.528362014,0.11324985,10.96648993,0.237442293,0.038157895,0.104093567
137,191,137191,Spring,FG,77,4.343805422,1.49,0.39877612,1,27.65,0.146442828,0.20960245,0.528362014,0.11324985,10.96648993,0.237442293,0.038157895,0.104093567
77,19,77019,Winter,FG,16,2.772588722,1.99,0.688134639,0,21.81,0.174716756,0.10110045,0.376871097,0.073507887,10.98312087,0.230663978,0.025692617,0.016867843
77,56,77056,Fall,FG,11,2.397895273,2.53,0.928219303,0,32.37,0.174716756,0.10110045,0.376871097,0.073507887,10.98312087,0.230663978,0.025692617,0.016867843
77,12,77012,Winter,FG,10,2.302585093,1.99,0.688134639,0,21.81,0.174716756,0.10110045,0.376871097,0.073507887,10.98312087,0.230663978,0.025692617,0.016867843
77,33,77033,Spring,FG,11,2.397895273,2.53,0.928219303,0,23.08,0.174716756,0.10110045,0.376871097,0.073507887,10.98312087,0.230663978,0.025692617,0.016867843
77,173,77173,Winter,FG,6,1.791759469,1.92,0.652325186,0,19.11,0.174716756,0.10110045,0.376871097,0.073507887,10.98312087,0.230663978,0.025692617,0.016867843
77,25,77025,Spring,FG,6,1.791759469,2.53,0.928219303,0,20.32,0.174716756,0.10110045,0.376871097,0.073507887,10.98312087,0.230663978,0.025692617,0.016867843
77,80,77080,Spring,FG,6,1.791759469,1.89,0.636576829,1,22.12,0.174716756,0.10110045,0.376871097,0.073507887,10.98312087,0.230663978,0.025692617,0.016867843
77,26,77026,Spring,FG,7,1.945910149,2.53,0.928219303,0,20.32,0.174716756,0.10110045,0.376871097,0.073507887,10.98312087,0.230663978,0.025692617,0.016867843
77,2,77002,Fall,FG,6,1.791759469,2.19,0.783901544,0,19.91,0.174716756,0.10110045,0.376871097,0.073507887,10.98312087,0.230663978,0.025692617,0.016867843
77,51,77051,Fall,FG,18,2.890371758,2.36,0.858661619,1,27.2,0.174716756,0.10110045,0.376871097,0.073507887,10.98312087,0.230663978,0.025692617,0.016867843
77,143,77143,Summer,FG,12,2.48490665,1.79,0.58221562,0,5.87,0.174716756,0.10110045,0.376871097,0.073507887,10.98312087,0.230663978,0.025692617,0.016867843
77,61,77061,Fall,FG,7,1.945910149,2.53,0.928219303,0,29.21,0.174716756,0.10110045,0.376871097,0.073507887,10.98312087,0.230663978,0.025692617,0.016867843
77,99,77099,Summer,FG,4,1.386294361,1.89,0.636576829,0,32.12,0.174716756,0.10110045,0.376871097,0.073507887,10.98312087,0.230663978,0.025692617,0.016867843
77,66,77066,Winter,FG,19,2.944438979,1.89,0.636576829,0,26.03,0.174716756,0.10110045,0.376871097,0.073507887,10.98312087,0.230663978,0.025692617,0.016867843
77,63,77063,Winter,FG,9,2.197224577,2.53,0.928219303,1,29.21,0.174716756,0.10110045,0.376871097,0.073507887,10.98312087,0.230663978,0.025692617,0.016867843
77,15,77015,Winter,FG,7,1.945910149,1.99,0.688134639,1,21.81,0.174716756,0.10110045,0.376871097,0.073507887,10.98312087,0.230663978,0.025692617,0.016867843
77,27,77027,Spring,FG,6,1.791759469,2.53,0.928219303,0,25.85,0.174716756,0.10110045,0.376871097,0.073507887,10.98312087,0.230663978,0.025692617,0.016867843
77,179,77179,Winter,FG,14,2.63905733,1.92,0.652325186,0,29.64,0.174716756,0.10110045,0.376871097,0.073507887,10.98312087,0.230663978,0.025692617,0.016867843
77,22,77022,Winter,FG,9,2.197224577,1.99,0.688134639,0,21.81,0.174716756,0.10110045,0.376871097,0.073507887,10.98312087,0.230663978,0.025692617,0.016867843
77,123,77123,Winter,FG,9,2.197224577,1.89,0.636576829,0,34.07,0.174716756,0.10110045,0.376871097,0.073507887,10.98312087,0.230663978,0.025692617,0.016867843
77,24,77024,Spring,FG,9,2.197224577,2.39,0.871293366,0,21.46,0.174716756,0.10110045,0.376871097,0.073507887,10.98312087,0.230663978,0.025692617,0.016867843
77,105,77105,Fall,FG,78,4.356708827,1.89,0.636576829,0,28.36,0.174716756,0.10110045,0.376871097,0.073507887,10.98312087,0.230663978,0.025692617,0.016867843
77,4,77004,Fall,FG,7,1.945910149,2.19,0.783901544,0,23.33,0.174716756,0.10110045,0.376871097,0.073507887,10.98312087,0.230663978,0.025692617,0.016867843
77,127,77127,Winter,FG,879,6.778784898,0.99,-0.010050336,1,45.86,0.174716756,0.10110045,0.376871097,0.073507887,10.98312087,0.230663978,0.025692617,0.016867843
77,140,77140,Spring,FG,23,3.135494216,1.79,0.58221562,0,5.87,0.174716756,0.10110045,0.376871097,0.073507887,10.98312087,0.230663978,0.025692617,0.016867843
77,185,77185,Spring,FG,31,3.433987204,1.79,0.58221562,0,30.5,0.174716756,0.10110045,0.376871097,0.073507887,10.98312087,0.230663978,0.025692617,0.016867843
77,167,77167,Winter,FG,7,1.945910149,1.92,0.652325186,0,11.88,0.174716756,0.10110045,0.376871097,0.073507887,10.98312087,0.230663978,0.025692617,0.016867843
77,96,77096,Summer,FG,8,2.079441542,1.89,0.636576829,0,37.25,0.174716756,0.10110045,0.376871097,0.073507887,10.98312087,0.230663978,0.025692617,0.016867843
77,3,77003,Fall,FG,4,1.386294361,2.19,0.783901544,1,19.91,0.174716756,0.10110045,0.376871097,0.073507887,10.98312087,0.230663978,0.025692617,0.016867843
77,69,77069,Winter,FG,10,2.302585093,1.89,0.636576829,1,21.01,0.174716756,0.10110045,0.376871097,0.073507887,10.98312087,0.230663978,0.025692617,0.016867843
77,68,77068,Winter,FG,13,2.564949357,1.89,0.636576829,1,21.11,0.174716756,0.10110045,0.376871097,0.073507887,10.98312087,0.230663978,0.025692617,0.016867843
77,122,77122,Winter,FG,9,2.197224577,1.79,0.58221562,1,30.39,0.174716756,0.10110045,0.376871097,0.073507887,10.98312087,0.230663978,0.025692617,0.016867843
77,41,77041,Summer,FG,3,1.098612289,2.53,0.928219303,0,27.51,0.174716756,0.10110045,0.376871097,0.073507887,10.98312087,0.230663978,0.025692617,0.016867843
77,174,77174,Winter,FG,13,2.564949357,1.92,0.652325186,0,19.11,0.174716756,0.10110045,0.376871097,0.073507887,10.98312087,0.230663978,0.025692617,0.016867843
77,13,77013,Winter,FG,8,2.079441542,1.99,0.688134639,0,21.81,0.174716756,0.10110045,0.376871097,0.073507887,10.98312087,0.230663978,0.025692617,0.016867843
77,5,77005,Fall,FG,5,1.609437912,2.19,0.783901544,0,24.66,0.174716756,0.10110045,0.376871097,0.073507887,10.98312087,0.230663978,0.025692617,0.016867843
77,192,77192,Spring,FG,28,3.33220451,1.49,0.39877612,1,27.65,0.174716756,0.10110045,0.376871097,0.073507887,10.98312087,0.230663978,0.025692617,0.016867843
77,18,77018,Winter,FG,9,2.197224577,1.99,0.688134639,0,18.14,0.174716756,0.10110045,0.376871097,0.073507887,10.98312087,0.230663978,0.025692617,0.016867843
77,200,77200,Summer,FG,4,1.386294361,2.19,0.783901544,0,50,0.174716756,0.10110045,0.376871097,0.073507887,10.98312087,0.230663978,0.025692617,0.016867843
77,37,77037,Summer,FG,14,2.63905733,2.53,0.928219303,0,23.08,0.174716756,0.10110045,0.376871097,0.073507887,10.98312087,0.230663978,0.025692617,0.016867843
77,114,77114,Fall,FG,2,0.693147181,1.89,0.636576829,1,33.7,0.174716756,0.10110045,0.376871097,0.073507887,10.98312087,0.230663978,0.025692617,0.016867843
77,102,77102,Fall,FG,8,2.079441542,1.89,0.636576829,0,27.51,0.174716756,0.10110045,0.376871097,0.073507887,10.98312087,0.230663978,0.025692617,0.016867843
77,89,77089,Summer,FG,33,3.496507561,1.69,0.524728529,1,24.08,0.174716756,0.10110045,0.376871097,0.073507887,10.98312087,0.230663978,0.025692617,0.016867843
77,119,77119,Winter,FG,3,1.098612289,1.89,0.636576829,0,29.1,0.174716756,0.10110045,0.376871097,0.073507887,10.98312087,0.230663978,0.025692617,0.016867843
77,149,77149,Summer,FG,30,3.401197382,1.79,0.58221562,0,14.53,0.174716756,0.10110045,0.376871097,0.073507887,10.98312087,0.230663978,0.025692617,0.016867843
77,92,77092,Summer,FG,29,3.36729583,1.41,0.343589704,1,9.01,0.174716756,0.10110045,0.376871097,0.073507887,10.98312087,0.230663978,0.025692617,0.016867843
77,181,77181,Spring,FG,2,0.693147181,1.77,0.570979547,1,23.11,0.174716756,0.10110045,0.376871097,0.073507887,10.98312087,0.230663978,0.025692617,0.016867843
77,70,77070,Winter,FG,20,2.995732274,1.89,0.636576829,0,21.01,0.174716756,0.10110045,0.376871097,0.073507887,10.98312087,0.230663978,0.025692617,0.016867843
77,58,77058,Fall,FG,22,3.091042453,1.99,0.688134639,1,24.12,0.174716756,0.10110045,0.376871097,0.073507887,10.98312087,0.230663978,0.025692617,0.016867843
