Group Assignment 2/Orange Juice Assignment 2.csv
STORE,Week,STOREWEEK,Season,BRAND,MOVE,logmove,PRICE,logprice,Feat,PROFIT,AGE9,AGE60,EDUC,ETHNIC,INCOME,SINGLE,POVERTY,NOCAR
110,53,110053,Fall,FG,30,3.401197382,1.99,0.688134639,1,14.62,0.175594055,0.114956688,0.167553191,0.152944449,10.52085999,0.251984867,0.053595086,0.056953642
110,57,110057,Fall,FG,15,2.708050201,2.71,0.996948635,0,44.28,0.175594055,0.114956688,0.167553191,0.152944449,10.52085999,0.251984867,0.053595086,0.056953642
110,182,110182,Spring,FG,57,4.043051268,1.79,0.58221562,1,23.3,0.175594055,0.114956688,0.167553191,0.152944449,10.52085999,0.251984867,0.053595086,0.056953642
110,44,110044,Summer,FG,3,1.098612289,2.75,1.011600912,1,33.78,0.175594055,0.114956688,0.167553191,0.152944449,10.52085999,0.251984867,0.053595086,0.056953642
110,157,110157,Fall,FG,14,2.63905733,1.79,0.58221562,0,17.54,0.175594055,0.114956688,0.167553191,0.152944449,10.52085999,0.251984867,0.053595086,0.056953642
110,137,110137,Spring,FG,17,2.833213344,1.79,0.58221562,0,5.87,0.175594055,0.114956688,0.167553191,0.152944449,10.52085999,0.251984867,0.053595086,0.056953642
110,156,110156,Fall,FG,14,2.63905733,1.79,0.58221562,0,15.92,0.175594055,0.114956688,0.167553191,0.152944449,10.52085999,0.251984867,0.053595086,0.056953642
110,26,110026,Spring,FG,11,2.397895273,2.91,1.068153081,0,30.72,0.175594055,0.114956688,0.167553191,0.152944449,10.52085999,0.251984867,0.053595086,0.056953642
110,178,110178,Winter,FG,14,2.63905733,1.79,0.58221562,0,24.53,0.175594055,0.114956688,0.167553191,0.152944449,10.52085999,0.251984867,0.053595086,0.056953642
110,75,110075,Winter,FG,16,2.772588722,1.99,0.688134639,1,24.22,0.175594055,0.114956688,0.167553191,0.152944449,10.52085999,0.251984867,0.053595086,0.056953642
110,93,110093,Summer,FG,86,4.454347296,1.29,0.254642218,1,13.49,0.175594055,0.114956688,0.167553191,0.152944449,10.52085999,0.251984867,0.053595086,0.056953642
110,52,110052,Fall,FG,268,5.590986981,1.99,0.688134639,1,15.48,0.175594055,0.114956688,0.167553191,0.152944449,10.52085999,0.251984867,0.053595086,0.056953642
110,1,110001,Fall,FG,40,3.688879454,2.29,0.828551818,0,23.41,0.175594055,0.114956688,0.167553191,0.152944449,10.52085999,0.251984867,0.053595086,0.056953642
110,42,110042,Summer,FG,8,2.079441542,2.91,1.068153081,0,36.91,0.175594055,0.114956688,0.167553191,0.152944449,10.52085999,0.251984867,0.053595086,0.056953642
110,14,110014,Winter,FG,15,2.708050201,2.23,0.802001585,0,30.22,0.175594055,0.114956688,0.167553191,0.152944449,10.52085999,0.251984867,0.053595086,0.056953642
110,132,110132,Spring,FG,25,3.218875825,1.59,0.463734016,0,9.37,0.175594055,0.114956688,0.167553191,0.152944449,10.52085999,0.251984867,0.053595086,0.056953642
110,13,110013,Winter,FG,19,2.944438979,2.23,0.802001585,0,30.22,0.175594055,0.114956688,0.167553191,0.152944449,10.52085999,0.251984867,0.053595086,0.056953642
110,81,110081,Spring,FG,11,2.397895273,2.19,0.783901544,1,32.42,0.175594055,0.114956688,0.167553191,0.152944449,10.52085999,0.251984867,0.053595086,0.056953642
110,92,110092,Summer,FG,64,4.158883083,1.77,0.570979547,1,27.51,0.175594055,0.114956688,0.167553191,0.152944449,10.52085999,0.251984867,0.053595086,0.056953642
110,8,110008,Fall,FG,29,3.36729583,2.19,0.783901544,0,36.07,0.175594055,0.114956688,0.167553191,0.152944449,10.52085999,0.251984867,0.053595086,0.056953642
110,16,110016,Winter,FG,20,2.995732274,2.23,0.802001585,1,30.22,0.175594055,0.114956688,0.167553191,0.152944449,10.52085999,0.251984867,0.053595086,0.056953642
110,15,110015,Winter,FG,16,2.772588722,2.23,0.802001585,1,30.22,0.175594055,0.114956688,0.167553191,0.152944449,10.52085999,0.251984867,0.053595086,0.056953642
110,107,110107,Fall,FG,14,2.63905733,1.99,0.688134639,1,32.31,0.175594055,0.114956688,0.167553191,0.152944449,10.52085999,0.251984867,0.053595086,0.056953642
110,18,110018,Winter,FG,11,2.397895273,2.24,0.806475866,0,27.28,0.175594055,0.114956688,0.167553191,0.152944449,10.52085999,0.251984867,0.053595086,0.056953642
110,17,110017,Winter,FG,18,2.890371758,2.23,0.802001585,0,26.95,0.175594055,0.114956688,0.167553191,0.152944449,10.52085999,0.251984867,0.053595086,0.056953642
110,89,110089,Summer,FG,29,3.36729583,1.69,0.524728529,1,24.08,0.175594055,0.114956688,0.167553191,0.152944449,10.52085999,0.251984867,0.053595086,0.056953642
110,148,110148,Summer,FG,9,2.197224577,1.79,0.58221562,0,17.15,0.175594055,0.114956688,0.167553191,0.152944449,10.52085999,0.251984867,0.053595086,0.056953642
110,73,110073,Winter,FG,147,4.990432587,1.99,0.688134639,1,24.97,0.175594055,0.114956688,0.167553191,0.152944449,10.52085999,0.251984867,0.053595086,0.056953642
95,49,95049,Summer,FG,9,2.197224577,2.71,0.996948635,1,33.62,0.112635331,0.230717504,0.085642082,0.096900007,10.38347245,0.278678004,0.078619039,0.251879699
95,55,95055,Fall,FG,12,2.48490665,3.08,1.124929597,0,44.45,0.112635331,0.230717504,0.085642082,0.096900007,10.38347245,0.278678004,0.078619039,0.251879699
95,165,95165,Fall,FG,5,1.609437912,2.39,0.871293366,0,35.65,0.112635331,0.230717504,0.085642082,0.096900007,10.38347245,0.278678004,0.078619039,0.251879699
95,87,95087,Spring,FG,31,3.433987204,2.49,0.91228271,0,48.19,0.112635331,0.230717504,0.085642082,0.096900007,10.38347245,0.278678004,0.078619039,0.251879699
95,95,95095,Summer,FG,8,2.079441542,2.49,0.91228271,0,52.37,0.112635331,0.230717504,0.085642082,0.096900007,10.38347245,0.278678004,0.078619039,0.251879699
95,175,95175,Winter,FG,33,3.496507561,2.06,0.722705983,1,30.63,0.112635331,0.230717504,0.085642082,0.096900007,10.38347245,0.278678004,0.078619039,0.251879699
95,71,95071,Winter,FG,46,3.828641396,1.99,0.688134639,1,24.97,0.112635331,0.230717504,0.085642082,0.096900007,10.38347245,0.278678004,0.078619039,0.251879699
95,88,95088,Spring,FG,285,5.65248918,1.69,0.524728529,1,24.08,0.112635331,0.230717504,0.085642082,0.096900007,10.38347245,0.278678004,0.078619039,0.251879699
95,63,95063,Winter,FG,13,2.564949357,2.79,1.026041596,1,35.81,0.112635331,0.230717504,0.085642082,0.096900007,10.38347245,0.278678004,0.078619039,0.251879699
95,62,95062,Fall,FG,29,3.36729583,2.79,1.026041596,1,35.81,0.112635331,0.230717504,0.085642082,0.096900007,10.38347245,0.278678004,0.078619039,0.251879699
95,136,95136,Spring,FG,104,4.644390899,1.69,0.524728529,0,0.3,0.112635331,0.230717504,0.085642082,0.096900007,10.38347245,0.278678004,0.078619039,0.251879699
95,40,95040,Summer,FG,62,4.127134385,1.85,0.615185639,1,11.03,0.112635331,0.230717504,0.085642082,0.096900007,10.38347245,0.278678004,0.078619039,0.251879699
95,166,95166,Fall,FG,6,1.791759469,2.39,0.871293366,0,35.65,0.112635331,0.230717504,0.085642082,0.096900007,10.38347245,0.278678004,0.078619039,0.251879699
95,92,95092,Summer,FG,37,3.610917913,1.86,0.620576488,1,31.02,0.112635331,0.230717504,0.085642082,0.096900007,10.38347245,0.278678004,0.078619039,0.251879699
95,36,95036,Spring,FG,7,1.945910149,3.08,1.124929597,0,36.82,0.112635331,0.230717504,0.085642082,0.096900007,10.38347245,0.278678004,0.078619039,0.251879699
95,57,95057,Fall,FG,38,3.63758616,2.71,0.996948635,0,44.28,0.112635331,0.230717504,0.085642082,0.096900007,10.38347245,0.278678004,0.078619039,0.251879699
95,52,95052,Fall,FG,222,5.402677382,1.99,0.688134639,1,15.48,0.112635331,0.230717504,0.085642082,0.096900007,10.38347245,0.278678004,0.078619039,0.251879699
95,173,95173,Winter,FG,8,2.079441542,2.39,0.871293366,0,35.02,0.112635331,0.230717504,0.085642082,0.096900007,10.38347245,0.278678004,0.078619039,0.251879699
95,41,95041,Summer,FG,2,0.693147181,3.08,1.124929597,0,40.45,0.112635331,0.230717504,0.085642082,0.096900007,10.38347245,0.278678004,0.078619039,0.251879699
95,78,95078,Spring,FG,67,4.204692619,2.19,0.783901544,1,33.84,0.112635331,0.230717504,0.085642082,0.096900007,10.38347245,0.278678004,0.078619039,0.251879699
95,105,95105,Fall,FG,80,4.382026635,1.99,0.688134639,0,31.96,0.112635331,0.230717504,0.085642082,0.096900007,10.38347245,0.278678004,0.078619039,0.251879699
95,134,95134,Spring,FG,53,3.970291914,1.29,0.254642218,1,57.29,0.112635331,0.230717504,0.085642082,0.096900007,10.38347245,0.278678004,0.078619039,0.251879699
95,9,95009,Fall,FG,46,3.828641396,2.54,0.932164081,0,38.82,0.112635331,0.230717504,0.085642082,0.096900007,10.38347245,0.278678004,0.078619039,0.251879699
95,179,95179,Winter,FG,11,2.397895273,2.39,0.871293366,0,43.47,0.112635331,0.230717504,0.085642082,0.096900007,10.38347245,0.278678004,0.078619039,0.251879699
95,93,95093,Summer,FG,126,4.836281907,1.29,0.254642218,1,13.49,0.112635331,0.230717504,0.085642082,0.096900007,10.38347245,0.278678004,0.078619039,0.251879699
95,130,95130,Spring,FG,93,4.532599493,1.69,0.524728529,1,14.73,0.112635331,0.230717504,0.085642082,0.096900007,10.38347245,0.278678004,0.078619039,0.251879699
95,189,95189,Spring,FG,38,3.63758616,1.89,0.636576829,1,29.26,0.112635331,0.230717504,0.085642082,0.096900007,10.38347245,0.278678004,0.078619039,0.251879699
95,10,95010,Fall,FG,10,2.302585093,2.54,0.932164081,0,38.82,0.112635331,0.230717504,0.085642082,0.096900007,10.38347245,0.278678004,0.078619039,0.251879699
95,26,95026,Spring,FG,6,1.791759469,3.08,1.124929597,0,34.55,0.112635331,0.230717504,0.085642082,0.096900007,10.38347245,0.278678004,0.078619039,0.251879699
95,107,95107,Fall,FG,24,3.17805383,1.99,0.688134639,1,32.31,0.112635331,0.230717504,0.085642082,0.096900007,10.38347245,0.278678004,0.078619039,0.251879699
95,171,95171,Winter,FG,92,4.521788577,1.69,0.524728529,1,20.3,0.112635331,0.230717504,0.085642082,0.096900007,10.38347245,0.278678004,0.078619039,0.251879699
95,148,95148,Summer,FG,5,1.609437912,2.09,0.737164066,0,29.04,0.112635331,0.230717504,0.085642082,0.096900007,10.38347245,0.278678004,0.078619039,0.251879699
97,95,97095,Summer,FG,4,1.386294361,2.36,0.858661619,0,49.75,0.168599946,0.142433234,0.178182783,0.233612085,10.48374595,0.26783542,0.063450607,0.08465202
97,44,97044,Summer,FG,2,0.693147181,2.75,1.011600912,1,33.78,0.168599946,0.142433234,0.178182783,0.233612085,10.48374595,0.26783542,0.063450607,0.08465202
97,149,97149,Summer,FG,13,2.564949357,1.79,0.58221562,0,14.53,0.168599946,0.142433234,0.178182783,0.233612085,10.48374595,0.26783542,0.063450607,0.08465202
97,32,97032,Spring,FG,263,5.572154032,1.99,0.688134639,1,2.21,0.168599946,0.142433234,0.178182783,0.233612085,10.48374595,0.26783542,0.063450607,0.08465202
97,6,97006,Fall,FG,5,1.609437912,2.41,0.879626748,0,30.54,0.168599946,0.142433234,0.178182783,0.233612085,10.48374595,0.26783542,0.063450607,0.08465202
97,78,97078,Spring,FG,16,2.772588722,2.19,0.783901544,1,33.84,0.168599946,0.142433234,0.178182783,0.233612085,10.48374595,0.26783542,0.063450607,0.08465202
97,15,97015,Winter,FG,3,1.098612289,2.23,0.802001585,1,30.22,0.168599946,0.142433234,0.178182783,0.233612085,10.48374595,0.26783542,0.063450607,0.08465202
97,4,97004,Fall,FG,5,1.609437912,2.29,0.828551818,0,26.68,0.168599946,0.142433234,0.178182783,0.233612085,10.48374595,0.26783542,0.063450607,0.08465202
97,194,97194,Summer,FG,21,3.044522438,1.49,0.39877612,1,20.34,0.168599946,0.142433234,0.178182783,0.233612085,10.48374595,0.26783542,0.063450607,0.08465202
97,164,97164,Fall,FG,4,1.386294361,2.39,0.871293366,0,35.65,0.168599946,0.142433234,0.178182783,0.233612085,10.48374595,0.26783542,0.063450607,0.08465202
97,139,97139,Spring,FG,31,3.433987204,1.79,0.58221562,0,5.87,0.168599946,0.142433234,0.178182783,0.233612085,10.48374595,0.26783542,0.063450607,0.08465202
97,109,97109,Fall,FG,6,1.791759469,2.26,0.815364813,0,46.81,0.168599946,0.142433234,0.178182783,0.233612085,10.48374595,0.26783542,0.063450607,0.08465202
97,138,97138,Spring,FG,24,3.17805383,1.79,0.58221562,0,5.87,0.168599946,0.142433234,0.178182783,0.233612085,10.48374595,0.26783542,0.063450607,0.08465202
97,81,97081,Spring,FG,7,1.945910149,2.19,0.783901544,1,32.42,0.168599946,0.142433234,0.178182783,0.233612085,10.48374595,0.26783542,0.063450607,0.08465202
97,147,97147,Summer,FG,19,2.944438979,1.79,0.58221562,1,5.87,0.168599946,0.142433234,0.178182783,0.233612085,10.48374595,0.26783542,0.063450607,0.08465202
97,64,97064,Winter,FG,3,1.098612289,2.79,1.026041596,0,44.87,0.168599946,0.142433234,0.178182783,0.233612085,10.48374595,0.26783542,0.063450607,0.08465202
97,91,97091,Summer,FG,4,1.386294361,2.36,0.858661619,0,45.64,0.168599946,0.142433234,0.178182783,0.233612085,10.48374595,0.26783542,0.063450607,0.08465202
97,151,97151,Summer,FG,13,2.564949357,1.79,0.58221562,1,13.97,0.168599946,0.142433234,0.178182783,0.233612085,10.48374595,0.26783542,0.063450607,0.08465202
97,93,97093,Summer,FG,61,4.110873864,1.29,0.254642218,1,13.49,0.168599946,0.142433234,0.178182783,0.233612085,10.48374595,0.26783542,0.063450607,0.08465202
97,41,97041,Summer,FG,1,0,2.91,1.068153081,0,36.98,0.168599946,0.142433234,0.178182783,0.233612085,10.48374595,0.26783542,0.063450607,0.08465202
97,170,97170,Winter,FG,15,2.708050201,2.39,0.871293366,0,42.93,0.168599946,0.142433234,0.178182783,0.233612085,10.48374595,0.26783542,0.063450607,0.08465202
97,12,97012,Winter,FG,4,1.386294361,2.29,0.828551818,0,32.05,0.168599946,0.142433234,0.178182783,0.233612085,10.48374595,0.26783542,0.063450607,0.08465202
97,117,97117,Winter,FG,22,3.091042453,1.59,0.463734016,1,33.77,0.168599946,0.142433234,0.178182783,0.233612085,10.48374595,0.26783542,0.063450607,0.08465202
97,18,97018,Winter,FG,6,1.791759469,2.24,0.806475866,0,27.28,0.168599946,0.142433234,0.178182783,0.233612085,10.48374595,0.26783542,0.063450607,0.08465202
97,107,97107,Fall,FG,11,2.397895273,1.99,0.688134639,1,32.31,0.168599946,0.142433234,0.178182783,0.233612085,10.48374595,0.26783542,0.063450607,0.08465202
97,186,97186,Spring,FG,5,1.609437912,1.79,0.58221562,1,30.5,0.168599946,0.142433234,0.178182783,0.233612085,10.48374595,0.26783542,0.063450607,0.08465202
97,105,97105,Fall,FG,34,3.526360525,1.99,0.688134639,0,31.96,0.168599946,0.142433234,0.178182783,0.233612085,10.48374595,0.26783542,0.063450607,0.08465202
97,198,97198,Summer,FG,2,0.693147181,1.89,0.636576829,0,38.46,0.168599946,0.142433234,0.178182783,0.233612085,10.48374595,0.26783542,0.063450607,0.08465202
97,54,97054,Fall,FG,3,1.098612289,2.91,1.068153081,0,41.62,0.168599946,0.142433234,0.178182783,0.233612085,10.48374595,0.26783542,0.063450607,0.08465202
97,178,97178,Winter,FG,3,1.098612289,2.39,0.871293366,0,43.47,0.168599946,0.142433234,0.178182783,0.233612085,10.48374595,0.26783542,0.063450607,0.08465202
97,179,97179,Winter,FG,1,0,2.39,0.871293366,0,43.47,0.168599946,0.142433234,0.178182783,0.233612085,10.48374595,0.26783542,0.063450607,0.08465202
97,80,97080,Spring,FG,11,2.397895273,2.19,0.783901544,1,32.79,0.168599946,0.142433234,0.178182783,0.233612085,10.48374595,0.26783542,0.063450607,0.08465202
97,113,97113,Fall,FG,10,2.302585093,2.26,0.815364813,0,46.9,0.168599946,0.142433234,0.178182783,0.233612085,10.48374595,0.26783542,0.063450607,0.08465202
