Group Assignment 2/Orange Juice Assignment 2.csv
STORE,Week,STOREWEEK,Season,BRAND,MOVE,logmove,PRICE,logprice,Feat,PROFIT,AGE9,AGE60,EDUC,ETHNIC,INCOME,SINGLE,POVERTY,NOCAR
113,89,113089,Summer,FG,81,4.394449155,1.69,0.524728529,1,24.08,0.103084931,0.299352545,0.151592429,0.026448309,10.64766049,0.255682382,0.046153846,0.144444444
113,103,113103,Fall,FG,8,2.079441542,2.36,0.858661619,0,41.95,0.103084931,0.299352545,0.151592429,0.026448309,10.64766049,0.255682382,0.046153846,0.144444444
113,43,113043,Summer,FG,13,2.564949357,2.91,1.068153081,0,33.13,0.103084931,0.299352545,0.151592429,0.026448309,10.64766049,0.255682382,0.046153846,0.144444444
113,149,113149,Summer,FG,57,4.043051268,1.79,0.58221562,0,14.53,0.103084931,0.299352545,0.151592429,0.026448309,10.64766049,0.255682382,0.046153846,0.144444444
113,17,113017,Winter,FG,33,3.496507561,2.23,0.802001585,0,26.95,0.103084931,0.299352545,0.151592429,0.026448309,10.64766049,0.255682382,0.046153846,0.144444444
113,67,113067,Winter,FG,30,3.401197382,1.99,0.688134639,0,25.08,0.103084931,0.299352545,0.151592429,0.026448309,10.64766049,0.255682382,0.046153846,0.144444444
113,108,113108,Fall,FG,8,2.079441542,2.36,0.858661619,1,43.22,0.103084931,0.299352545,0.151592429,0.026448309,10.64766049,0.255682382,0.046153846,0.144444444
113,132,113132,Spring,FG,43,3.761200116,1.59,0.463734016,0,9.37,0.103084931,0.299352545,0.151592429,0.026448309,10.64766049,0.255682382,0.046153846,0.144444444
113,30,113030,Spring,FG,3,1.098612289,2.91,1.068153081,0,35.53,0.103084931,0.299352545,0.151592429,0.026448309,10.64766049,0.255682382,0.046153846,0.144444444
113,139,113139,Spring,FG,16,2.772588722,1.79,0.58221562,0,5.87,0.103084931,0.299352545,0.151592429,0.026448309,10.64766049,0.255682382,0.046153846,0.144444444
113,196,113196,Summer,FG,32,3.465735903,1.79,0.58221562,0,33.24,0.103084931,0.299352545,0.151592429,0.026448309,10.64766049,0.255682382,0.046153846,0.144444444
113,126,113126,Winter,FG,21,3.044522438,1.79,0.58221562,0,11.45,0.103084931,0.299352545,0.151592429,0.026448309,10.64766049,0.255682382,0.046153846,0.144444444
113,118,113118,Winter,FG,49,3.891820298,1.99,0.688134639,0,32.66,0.103084931,0.299352545,0.151592429,0.026448309,10.64766049,0.255682382,0.046153846,0.144444444
113,61,113061,Fall,FG,5,1.609437912,2.91,1.068153081,0,38.45,0.103084931,0.299352545,0.151592429,0.026448309,10.64766049,0.255682382,0.046153846,0.144444444
113,122,113122,Winter,FG,11,2.397895273,1.79,0.58221562,1,30.39,0.103084931,0.299352545,0.151592429,0.026448309,10.64766049,0.255682382,0.046153846,0.144444444
113,90,113090,Summer,FG,31,3.433987204,1.69,0.524728529,1,24.08,0.103084931,0.299352545,0.151592429,0.026448309,10.64766049,0.255682382,0.046153846,0.144444444
113,187,113187,Spring,FG,10,2.302585093,1.79,0.58221562,0,24.58,0.103084931,0.299352545,0.151592429,0.026448309,10.64766049,0.255682382,0.046153846,0.144444444
113,46,113046,Summer,FG,16,2.772588722,2.75,1.011600912,1,36.25,0.103084931,0.299352545,0.151592429,0.026448309,10.64766049,0.255682382,0.046153846,0.144444444
113,134,113134,Spring,FG,30,3.401197382,1.29,0.254642218,1,57.29,0.103084931,0.299352545,0.151592429,0.026448309,10.64766049,0.255682382,0.046153846,0.144444444
113,156,113156,Fall,FG,20,2.995732274,1.79,0.58221562,0,15.92,0.103084931,0.299352545,0.151592429,0.026448309,10.64766049,0.255682382,0.046153846,0.144444444
113,23,113023,Winter,FG,493,6.200509174,1.89,0.636576829,1,0.63,0.103084931,0.299352545,0.151592429,0.026448309,10.64766049,0.255682382,0.046153846,0.144444444
113,150,113150,Summer,FG,29,3.36729583,1.79,0.58221562,1,14.53,0.103084931,0.299352545,0.151592429,0.026448309,10.64766049,0.255682382,0.046153846,0.144444444
113,64,113064,Winter,FG,9,2.197224577,2.79,1.026041596,0,44.87,0.103084931,0.299352545,0.151592429,0.026448309,10.64766049,0.255682382,0.046153846,0.144444444
113,59,113059,Fall,FG,9,2.197224577,1.99,0.688134639,0,10,0.103084931,0.299352545,0.151592429,0.026448309,10.64766049,0.255682382,0.046153846,0.144444444
113,12,113012,Winter,FG,16,2.772588722,2.29,0.828551818,0,32.05,0.103084931,0.299352545,0.151592429,0.026448309,10.64766049,0.255682382,0.046153846,0.144444444
113,131,113131,Spring,FG,43,3.761200116,1.59,0.463734016,1,9.37,0.103084931,0.299352545,0.151592429,0.026448309,10.64766049,0.255682382,0.046153846,0.144444444
113,52,113052,Fall,FG,339,5.826000107,1.99,0.688134639,1,15.48,0.103084931,0.299352545,0.151592429,0.026448309,10.64766049,0.255682382,0.046153846,0.144444444
113,128,113128,Spring,FG,30,3.401197382,1.79,0.58221562,0,19.5,0.103084931,0.299352545,0.151592429,0.026448309,10.64766049,0.255682382,0.046153846,0.144444444
122,75,122075,Winter,FG,19,2.944438979,1.89,0.636576829,1,20.21,0.16735739,0.061953911,0.255889066,0.078372885,10.77505285,0.269524042,0.018980641,0.019283122
122,129,122129,Spring,FG,18,2.890371758,1.74,0.553885113,0,17.18,0.16735739,0.061953911,0.255889066,0.078372885,10.77505285,0.269524042,0.018980641,0.019283122
122,123,122123,Winter,FG,11,2.397895273,1.84,0.609765572,0,14.29,0.16735739,0.061953911,0.255889066,0.078372885,10.77505285,0.269524042,0.018980641,0.019283122
122,138,122138,Spring,FG,23,3.135494216,1.79,0.58221562,0,5.86,0.16735739,0.061953911,0.255889066,0.078372885,10.77505285,0.269524042,0.018980641,0.019283122
122,30,122030,Spring,FG,3,1.098612289,2.53,0.928219303,0,25.85,0.16735739,0.061953911,0.255889066,0.078372885,10.77505285,0.269524042,0.018980641,0.019283122
122,31,122031,Spring,FG,22,3.091042453,2.53,0.928219303,0,19.33,0.16735739,0.061953911,0.255889066,0.078372885,10.77505285,0.269524042,0.018980641,0.019283122
122,59,122059,Fall,FG,40,3.688879454,1.99,0.688134639,0,10,0.16735739,0.061953911,0.255889066,0.078372885,10.77505285,0.269524042,0.018980641,0.019283122
122,145,122145,Summer,FG,16,2.772588722,1.79,0.58221562,0,5.86,0.16735739,0.061953911,0.255889066,0.078372885,10.77505285,0.269524042,0.018980641,0.019283122
122,13,122013,Winter,FG,29,3.36729583,1.99,0.688134639,0,21.81,0.16735739,0.061953911,0.255889066,0.078372885,10.77505285,0.269524042,0.018980641,0.019283122
122,147,122147,Summer,FG,28,3.33220451,1.79,0.58221562,0,14.3,0.16735739,0.061953911,0.255889066,0.078372885,10.77505285,0.269524042,0.018980641,0.019283122
122,49,122049,Summer,FG,17,2.833213344,2.36,0.858661619,1,23.77,0.16735739,0.061953911,0.255889066,0.078372885,10.77505285,0.269524042,0.018980641,0.019283122
122,3,122003,Fall,FG,28,3.33220451,2.19,0.783901544,1,19.91,0.16735739,0.061953911,0.255889066,0.078372885,10.77505285,0.269524042,0.018980641,0.019283122
122,40,122040,Summer,FG,41,3.713572067,1.85,0.615185639,1,11.03,0.16735739,0.061953911,0.255889066,0.078372885,10.77505285,0.269524042,0.018980641,0.019283122
122,18,122018,Winter,FG,17,2.833213344,1.99,0.688134639,0,18.14,0.16735739,0.061953911,0.255889066,0.078372885,10.77505285,0.269524042,0.018980641,0.019283122
122,74,122074,Winter,FG,28,3.33220451,1.89,0.636576829,0,15.98,0.16735739,0.061953911,0.255889066,0.078372885,10.77505285,0.269524042,0.018980641,0.019283122
122,128,122128,Spring,FG,26,3.258096538,1.79,0.58221562,0,19.49,0.16735739,0.061953911,0.255889066,0.078372885,10.77505285,0.269524042,0.018980641,0.019283122
122,189,122189,Spring,FG,14,2.63905733,1.79,0.58221562,0,33.91,0.16735739,0.061953911,0.255889066,0.078372885,10.77505285,0.269524042,0.018980641,0.019283122
122,11,122011,Winter,FG,23,3.135494216,1.99,0.688134639,0,21.81,0.16735739,0.061953911,0.255889066,0.078372885,10.77505285,0.269524042,0.018980641,0.019283122
122,66,122066,Winter,FG,21,3.044522438,1.89,0.636576829,0,26.03,0.16735739,0.061953911,0.255889066,0.078372885,10.77505285,0.269524042,0.018980641,0.019283122
122,193,122193,Summer,FG,26,3.258096538,1.49,0.39877612,1,20.33,0.16735739,0.061953911,0.255889066,0.078372885,10.77505285,0.269524042,0.018980641,0.019283122
122,143,122143,Summer,FG,27,3.295836866,1.79,0.58221562,0,5.86,0.16735739,0.061953911,0.255889066,0.078372885,10.77505285,0.269524042,0.018980641,0.019283122
122,43,122043,Summer,FG,43,3.761200116,2.53,0.928219303,0,23.08,0.16735739,0.061953911,0.255889066,0.078372885,10.77505285,0.269524042,0.018980641,0.019283122
122,38,122038,Summer,FG,13,2.564949357,2.53,0.928219303,1,23.08,0.16735739,0.061953911,0.255889066,0.078372885,10.77505285,0.269524042,0.018980641,0.019283122
122,23,122023,Winter,FG,538,6.28785856,1.69,0.524728529,1,11.12,0.16735739,0.061953911,0.255889066,0.078372885,10.77505285,0.269524042,0.018980641,0.019283122
122,42,122042,Summer,FG,13,2.564949357,2.53,0.928219303,0,27.43,0.16735739,0.061953911,0.255889066,0.078372885,10.77505285,0.269524042,0.018980641,0.019283122
122,142,122142,Summer,FG,50,3.912023005,1.79,0.58221562,0,5.86,0.16735739,0.061953911,0.255889066,0.078372885,10.77505285,0.269524042,0.018980641,0.019283122
122,88,122088,Spring,FG,97,4.574710979,1.69,0.524728529,1,24.08,0.16735739,0.061953911,0.255889066,0.078372885,10.77505285,0.269524042,0.018980641,0.019283122
122,68,122068,Winter,FG,10,2.302585093,1.89,0.636576829,1,21.11,0.16735739,0.061953911,0.255889066,0.078372885,10.77505285,0.269524042,0.018980641,0.019283122
122,125,122125,Winter,FG,15,2.708050201,1.79,0.58221562,0,11.45,0.16735739,0.061953911,0.255889066,0.078372885,10.77505285,0.269524042,0.018980641,0.019283122
122,25,122025,Spring,FG,14,2.63905733,2.53,0.928219303,0,20.32,0.16735739,0.061953911,0.255889066,0.078372885,10.77505285,0.269524042,0.018980641,0.019283122
122,19,122019,Winter,FG,27,3.295836866,1.99,0.688134639,0,21.81,0.16735739,0.061953911,0.255889066,0.078372885,10.77505285,0.269524042,0.018980641,0.019283122
84,183,84183,Spring,FG,24,3.17805383,1.79,0.58221562,0,23.3,0.164657284,0.122100005,0.188094318,0.02963639,10.76561773,0.231269528,0.024297424,0.013319672
84,44,84044,Summer,FG,8,2.079441542,2.75,1.011600912,1,33.78,0.164657284,0.122100005,0.188094318,0.02963639,10.76561773,0.231269528,0.024297424,0.013319672
84,193,84193,Summer,FG,108,4.682131227,1.49,0.39877612,1,20.34,0.164657284,0.122100005,0.188094318,0.02963639,10.76561773,0.231269528,0.024297424,0.013319672
84,53,84053,Fall,FG,30,3.401197382,1.99,0.688134639,1,14.62,0.164657284,0.122100005,0.188094318,0.02963639,10.76561773,0.231269528,0.024297424,0.013319672
84,179,84179,Winter,FG,18,2.890371758,1.79,0.58221562,0,24.53,0.164657284,0.122100005,0.188094318,0.02963639,10.76561773,0.231269528,0.024297424,0.013319672
84,98,84098,Summer,FG,4,1.386294361,2.36,0.858661619,0,45.64,0.164657284,0.122100005,0.188094318,0.02963639,10.76561773,0.231269528,0.024297424,0.013319672
84,89,84089,Summer,FG,52,3.951243719,1.69,0.524728529,1,24.08,0.164657284,0.122100005,0.188094318,0.02963639,10.76561773,0.231269528,0.024297424,0.013319672
84,97,84097,Summer,FG,3,1.098612289,2.36,0.858661619,0,45.64,0.164657284,0.122100005,0.188094318,0.02963639,10.76561773,0.231269528,0.024297424,0.013319672
84,123,84123,Winter,FG,10,2.302585093,2.26,0.815364813,0,44.87,0.164657284,0.122100005,0.188094318,0.02963639,10.76561773,0.231269528,0.024297424,0.013319672
84,148,84148,Summer,FG,22,3.091042453,1.79,0.58221562,0,17.15,0.164657284,0.122100005,0.188094318,0.02963639,10.76561773,0.231269528,0.024297424,0.013319672
84,23,84023,Winter,FG,316,5.755742214,1.89,0.636576829,1,0.63,0.164657284,0.122100005,0.188094318,0.02963639,10.76561773,0.231269528,0.024297424,0.013319672
84,155,84155,Fall,FG,8,2.079441542,1.79,0.58221562,0,15.92,0.164657284,0.122100005,0.188094318,0.02963639,10.76561773,0.231269528,0.024297424,0.013319672
84,173,84173,Winter,FG,13,2.564949357,1.79,0.58221562,0,13.24,0.164657284,0.122100005,0.188094318,0.02963639,10.76561773,0.231269528,0.024297424,0.013319672
84,65,84065,Winter,FG,10,2.302585093,2.79,1.026041596,0,44.87,0.164657284,0.122100005,0.188094318,0.02963639,10.76561773,0.231269528,0.024297424,0.013319672
84,125,84125,Winter,FG,18,2.890371758,1.79,0.58221562,0,11.45,0.164657284,0.122100005,0.188094318,0.02963639,10.76561773,0.231269528,0.024297424,0.013319672
84,62,84062,Fall,FG,14,2.63905733,2.79,1.026041596,1,35.81,0.164657284,0.122100005,0.188094318,0.02963639,10.76561773,0.231269528,0.024297424,0.013319672
84,40,84040,Summer,FG,16,2.772588722,1.85,0.615185639,1,11.03,0.164657284,0.122100005,0.188094318,0.02963639,10.76561773,0.231269528,0.024297424,0.013319672
84,185,84185,Spring,FG,19,2.944438979,1.79,0.58221562,0,30.5,0.164657284,0.122100005,0.188094318,0.02963639,10.76561773,0.231269528,0.024297424,0.013319672
84,144,84144,Summer,FG,46,3.828641396,1.79,0.58221562,0,5.87,0.164657284,0.122100005,0.188094318,0.02963639,10.76561773,0.231269528,0.024297424,0.013319672
84,91,84091,Summer,FG,1,0,2.36,0.858661619,0,45.64,0.164657284,0.122100005,0.188094318,0.02963639,10.76561773,0.231269528,0.024297424,0.013319672
84,192,84192,Spring,FG,17,2.833213344,1.49,0.39877612,1,27.65,0.164657284,0.122100005,0.188094318,0.02963639,10.76561773,0.231269528,0.024297424,0.013319672
84,190,84190,Spring,FG,44,3.784189634,1.49,0.39877612,1,23.36,0.164657284,0.122100005,0.188094318,0.02963639,10.76561773,0.231269528,0.024297424,0.013319672
