Group Assignment 2/Orange Juice Assignment 2.csv
STORE,Week,STOREWEEK,Season,BRAND,MOVE,logmove,PRICE,logprice,Feat,PROFIT,AGE9,AGE60,EDUC,ETHNIC,INCOME,SINGLE,POVERTY,NOCAR
116,18,116018,Winter,FG,8,2.079441542,2.04,0.712949808,0,20.15,0.139877224,0.18817339,0.259224748,0.033137058,10.69711335,0.248022555,0.036188179,0.060981912
116,65,116065,Winter,FG,6,1.791759469,2.79,1.026041596,0,44.87,0.139877224,0.18817339,0.259224748,0.033137058,10.69711335,0.248022555,0.036188179,0.060981912
116,174,116174,Winter,FG,23,3.135494216,1.79,0.58221562,0,13.24,0.139877224,0.18817339,0.259224748,0.033137058,10.69711335,0.248022555,0.036188179,0.060981912
116,59,116059,Fall,FG,25,3.218875825,1.99,0.688134639,0,10,0.139877224,0.18817339,0.259224748,0.033137058,10.69711335,0.248022555,0.036188179,0.060981912
116,98,116098,Summer,FG,1,0,2.36,0.858661619,0,45.64,0.139877224,0.18817339,0.259224748,0.033137058,10.69711335,0.248022555,0.036188179,0.060981912
116,133,116133,Spring,FG,137,4.919980926,1.29,0.254642218,0,3.8,0.139877224,0.18817339,0.259224748,0.033137058,10.69711335,0.248022555,0.036188179,0.060981912
116,100,116100,Summer,FG,119,4.779123493,1.89,0.636576829,1,27.51,0.139877224,0.18817339,0.259224748,0.033137058,10.69711335,0.248022555,0.036188179,0.060981912
116,108,116108,Fall,FG,6,1.791759469,2.36,0.858661619,1,43.22,0.139877224,0.18817339,0.259224748,0.033137058,10.69711335,0.248022555,0.036188179,0.060981912
116,107,116107,Fall,FG,13,2.564949357,1.99,0.688134639,1,32.31,0.139877224,0.18817339,0.259224748,0.033137058,10.69711335,0.248022555,0.036188179,0.060981912
116,28,116028,Spring,FG,4,1.386294361,2.53,0.928219303,0,25.85,0.139877224,0.18817339,0.259224748,0.033137058,10.69711335,0.248022555,0.036188179,0.060981912
116,14,116014,Winter,FG,8,2.079441542,2.03,0.708035793,0,23.35,0.139877224,0.18817339,0.259224748,0.033137058,10.69711335,0.248022555,0.036188179,0.060981912
116,5,116005,Fall,FG,3,1.098612289,2.19,0.783901544,0,24.66,0.139877224,0.18817339,0.259224748,0.033137058,10.69711335,0.248022555,0.036188179,0.060981912
116,67,116067,Winter,FG,29,3.36729583,1.99,0.688134639,0,25.08,0.139877224,0.18817339,0.259224748,0.033137058,10.69711335,0.248022555,0.036188179,0.060981912
116,196,116196,Summer,FG,10,2.302585093,1.79,0.58221562,0,33.24,0.139877224,0.18817339,0.259224748,0.033137058,10.69711335,0.248022555,0.036188179,0.060981912
116,32,116032,Spring,FG,212,5.356586275,1.99,0.688134639,1,2.21,0.139877224,0.18817339,0.259224748,0.033137058,10.69711335,0.248022555,0.036188179,0.060981912
116,88,116088,Spring,FG,166,5.111987788,1.69,0.524728529,1,24.08,0.139877224,0.18817339,0.259224748,0.033137058,10.69711335,0.248022555,0.036188179,0.060981912
116,72,116072,Winter,FG,15,2.708050201,1.99,0.688134639,0,24.97,0.139877224,0.18817339,0.259224748,0.033137058,10.69711335,0.248022555,0.036188179,0.060981912
116,57,116057,Fall,FG,19,2.944438979,2.71,0.996948635,0,44.28,0.139877224,0.18817339,0.259224748,0.033137058,10.69711335,0.248022555,0.036188179,0.060981912
116,84,116084,Spring,FG,24,3.17805383,1.79,0.58221562,0,20.28,0.139877224,0.18817339,0.259224748,0.033137058,10.69711335,0.248022555,0.036188179,0.060981912
116,79,116079,Spring,FG,7,1.945910149,2.19,0.783901544,0,32.79,0.139877224,0.18817339,0.259224748,0.033137058,10.69711335,0.248022555,0.036188179,0.060981912
116,76,116076,Spring,FG,27,3.295836866,1.99,0.688134639,0,24.22,0.139877224,0.18817339,0.259224748,0.033137058,10.69711335,0.248022555,0.036188179,0.060981912
116,157,116157,Fall,FG,18,2.890371758,1.79,0.58221562,0,17.54,0.139877224,0.18817339,0.259224748,0.033137058,10.69711335,0.248022555,0.036188179,0.060981912
116,39,116039,Summer,FG,22,3.091042453,2.53,0.928219303,0,34.94,0.139877224,0.18817339,0.259224748,0.033137058,10.69711335,0.248022555,0.036188179,0.060981912
116,47,116047,Summer,FG,4,1.386294361,2.91,1.068153081,0,38.18,0.139877224,0.18817339,0.259224748,0.033137058,10.69711335,0.248022555,0.036188179,0.060981912
116,64,116064,Winter,FG,7,1.945910149,2.79,1.026041596,0,44.87,0.139877224,0.18817339,0.259224748,0.033137058,10.69711335,0.248022555,0.036188179,0.060981912
116,54,116054,Fall,FG,4,1.386294361,2.91,1.068153081,0,41.62,0.139877224,0.18817339,0.259224748,0.033137058,10.69711335,0.248022555,0.036188179,0.060981912
116,143,116143,Summer,FG,21,3.044522438,1.79,0.58221562,0,5.87,0.139877224,0.18817339,0.259224748,0.033137058,10.69711335,0.248022555,0.036188179,0.060981912
116,87,116087,Spring,FG,11,2.397895273,2.36,0.858661619,0,45.34,0.139877224,0.18817339,0.259224748,0.033137058,10.69711335,0.248022555,0.036188179,0.060981912
116,75,116075,Winter,FG,18,2.890371758,1.99,0.688134639,1,24.22,0.139877224,0.18817339,0.259224748,0.033137058,10.69711335,0.248022555,0.036188179,0.060981912
116,56,116056,Fall,FG,9,2.197224577,2.91,1.068153081,0,41.2,0.139877224,0.18817339,0.259224748,0.033137058,10.69711335,0.248022555,0.036188179,0.060981912
116,68,116068,Winter,FG,20,2.995732274,1.99,0.688134639,1,25.08,0.139877224,0.18817339,0.259224748,0.033137058,10.69711335,0.248022555,0.036188179,0.060981912
116,21,116021,Winter,FG,14,2.63905733,2.09,0.737164066,0,25.55,0.139877224,0.18817339,0.259224748,0.033137058,10.69711335,0.248022555,0.036188179,0.060981912
116,38,116038,Summer,FG,7,1.945910149,2.53,0.928219303,1,23.08,0.139877224,0.18817339,0.259224748,0.033137058,10.69711335,0.248022555,0.036188179,0.060981912
116,25,116025,Spring,FG,7,1.945910149,2.53,0.928219303,0,20.32,0.139877224,0.18817339,0.259224748,0.033137058,10.69711335,0.248022555,0.036188179,0.060981912
116,189,116189,Spring,FG,15,2.708050201,1.79,0.58221562,1,25.31,0.139877224,0.18817339,0.259224748,0.033137058,10.69711335,0.248022555,0.036188179,0.060981912
116,34,116034,Spring,FG,9,2.197224577,2.53,0.928219303,0,23.08,0.139877224,0.18817339,0.259224748,0.033137058,10.69711335,0.248022555,0.036188179,0.060981912
116,60,116060,Fall,FG,19,2.944438979,1.99,0.688134639,1,10,0.139877224,0.18817339,0.259224748,0.033137058,10.69711335,0.248022555,0.036188179,0.060981912
116,110,116110,Fall,FG,3,1.098612289,2.26,0.815364813,0,46.9,0.139877224,0.18817339,0.259224748,0.033137058,10.69711335,0.248022555,0.036188179,0.060981912
116,53,116053,Fall,FG,19,2.944438979,1.99,0.688134639,1,14.62,0.139877224,0.18817339,0.259224748,0.033137058,10.69711335,0.248022555,0.036188179,0.060981912
116,159,116159,Fall,FG,35,3.555348061,1.59,0.463734016,1,15.66,0.139877224,0.18817339,0.259224748,0.033137058,10.69711335,0.248022555,0.036188179,0.060981912
103,194,103194,Summer,FG,44,3.784189634,1.49,0.39877612,1,19.79,0.185393984,0.058053966,0.194621102,0.187760899,10.58524512,0.262553802,0.033110701,0.015063237
103,49,103049,Summer,FG,7,1.945910149,2.36,0.858661619,1,23.77,0.185393984,0.058053966,0.194621102,0.187760899,10.58524512,0.262553802,0.033110701,0.015063237
103,6,103006,Fall,FG,1,0,2.09,0.737164066,0,19.9,0.185393984,0.058053966,0.194621102,0.187760899,10.58524512,0.262553802,0.033110701,0.015063237
103,189,103189,Spring,FG,13,2.564949357,1.9,0.641853886,1,36.73,0.185393984,0.058053966,0.194621102,0.187760899,10.58524512,0.262553802,0.033110701,0.015063237
103,72,103072,Winter,FG,61,4.110873864,1.99,0.688134639,0,24.97,0.185393984,0.058053966,0.194621102,0.187760899,10.58524512,0.262553802,0.033110701,0.015063237
103,148,103148,Summer,FG,32,3.465735903,1.79,0.58221562,0,16.2,0.185393984,0.058053966,0.194621102,0.187760899,10.58524512,0.262553802,0.033110701,0.015063237
103,181,103181,Spring,FG,24,3.17805383,1.82,0.598836501,1,24.89,0.185393984,0.058053966,0.194621102,0.187760899,10.58524512,0.262553802,0.033110701,0.015063237
103,8,103008,Fall,FG,10,2.302585093,2.09,0.737164066,0,33.01,0.185393984,0.058053966,0.194621102,0.187760899,10.58524512,0.262553802,0.033110701,0.015063237
103,183,103183,Spring,FG,40,3.688879454,1.85,0.615185639,0,25.78,0.185393984,0.058053966,0.194621102,0.187760899,10.58524512,0.262553802,0.033110701,0.015063237
103,195,103195,Summer,FG,41,3.713572067,1.52,0.418710335,1,21.38,0.185393984,0.058053966,0.194621102,0.187760899,10.58524512,0.262553802,0.033110701,0.015063237
103,67,103067,Winter,FG,20,2.995732274,1.99,0.688134639,0,25.08,0.185393984,0.058053966,0.194621102,0.187760899,10.58524512,0.262553802,0.033110701,0.015063237
103,113,103113,Fall,FG,8,2.079441542,1.99,0.688134639,0,38.04,0.185393984,0.058053966,0.194621102,0.187760899,10.58524512,0.262553802,0.033110701,0.015063237
103,104,103104,Fall,FG,16,2.772588722,1.99,0.688134639,0,31.5,0.185393984,0.058053966,0.194621102,0.187760899,10.58524512,0.262553802,0.033110701,0.015063237
103,56,103056,Fall,FG,19,2.944438979,2.53,0.928219303,0,32.37,0.185393984,0.058053966,0.194621102,0.187760899,10.58524512,0.262553802,0.033110701,0.015063237
103,106,103106,Fall,FG,5,1.609437912,1.99,0.688134639,0,32.31,0.185393984,0.058053966,0.194621102,0.187760899,10.58524512,0.262553802,0.033110701,0.015063237
103,1,103001,Fall,FG,10,2.302585093,2.19,0.783901544,0,19.91,0.185393984,0.058053966,0.194621102,0.187760899,10.58524512,0.262553802,0.033110701,0.015063237
103,17,103017,Winter,FG,11,2.397895273,1.99,0.688134639,0,18.14,0.185393984,0.058053966,0.194621102,0.187760899,10.58524512,0.262553802,0.033110701,0.015063237
103,34,103034,Spring,FG,4,1.386294361,2.53,0.928219303,0,23.08,0.185393984,0.058053966,0.194621102,0.187760899,10.58524512,0.262553802,0.033110701,0.015063237
103,159,103159,Fall,FG,53,3.970291914,1.6,0.470003629,1,16.18,0.185393984,0.058053966,0.194621102,0.187760899,10.58524512,0.262553802,0.033110701,0.015063237
103,90,103090,Summer,FG,7,1.945910149,1.69,0.524728529,1,24.08,0.185393984,0.058053966,0.194621102,0.187760899,10.58524512,0.262553802,0.033110701,0.015063237
103,107,103107,Fall,FG,5,1.609437912,1.99,0.688134639,0,32.66,0.185393984,0.058053966,0.194621102,0.187760899,10.58524512,0.262553802,0.033110701,0.015063237
103,157,103157,Fall,FG,21,3.044522438,1.92,0.652325186,0,27.34,0.185393984,0.058053966,0.194621102,0.187760899,10.58524512,0.262553802,0.033110701,0.015063237
103,109,103109,Fall,FG,8,2.079441542,1.99,0.688134639,0,39.64,0.185393984,0.058053966,0.194621102,0.187760899,10.58524512,0.262553802,0.033110701,0.015063237
103,42,103042,Summer,FG,4,1.386294361,2.53,0.928219303,0,27.43,0.185393984,0.058053966,0.194621102,0.187760899,10.58524512,0.262553802,0.033110701,0.015063237
103,165,103165,Fall,FG,25,3.218875825,1.92,0.652325186,0,19.89,0.185393984,0.058053966,0.194621102,0.187760899,10.58524512,0.262553802,0.033110701,0.015063237
103,177,103177,Winter,FG,7,1.945910149,1.86,0.620576488,1,27.36,0.185393984,0.058053966,0.194621102,0.187760899,10.58524512,0.262553802,0.033110701,0.015063237
103,184,103184,Spring,FG,10,2.302585093,1.79,0.58221562,1,23.96,0.185393984,0.058053966,0.194621102,0.187760899,10.58524512,0.262553802,0.033110701,0.015063237
81,40,81040,Summer,FG,21,3.044522438,1.85,0.615185639,1,11.03,0.116792163,0.181118938,0.234201612,0.073961623,10.71993585,0.275213259,0.031450382,0.033180662
81,197,81197,Summer,FG,19,2.944438979,1.84,0.609765572,0,35.05,0.116792163,0.181118938,0.234201612,0.073961623,10.71993585,0.275213259,0.031450382,0.033180662
81,38,81038,Summer,FG,17,2.833213344,2.59,0.951657876,1,24.86,0.116792163,0.181118938,0.234201612,0.073961623,10.71993585,0.275213259,0.031450382,0.033180662
81,94,81094,Summer,FG,1,0,2.36,0.858661619,0,49.83,0.116792163,0.181118938,0.234201612,0.073961623,10.71993585,0.275213259,0.031450382,0.033180662
81,151,81151,Summer,FG,47,3.850147602,1.79,0.58221562,1,13.97,0.116792163,0.181118938,0.234201612,0.073961623,10.71993585,0.275213259,0.031450382,0.033180662
81,6,81006,Fall,FG,12,2.48490665,2.41,0.879626748,0,30.54,0.116792163,0.181118938,0.234201612,0.073961623,10.71993585,0.275213259,0.031450382,0.033180662
81,9,81009,Fall,FG,12,2.48490665,2.41,0.879626748,0,35.52,0.116792163,0.181118938,0.234201612,0.073961623,10.71993585,0.275213259,0.031450382,0.033180662
81,85,81085,Spring,FG,44,3.784189634,1.79,0.58221562,0,20.28,0.116792163,0.181118938,0.234201612,0.073961623,10.71993585,0.275213259,0.031450382,0.033180662
81,164,81164,Fall,FG,12,2.48490665,1.79,0.58221562,0,14.08,0.116792163,0.181118938,0.234201612,0.073961623,10.71993585,0.275213259,0.031450382,0.033180662
81,120,81120,Winter,FG,41,3.713572067,1.99,0.688134639,1,32.66,0.116792163,0.181118938,0.234201612,0.073961623,10.71993585,0.275213259,0.031450382,0.033180662
81,146,81146,Summer,FG,36,3.583518938,1.79,0.58221562,0,5.87,0.116792163,0.181118938,0.234201612,0.073961623,10.71993585,0.275213259,0.031450382,0.033180662
81,198,81198,Summer,FG,4,1.386294361,2.29,0.828551818,0,49.25,0.116792163,0.181118938,0.234201612,0.073961623,10.71993585,0.275213259,0.031450382,0.033180662
81,101,81101,Summer,FG,3,1.098612289,2.36,0.858661619,0,41.95,0.116792163,0.181118938,0.234201612,0.073961623,10.71993585,0.275213259,0.031450382,0.033180662
81,63,81063,Winter,FG,6,1.791759469,2.79,1.026041596,1,35.81,0.116792163,0.181118938,0.234201612,0.073961623,10.71993585,0.275213259,0.031450382,0.033180662
81,58,81058,Fall,FG,56,4.025351691,1.99,0.688134639,1,24.12,0.116792163,0.181118938,0.234201612,0.073961623,10.71993585,0.275213259,0.031450382,0.033180662
81,103,81103,Fall,FG,6,1.791759469,2.36,0.858661619,0,41.95,0.116792163,0.181118938,0.234201612,0.073961623,10.71993585,0.275213259,0.031450382,0.033180662
81,74,81074,Winter,FG,57,4.043051268,1.99,0.688134639,0,20.2,0.116792163,0.181118938,0.234201612,0.073961623,10.71993585,0.275213259,0.031450382,0.033180662
81,4,81004,Fall,FG,20,2.995732274,2.29,0.828551818,0,26.68,0.116792163,0.181118938,0.234201612,0.073961623,10.71993585,0.275213259,0.031450382,0.033180662
81,127,81127,Winter,FG,1182,7.074963198,0.99,-0.010050336,1,45.86,0.116792163,0.181118938,0.234201612,0.073961623,10.71993585,0.275213259,0.031450382,0.033180662
81,109,81109,Fall,FG,5,1.609437912,2.26,0.815364813,0,46.81,0.116792163,0.181118938,0.234201612,0.073961623,10.71993585,0.275213259,0.031450382,0.033180662
81,106,81106,Fall,FG,9,2.197224577,1.99,0.688134639,1,32.31,0.116792163,0.181118938,0.234201612,0.073961623,10.71993585,0.275213259,0.031450382,0.033180662
81,5,81005,Fall,FG,7,1.945910149,2.35,0.854415328,0,29.79,0.116792163,0.181118938,0.234201612,0.073961623,10.71993585,0.275213259,0.031450382,0.033180662
81,42,81042,Summer,FG,4,1.386294361,2.91,1.068153081,0,36.91,0.116792163,0.181118938,0.234201612,0.073961623,10.71993585,0.275213259,0.031450382,0.033180662
81,113,81113,Fall,FG,4,1.386294361,2.26,0.815364813,0,46.9,0.116792163,0.181118938,0.234201612,0.073961623,10.71993585,0.275213259,0.031450382,0.033180662
81,17,81017,Winter,FG,27,3.295836866,2.23,0.802001585,0,26.95,0.116792163,0.181118938,0.234201612,0.073961623,10.71993585,0.275213259,0.031450382,0.033180662
