Group Assignment 2/Orange Juice Assignment 2.csv
STORE,Week,STOREWEEK,Season,BRAND,MOVE,logmove,PRICE,logprice,Feat,PROFIT,AGE9,AGE60,EDUC,ETHNIC,INCOME,SINGLE,POVERTY,NOCAR
70,109,70109,Fall,FG,8,2.079441542,1.89,0.636576829,0,36.4,0.143345982,0.190235804,0.165669605,0.162860821,10.41235125,0.26475788,0.087977343,0.081125525
70,94,70094,Summer,FG,65,4.17438727,1.89,0.636576829,0,37.35,0.143345982,0.190235804,0.165669605,0.162860821,10.41235125,0.26475788,0.087977343,0.081125525
70,82,70082,Spring,FG,10,2.302585093,1.89,0.636576829,0,21.69,0.143345982,0.190235804,0.165669605,0.162860821,10.41235125,0.26475788,0.087977343,0.081125525
70,44,70044,Summer,FG,10,2.302585093,2.19,0.783901544,1,16.85,0.143345982,0.190235804,0.165669605,0.162860821,10.41235125,0.26475788,0.087977343,0.081125525
70,122,70122,Winter,FG,11,2.397895273,1.79,0.58221562,1,30.39,0.143345982,0.190235804,0.165669605,0.162860821,10.41235125,0.26475788,0.087977343,0.081125525
70,13,70013,Winter,FG,10,2.302585093,1.99,0.688134639,0,21.81,0.143345982,0.190235804,0.165669605,0.162860821,10.41235125,0.26475788,0.087977343,0.081125525
70,152,70152,Summer,FG,36,3.583518938,1.69,0.524728529,1,8.7,0.143345982,0.190235804,0.165669605,0.162860821,10.41235125,0.26475788,0.087977343,0.081125525
70,66,70066,Winter,FG,23,3.135494216,1.89,0.636576829,0,26.03,0.143345982,0.190235804,0.165669605,0.162860821,10.41235125,0.26475788,0.087977343,0.081125525
70,172,70172,Winter,FG,35,3.555348061,1.69,0.524728529,1,20.41,0.143345982,0.190235804,0.165669605,0.162860821,10.41235125,0.26475788,0.087977343,0.081125525
70,104,70104,Fall,FG,18,2.890371758,1.89,0.636576829,1,27.51,0.143345982,0.190235804,0.165669605,0.162860821,10.41235125,0.26475788,0.087977343,0.081125525
70,154,70154,Fall,FG,26,3.258096538,1.79,0.58221562,1,13.74,0.143345982,0.190235804,0.165669605,0.162860821,10.41235125,0.26475788,0.087977343,0.081125525
70,149,70149,Summer,FG,22,3.091042453,1.79,0.58221562,0,14.53,0.143345982,0.190235804,0.165669605,0.162860821,10.41235125,0.26475788,0.087977343,0.081125525
70,41,70041,Summer,FG,20,2.995732274,2.19,0.783901544,0,16.26,0.143345982,0.190235804,0.165669605,0.162860821,10.41235125,0.26475788,0.087977343,0.081125525
70,139,70139,Spring,FG,39,3.663561646,1.79,0.58221562,0,5.87,0.143345982,0.190235804,0.165669605,0.162860821,10.41235125,0.26475788,0.087977343,0.081125525
70,12,70012,Winter,FG,13,2.564949357,1.99,0.688134639,0,21.81,0.143345982,0.190235804,0.165669605,0.162860821,10.41235125,0.26475788,0.087977343,0.081125525
70,25,70025,Spring,FG,16,2.772588722,2.19,0.783901544,0,7.95,0.143345982,0.190235804,0.165669605,0.162860821,10.41235125,0.26475788,0.087977343,0.081125525
70,93,70093,Summer,FG,5,1.609437912,1.29,0.254642218,1,13.49,0.143345982,0.190235804,0.165669605,0.162860821,10.41235125,0.26475788,0.087977343,0.081125525
70,87,70087,Spring,FG,6,1.791759469,1.89,0.636576829,0,31.75,0.143345982,0.190235804,0.165669605,0.162860821,10.41235125,0.26475788,0.087977343,0.081125525
70,98,70098,Summer,FG,5,1.609437912,1.89,0.636576829,0,32.12,0.143345982,0.190235804,0.165669605,0.162860821,10.41235125,0.26475788,0.087977343,0.081125525
70,34,70034,Spring,FG,15,2.708050201,2.19,0.783901544,0,11.14,0.143345982,0.190235804,0.165669605,0.162860821,10.41235125,0.26475788,0.087977343,0.081125525
70,39,70039,Summer,FG,29,3.36729583,2.19,0.783901544,0,24.84,0.143345982,0.190235804,0.165669605,0.162860821,10.41235125,0.26475788,0.087977343,0.081125525
70,113,70113,Fall,FG,10,2.302585093,1.89,0.636576829,0,36.51,0.143345982,0.190235804,0.165669605,0.162860821,10.41235125,0.26475788,0.087977343,0.081125525
70,136,70136,Spring,FG,38,3.63758616,1.69,0.524728529,0,0.3,0.143345982,0.190235804,0.165669605,0.162860821,10.41235125,0.26475788,0.087977343,0.081125525
70,157,70157,Fall,FG,30,3.401197382,1.79,0.58221562,0,17.54,0.143345982,0.190235804,0.165669605,0.162860821,10.41235125,0.26475788,0.087977343,0.081125525
70,77,70077,Spring,FG,29,3.36729583,1.89,0.636576829,0,20.21,0.143345982,0.190235804,0.165669605,0.162860821,10.41235125,0.26475788,0.087977343,0.081125525
70,169,70169,Winter,FG,41,3.713572067,1.79,0.58221562,0,19.11,0.143345982,0.190235804,0.165669605,0.162860821,10.41235125,0.26475788,0.087977343,0.081125525
70,192,70192,Spring,FG,49,3.891820298,1.49,0.39877612,1,26.17,0.143345982,0.190235804,0.165669605,0.162860821,10.41235125,0.26475788,0.087977343,0.081125525
70,165,70165,Fall,FG,14,2.63905733,1.79,0.58221562,0,14.08,0.143345982,0.190235804,0.165669605,0.162860821,10.41235125,0.26475788,0.087977343,0.081125525
70,162,70162,Fall,FG,32,3.465735903,1.69,0.524728529,1,11.48,0.143345982,0.190235804,0.165669605,0.162860821,10.41235125,0.26475788,0.087977343,0.081125525
70,124,70124,Winter,FG,36,3.583518938,1.79,0.58221562,0,11.9,0.143345982,0.190235804,0.165669605,0.162860821,10.41235125,0.26475788,0.087977343,0.081125525
70,64,70064,Winter,FG,15,2.708050201,2.19,0.783901544,0,29.77,0.143345982,0.190235804,0.165669605,0.162860821,10.41235125,0.26475788,0.087977343,0.081125525
70,30,70030,Spring,FG,9,2.197224577,2.19,0.783901544,0,14.34,0.143345982,0.190235804,0.165669605,0.162860821,10.41235125,0.26475788,0.087977343,0.081125525
70,91,70091,Summer,FG,8,2.079441542,1.89,0.636576829,0,32.12,0.143345982,0.190235804,0.165669605,0.162860821,10.41235125,0.26475788,0.087977343,0.081125525
70,159,70159,Fall,FG,36,3.583518938,1.59,0.463734016,1,15.66,0.143345982,0.190235804,0.165669605,0.162860821,10.41235125,0.26475788,0.087977343,0.081125525
70,114,70114,Fall,FG,20,2.995732274,1.89,0.636576829,1,33.7,0.143345982,0.190235804,0.165669605,0.162860821,10.41235125,0.26475788,0.087977343,0.081125525
70,56,70056,Fall,FG,13,2.564949357,2.19,0.783901544,0,21.87,0.143345982,0.190235804,0.165669605,0.162860821,10.41235125,0.26475788,0.087977343,0.081125525
70,80,70080,Spring,FG,20,2.995732274,1.89,0.636576829,1,22.12,0.143345982,0.190235804,0.165669605,0.162860821,10.41235125,0.26475788,0.087977343,0.081125525
74,152,74152,Summer,FG,99,4.59511985,1.69,0.524728529,1,8.7,0.093843178,0.307397856,0.07119776,0.041542429,10.48001664,0.25636593,0.06509299,0.14364528
74,75,74075,Winter,FG,33,3.496507561,1.99,0.688134639,1,24.22,0.093843178,0.307397856,0.07119776,0.041542429,10.48001664,0.25636593,0.06509299,0.14364528
74,82,74082,Spring,FG,10,2.302585093,2.36,0.858661619,0,37.29,0.093843178,0.307397856,0.07119776,0.041542429,10.48001664,0.25636593,0.06509299,0.14364528
74,9,74009,Fall,FG,2,0.693147181,2.41,0.879626748,0,35.52,0.093843178,0.307397856,0.07119776,0.041542429,10.48001664,0.25636593,0.06509299,0.14364528
74,148,74148,Summer,FG,50,3.912023005,1.79,0.58221562,0,17.15,0.093843178,0.307397856,0.07119776,0.041542429,10.48001664,0.25636593,0.06509299,0.14364528
74,65,74065,Winter,FG,10,2.302585093,2.79,1.026041596,0,44.87,0.093843178,0.307397856,0.07119776,0.041542429,10.48001664,0.25636593,0.06509299,0.14364528
74,116,74116,Winter,FG,20,2.995732274,1.29,0.254642218,0,18.37,0.093843178,0.307397856,0.07119776,0.041542429,10.48001664,0.25636593,0.06509299,0.14364528
74,118,74118,Winter,FG,20,2.995732274,1.99,0.688134639,0,32.66,0.093843178,0.307397856,0.07119776,0.041542429,10.48001664,0.25636593,0.06509299,0.14364528
74,43,74043,Summer,FG,15,2.708050201,2.91,1.068153081,0,33.13,0.093843178,0.307397856,0.07119776,0.041542429,10.48001664,0.25636593,0.06509299,0.14364528
74,101,74101,Summer,FG,9,2.197224577,2.36,0.858661619,0,41.95,0.093843178,0.307397856,0.07119776,0.041542429,10.48001664,0.25636593,0.06509299,0.14364528
74,49,74049,Summer,FG,7,1.945910149,2.71,0.996948635,1,33.62,0.093843178,0.307397856,0.07119776,0.041542429,10.48001664,0.25636593,0.06509299,0.14364528
74,176,74176,Winter,FG,47,3.850147602,1.71,0.536493371,1,16.43,0.093843178,0.307397856,0.07119776,0.041542429,10.48001664,0.25636593,0.06509299,0.14364528
74,45,74045,Summer,FG,5,1.609437912,2.75,1.011600912,1,33.78,0.093843178,0.307397856,0.07119776,0.041542429,10.48001664,0.25636593,0.06509299,0.14364528
74,166,74166,Fall,FG,19,2.944438979,1.79,0.58221562,0,14.08,0.093843178,0.307397856,0.07119776,0.041542429,10.48001664,0.25636593,0.06509299,0.14364528
74,99,74099,Summer,FG,5,1.609437912,2.36,0.858661619,0,45.64,0.093843178,0.307397856,0.07119776,0.041542429,10.48001664,0.25636593,0.06509299,0.14364528
74,103,74103,Fall,FG,6,1.791759469,2.36,0.858661619,0,41.95,0.093843178,0.307397856,0.07119776,0.041542429,10.48001664,0.25636593,0.06509299,0.14364528
74,162,74162,Fall,FG,156,5.049856007,1.69,0.524728529,1,11.48,0.093843178,0.307397856,0.07119776,0.041542429,10.48001664,0.25636593,0.06509299,0.14364528
74,200,74200,Summer,FG,9,2.197224577,2.09,0.737164066,0,47.6,0.093843178,0.307397856,0.07119776,0.041542429,10.48001664,0.25636593,0.06509299,0.14364528
74,27,74027,Spring,FG,5,1.609437912,2.91,1.068153081,0,35.53,0.093843178,0.307397856,0.07119776,0.041542429,10.48001664,0.25636593,0.06509299,0.14364528
74,57,74057,Fall,FG,20,2.995732274,2.71,0.996948635,0,44.28,0.093843178,0.307397856,0.07119776,0.041542429,10.48001664,0.25636593,0.06509299,0.14364528
74,15,74015,Winter,FG,11,2.397895273,2.23,0.802001585,1,30.22,0.093843178,0.307397856,0.07119776,0.041542429,10.48001664,0.25636593,0.06509299,0.14364528
74,171,74171,Winter,FG,30,3.401197382,1.69,0.524728529,1,20.3,0.093843178,0.307397856,0.07119776,0.041542429,10.48001664,0.25636593,0.06509299,0.14364528
74,68,74068,Winter,FG,21,3.044522438,1.99,0.688134639,1,25.08,0.093843178,0.307397856,0.07119776,0.041542429,10.48001664,0.25636593,0.06509299,0.14364528
74,97,74097,Summer,FG,4,1.386294361,2.36,0.858661619,0,45.64,0.093843178,0.307397856,0.07119776,0.041542429,10.48001664,0.25636593,0.06509299,0.14364528
74,8,74008,Fall,FG,111,4.709530201,2.19,0.783901544,0,36.07,0.093843178,0.307397856,0.07119776,0.041542429,10.48001664,0.25636593,0.06509299,0.14364528
74,25,74025,Spring,FG,9,2.197224577,2.91,1.068153081,0,30.72,0.093843178,0.307397856,0.07119776,0.041542429,10.48001664,0.25636593,0.06509299,0.14364528
74,78,74078,Spring,FG,36,3.583518938,2.19,0.783901544,1,33.84,0.093843178,0.307397856,0.07119776,0.041542429,10.48001664,0.25636593,0.06509299,0.14364528
74,96,74096,Summer,FG,4,1.386294361,2.36,0.858661619,0,49.75,0.093843178,0.307397856,0.07119776,0.041542429,10.48001664,0.25636593,0.06509299,0.14364528
74,167,74167,Winter,FG,24,3.17805383,1.79,0.58221562,0,5.47,0.093843178,0.307397856,0.07119776,0.041542429,10.48001664,0.25636593,0.06509299,0.14364528
74,76,74076,Spring,FG,14,2.63905733,1.99,0.688134639,0,24.22,0.093843178,0.307397856,0.07119776,0.041542429,10.48001664,0.25636593,0.06509299,0.14364528
74,124,74124,Winter,FG,48,3.871201011,1.79,0.58221562,0,11.9,0.093843178,0.307397856,0.07119776,0.041542429,10.48001664,0.25636593,0.06509299,0.14364528
74,198,74198,Summer,FG,5,1.609437912,2.09,0.737164066,0,43.15,0.093843178,0.307397856,0.07119776,0.041542429,10.48001664,0.25636593,0.06509299,0.14364528
64,179,64179,Winter,FG,10,2.302585093,1.9,0.641853886,0,28.36,0.148404104,0.141992021,0.16082131,0.070034198,10.60581744,0.265272875,0.038713642,0.043620725
64,153,64153,Summer,FG,20,2.995732274,1.79,0.58221562,0,13.79,0.148404104,0.141992021,0.16082131,0.070034198,10.60581744,0.265272875,0.038713642,0.043620725
64,50,64050,Fall,FG,5,1.609437912,2.71,0.996948635,1,36.61,0.148404104,0.141992021,0.16082131,0.070034198,10.60581744,0.265272875,0.038713642,0.043620725
64,181,64181,Spring,FG,8,2.079441542,1.84,0.609765572,1,25.65,0.148404104,0.141992021,0.16082131,0.070034198,10.60581744,0.265272875,0.038713642,0.043620725
64,166,64166,Fall,FG,11,2.397895273,1.92,0.652325186,0,14.79,0.148404104,0.141992021,0.16082131,0.070034198,10.60581744,0.265272875,0.038713642,0.043620725
64,62,64062,Fall,FG,14,2.63905733,2.79,1.026041596,1,35.81,0.148404104,0.141992021,0.16082131,0.070034198,10.60581744,0.265272875,0.038713642,0.043620725
64,160,64160,Fall,FG,7,1.945910149,1.92,0.652325186,1,30.15,0.148404104,0.141992021,0.16082131,0.070034198,10.60581744,0.265272875,0.038713642,0.043620725
64,117,64117,Winter,FG,36,3.583518938,1.1,0.09531018,1,4.27,0.148404104,0.141992021,0.16082131,0.070034198,10.60581744,0.265272875,0.038713642,0.043620725
64,120,64120,Winter,FG,13,2.564949357,1.99,0.688134639,1,34.32,0.148404104,0.141992021,0.16082131,0.070034198,10.60581744,0.265272875,0.038713642,0.043620725
64,130,64130,Spring,FG,43,3.761200116,1.65,0.500775288,1,12.66,0.148404104,0.141992021,0.16082131,0.070034198,10.60581744,0.265272875,0.038713642,0.043620725
64,95,64095,Summer,FG,7,1.945910149,2.36,0.858661619,0,49.75,0.148404104,0.141992021,0.16082131,0.070034198,10.60581744,0.265272875,0.038713642,0.043620725
64,125,64125,Winter,FG,14,2.63905733,1.79,0.58221562,0,11.45,0.148404104,0.141992021,0.16082131,0.070034198,10.60581744,0.265272875,0.038713642,0.043620725
64,187,64187,Spring,FG,3,1.098612289,1.92,0.652325186,0,27.55,0.148404104,0.141992021,0.16082131,0.070034198,10.60581744,0.265272875,0.038713642,0.043620725
64,106,64106,Fall,FG,10,2.302585093,1.99,0.688134639,0,32.31,0.148404104,0.141992021,0.16082131,0.070034198,10.60581744,0.265272875,0.038713642,0.043620725
64,134,64134,Spring,FG,29,3.36729583,1.4,0.336472237,1,53.42,0.148404104,0.141992021,0.16082131,0.070034198,10.60581744,0.265272875,0.038713642,0.043620725
64,66,64066,Winter,FG,26,3.258096538,1.99,0.688134639,0,29.75,0.148404104,0.141992021,0.16082131,0.070034198,10.60581744,0.265272875,0.038713642,0.043620725
64,86,64086,Spring,FG,15,2.708050201,1.79,0.58221562,0,27.32,0.148404104,0.141992021,0.16082131,0.070034198,10.60581744,0.265272875,0.038713642,0.043620725
64,35,64035,Spring,FG,60,4.094344562,2.29,0.828551818,0,15.02,0.148404104,0.141992021,0.16082131,0.070034198,10.60581744,0.265272875,0.038713642,0.043620725
64,63,64063,Winter,FG,5,1.609437912,2.79,1.026041596,1,35.81,0.148404104,0.141992021,0.16082131,0.070034198,10.60581744,0.265272875,0.038713642,0.043620725
64,138,64138,Spring,FG,17,2.833213344,1.79,0.58221562,0,5.86,0.148404104,0.141992021,0.16082131,0.070034198,10.60581744,0.265272875,0.038713642,0.043620725
64,195,64195,Summer,FG,36,3.583518938,1.56,0.444685821,1,23.39,0.148404104,0.141992021,0.16082131,0.070034198,10.60581744,0.265272875,0.038713642,0.043620725
64,71,64071,Winter,FG,31,3.433987204,1.99,0.688134639,1,24.97,0.148404104,0.141992021,0.16082131,0.070034198,10.60581744,0.265272875,0.038713642,0.043620725
