Group Assignment 2/Orange Juice Assignment 2.csv
STORE,Week,STOREWEEK,Season,BRAND,MOVE,logmove,PRICE,logprice,Feat,PROFIT,AGE9,AGE60,EDUC,ETHNIC,INCOME,SINGLE,POVERTY,NOCAR
2,185,2185,Spring,FG,36,3.583518938,1.79,0.58221562,1,30.5,0.117508576,0.232864734,0.248934934,0.114279949,10.55320518,0.297620974,0.0619594,0.124602894
2,52,2052,Fall,FG,139,4.934473933,1.99,0.688134639,1,15.48,0.117508576,0.232864734,0.248934934,0.114279949,10.55320518,0.297620974,0.0619594,0.124602894
2,19,2019,Winter,FG,20,2.995732274,2.31,0.837247525,0,32.64,0.117508576,0.232864734,0.248934934,0.114279949,10.55320518,0.297620974,0.0619594,0.124602894
2,190,2190,Spring,FG,114,4.736198448,1.49,0.39877612,1,25.63,0.117508576,0.232864734,0.248934934,0.114279949,10.55320518,0.297620974,0.0619594,0.124602894
2,80,2080,Spring,FG,23,3.135494216,2.19,0.783901544,1,32.79,0.117508576,0.232864734,0.248934934,0.114279949,10.55320518,0.297620974,0.0619594,0.124602894
2,12,2012,Winter,FG,17,2.833213344,2.45,0.896088025,0,36.49,0.117508576,0.232864734,0.248934934,0.114279949,10.55320518,0.297620974,0.0619594,0.124602894
2,142,2142,Summer,FG,37,3.610917913,1.99,0.688134639,1,15.32,0.117508576,0.232864734,0.248934934,0.114279949,10.55320518,0.297620974,0.0619594,0.124602894
2,159,2159,Fall,FG,17,2.833213344,1.68,0.518793793,1,20.17,0.117508576,0.232864734,0.248934934,0.114279949,10.55320518,0.297620974,0.0619594,0.124602894
2,155,2155,Fall,FG,2,0.693147181,2.39,0.871293366,0,37.02,0.117508576,0.232864734,0.248934934,0.114279949,10.55320518,0.297620974,0.0619594,0.124602894
2,28,2028,Spring,FG,8,2.079441542,3.08,1.124929597,0,39.09,0.117508576,0.232864734,0.248934934,0.114279949,10.55320518,0.297620974,0.0619594,0.124602894
2,175,2175,Winter,FG,18,2.890371758,2.06,0.722705983,1,30.63,0.117508576,0.232864734,0.248934934,0.114279949,10.55320518,0.297620974,0.0619594,0.124602894
2,98,2098,Summer,FG,7,1.945910149,2.49,0.91228271,0,48.47,0.117508576,0.232864734,0.248934934,0.114279949,10.55320518,0.297620974,0.0619594,0.124602894
2,141,2141,Summer,FG,11,2.397895273,2.39,0.871293366,0,29.49,0.117508576,0.232864734,0.248934934,0.114279949,10.55320518,0.297620974,0.0619594,0.124602894
2,64,2064,Winter,FG,15,2.708050201,2.79,1.026041596,0,44.87,0.117508576,0.232864734,0.248934934,0.114279949,10.55320518,0.297620974,0.0619594,0.124602894
2,82,2082,Spring,FG,9,2.197224577,2.49,0.91228271,0,40.56,0.117508576,0.232864734,0.248934934,0.114279949,10.55320518,0.297620974,0.0619594,0.124602894
2,149,2149,Summer,FG,34,3.526360525,2.09,0.737164066,1,26.79,0.117508576,0.232864734,0.248934934,0.114279949,10.55320518,0.297620974,0.0619594,0.124602894
2,23,2023,Winter,FG,289,5.666426688,1.89,0.636576829,1,0.63,0.117508576,0.232864734,0.248934934,0.114279949,10.55320518,0.297620974,0.0619594,0.124602894
2,118,2118,Winter,FG,23,3.135494216,1.99,0.688134639,1,32.66,0.117508576,0.232864734,0.248934934,0.114279949,10.55320518,0.297620974,0.0619594,0.124602894
2,71,2071,Winter,FG,94,4.543294782,1.99,0.688134639,1,24.97,0.117508576,0.232864734,0.248934934,0.114279949,10.55320518,0.297620974,0.0619594,0.124602894
2,153,2153,Summer,FG,2,0.693147181,2.39,0.871293366,0,35.39,0.117508576,0.232864734,0.248934934,0.114279949,10.55320518,0.297620974,0.0619594,0.124602894
2,192,2192,Spring,FG,56,4.025351691,1.49,0.39877612,1,25.83,0.117508576,0.232864734,0.248934934,0.114279949,10.55320518,0.297620974,0.0619594,0.124602894
2,41,2041,Summer,FG,4,1.386294361,3.08,1.124929597,0,40.45,0.117508576,0.232864734,0.248934934,0.114279949,10.55320518,0.297620974,0.0619594,0.124602894
2,114,2114,Fall,FG,28,3.33220451,1.99,0.688134639,1,37.03,0.117508576,0.232864734,0.248934934,0.114279949,10.55320518,0.297620974,0.0619594,0.124602894
2,25,2025,Spring,FG,9,2.197224577,3.08,1.124929597,0,34.55,0.117508576,0.232864734,0.248934934,0.114279949,10.55320518,0.297620974,0.0619594,0.124602894
2,27,2027,Spring,FG,5,1.609437912,3.08,1.124929597,0,39.09,0.117508576,0.232864734,0.248934934,0.114279949,10.55320518,0.297620974,0.0619594,0.124602894
2,138,2138,Spring,FG,11,2.397895273,2.39,0.871293366,0,29.49,0.117508576,0.232864734,0.248934934,0.114279949,10.55320518,0.297620974,0.0619594,0.124602894
2,22,2022,Winter,FG,7,1.945910149,2.45,0.896088025,0,36.49,0.117508576,0.232864734,0.248934934,0.114279949,10.55320518,0.297620974,0.0619594,0.124602894
2,89,2089,Summer,FG,82,4.406719247,1.69,0.524728529,1,24.08,0.117508576,0.232864734,0.248934934,0.114279949,10.55320518,0.297620974,0.0619594,0.124602894
2,171,2171,Winter,FG,19,2.944438979,1.69,0.524728529,1,20.41,0.117508576,0.232864734,0.248934934,0.114279949,10.55320518,0.297620974,0.0619594,0.124602894
2,69,2069,Winter,FG,27,3.295836866,1.99,0.688134639,1,24.97,0.117508576,0.232864734,0.248934934,0.114279949,10.55320518,0.297620974,0.0619594,0.124602894
2,11,2011,Winter,FG,12,2.48490665,2.45,0.896088025,0,36.49,0.117508576,0.232864734,0.248934934,0.114279949,10.55320518,0.297620974,0.0619594,0.124602894
2,34,2034,Spring,FG,3,1.098612289,3.08,1.124929597,0,36.82,0.117508576,0.232864734,0.248934934,0.114279949,10.55320518,0.297620974,0.0619594,0.124602894
2,104,2104,Fall,FG,24,3.17805383,1.99,0.688134639,1,31.16,0.117508576,0.232864734,0.248934934,0.114279949,10.55320518,0.297620974,0.0619594,0.124602894
2,148,2148,Summer,FG,17,2.833213344,2.09,0.737164066,1,28.66,0.117508576,0.232864734,0.248934934,0.114279949,10.55320518,0.297620974,0.0619594,0.124602894
128,149,128149,Summer,FG,109,4.691347882,2.09,0.737164066,1,26.79,0.138208506,0.157485189,0.211896894,0.355911221,10.15342882,0.397690129,0.113527621,0.34014789
128,36,128036,Spring,FG,11,2.397895273,3.08,1.124929597,0,36.82,0.138208506,0.157485189,0.211896894,0.355911221,10.15342882,0.397690129,0.113527621,0.34014789
128,172,128172,Winter,FG,21,3.044522438,1.79,0.58221562,1,22.68,0.138208506,0.157485189,0.211896894,0.355911221,10.15342882,0.397690129,0.113527621,0.34014789
128,1,128001,Fall,FG,51,3.931825633,2.29,0.828551818,0,23.41,0.138208506,0.157485189,0.211896894,0.355911221,10.15342882,0.397690129,0.113527621,0.34014789
128,80,128080,Spring,FG,20,2.995732274,2.19,0.783901544,1,32.79,0.138208506,0.157485189,0.211896894,0.355911221,10.15342882,0.397690129,0.113527621,0.34014789
128,118,128118,Winter,FG,80,4.382026635,1.99,0.688134639,1,32.66,0.138208506,0.157485189,0.211896894,0.355911221,10.15342882,0.397690129,0.113527621,0.34014789
128,23,128023,Winter,FG,625,6.43775165,1.89,0.636576829,1,0.63,0.138208506,0.157485189,0.211896894,0.355911221,10.15342882,0.397690129,0.113527621,0.34014789
128,27,128027,Spring,FG,10,2.302585093,3.08,1.124929597,0,39.09,0.138208506,0.157485189,0.211896894,0.355911221,10.15342882,0.397690129,0.113527621,0.34014789
128,37,128037,Summer,FG,25,3.218875825,2.59,0.951657876,0,24.86,0.138208506,0.157485189,0.211896894,0.355911221,10.15342882,0.397690129,0.113527621,0.34014789
128,16,128016,Winter,FG,4,1.386294361,2.32,0.841567186,1,32.93,0.138208506,0.157485189,0.211896894,0.355911221,10.15342882,0.397690129,0.113527621,0.34014789
128,165,128165,Fall,FG,6,1.791759469,2.22,0.797507196,0,30.72,0.138208506,0.157485189,0.211896894,0.355911221,10.15342882,0.397690129,0.113527621,0.34014789
128,40,128040,Summer,FG,56,4.025351691,1.85,0.615185639,1,11.03,0.138208506,0.157485189,0.211896894,0.355911221,10.15342882,0.397690129,0.113527621,0.34014789
128,112,128112,Fall,FG,141,4.94875989,1.99,0.688134639,1,39.69,0.138208506,0.157485189,0.211896894,0.355911221,10.15342882,0.397690129,0.113527621,0.34014789
128,176,128176,Winter,FG,15,2.708050201,2.06,0.722705983,1,32.42,0.138208506,0.157485189,0.211896894,0.355911221,10.15342882,0.397690129,0.113527621,0.34014789
128,72,128072,Winter,FG,37,3.610917913,1.99,0.688134639,0,24.97,0.138208506,0.157485189,0.211896894,0.355911221,10.15342882,0.397690129,0.113527621,0.34014789
128,194,128194,Summer,FG,77,4.343805422,1.49,0.39877612,1,19.79,0.138208506,0.157485189,0.211896894,0.355911221,10.15342882,0.397690129,0.113527621,0.34014789
128,167,128167,Winter,FG,19,2.944438979,2.22,0.797507196,0,26.03,0.138208506,0.157485189,0.211896894,0.355911221,10.15342882,0.397690129,0.113527621,0.34014789
128,24,128024,Spring,FG,11,2.397895273,2.89,1.061256502,0,35.05,0.138208506,0.157485189,0.211896894,0.355911221,10.15342882,0.397690129,0.113527621,0.34014789
128,175,128175,Winter,FG,32,3.465735903,2.06,0.722705983,1,30.63,0.138208506,0.157485189,0.211896894,0.355911221,10.15342882,0.397690129,0.113527621,0.34014789
128,144,128144,Summer,FG,48,3.871201011,2.22,0.797507196,1,24.09,0.138208506,0.157485189,0.211896894,0.355911221,10.15342882,0.397690129,0.113527621,0.34014789
128,86,128086,Spring,FG,8,2.079441542,1.79,0.58221562,0,27.32,0.138208506,0.157485189,0.211896894,0.355911221,10.15342882,0.397690129,0.113527621,0.34014789
128,191,128191,Spring,FG,96,4.564348191,1.49,0.39877612,1,27.65,0.138208506,0.157485189,0.211896894,0.355911221,10.15342882,0.397690129,0.113527621,0.34014789
128,95,128095,Summer,FG,2,0.693147181,2.49,0.91228271,0,52.36,0.138208506,0.157485189,0.211896894,0.355911221,10.15342882,0.397690129,0.113527621,0.34014789
128,58,128058,Fall,FG,32,3.465735903,1.99,0.688134639,1,24.12,0.138208506,0.157485189,0.211896894,0.355911221,10.15342882,0.397690129,0.113527621,0.34014789
128,121,128121,Winter,FG,272,5.605802066,1.79,0.58221562,1,30.39,0.138208506,0.157485189,0.211896894,0.355911221,10.15342882,0.397690129,0.113527621,0.34014789
128,20,128020,Winter,FG,51,3.931825633,2.31,0.837247525,1,32.64,0.138208506,0.157485189,0.211896894,0.355911221,10.15342882,0.397690129,0.113527621,0.34014789
128,65,128065,Winter,FG,22,3.091042453,2.79,1.026041596,0,44.87,0.138208506,0.157485189,0.211896894,0.355911221,10.15342882,0.397690129,0.113527621,0.34014789
128,63,128063,Winter,FG,4,1.386294361,2.79,1.026041596,1,35.81,0.138208506,0.157485189,0.211896894,0.355911221,10.15342882,0.397690129,0.113527621,0.34014789
128,54,128054,Fall,FG,4,1.386294361,3.08,1.124929597,0,44.84,0.138208506,0.157485189,0.211896894,0.355911221,10.15342882,0.397690129,0.113527621,0.34014789
128,45,128045,Summer,FG,9,2.197224577,2.75,1.011600912,1,33.78,0.138208506,0.157485189,0.211896894,0.355911221,10.15342882,0.397690129,0.113527621,0.34014789
128,142,128142,Summer,FG,156,5.049856007,1.99,0.688134639,1,15.32,0.138208506,0.157485189,0.211896894,0.355911221,10.15342882,0.397690129,0.113527621,0.34014789
128,160,128160,Fall,FG,19,2.944438979,2.22,0.797507196,1,39.59,0.138208506,0.157485189,0.211896894,0.355911221,10.15342882,0.397690129,0.113527621,0.34014789
128,147,128147,Summer,FG,25,3.218875825,2.13,0.75612198,1,29.57,0.138208506,0.157485189,0.211896894,0.355911221,10.15342882,0.397690129,0.113527621,0.34014789
128,130,128130,Spring,FG,107,4.672828834,1.63,0.488580015,1,11.59,0.138208506,0.157485189,0.211896894,0.355911221,10.15342882,0.397690129,0.113527621,0.34014789
128,183,128183,Spring,FG,30,3.401197382,1.99,0.688134639,0,31,0.138208506,0.157485189,0.211896894,0.355911221,10.15342882,0.397690129,0.113527621,0.34014789
128,91,128091,Summer,FG,2,0.693147181,2.49,0.91228271,0,48.47,0.138208506,0.157485189,0.211896894,0.355911221,10.15342882,0.397690129,0.113527621,0.34014789
115,187,115187,Spring,FG,10,2.302585093,1.79,0.58221562,0,22.62,0.185493511,0.060280055,0.406312482,0.043971995,10.94748525,0.236840561,0.018897638,0.018763942
115,6,115006,Fall,FG,16,2.772588722,2.41,0.879626748,0,30.54,0.185493511,0.060280055,0.406312482,0.043971995,10.94748525,0.236840561,0.018897638,0.018763942
115,127,115127,Winter,FG,1482,7.301147806,0.99,-0.010050336,1,45.65,0.185493511,0.060280055,0.406312482,0.043971995,10.94748525,0.236840561,0.018897638,0.018763942
115,151,115151,Summer,FG,21,3.044522438,1.77,0.570979547,0,12.93,0.185493511,0.060280055,0.406312482,0.043971995,10.94748525,0.236840561,0.018897638,0.018763942
115,3,115003,Fall,FG,20,2.995732274,2.29,0.828551818,1,23.41,0.185493511,0.060280055,0.406312482,0.043971995,10.94748525,0.236840561,0.018897638,0.018763942
115,35,115035,Spring,FG,105,4.65396035,2.29,0.828551818,0,15.02,0.185493511,0.060280055,0.406312482,0.043971995,10.94748525,0.236840561,0.018897638,0.018763942
115,178,115178,Winter,FG,13,2.564949357,1.79,0.58221562,0,24.52,0.185493511,0.060280055,0.406312482,0.043971995,10.94748525,0.236840561,0.018897638,0.018763942
115,61,115061,Fall,FG,13,2.564949357,2.91,1.068153081,0,38.45,0.185493511,0.060280055,0.406312482,0.043971995,10.94748525,0.236840561,0.018897638,0.018763942
115,85,115085,Spring,FG,37,3.610917913,1.79,0.58221562,0,20.28,0.185493511,0.060280055,0.406312482,0.043971995,10.94748525,0.236840561,0.018897638,0.018763942
115,119,115119,Winter,FG,10,2.302585093,1.99,0.688134639,1,29.74,0.185493511,0.060280055,0.406312482,0.043971995,10.94748525,0.236840561,0.018897638,0.018763942
115,97,115097,Summer,FG,6,1.791759469,2.36,0.858661619,0,45.63,0.185493511,0.060280055,0.406312482,0.043971995,10.94748525,0.236840561,0.018897638,0.018763942
115,163,115163,Fall,FG,37,3.610917913,1.79,0.58221562,0,14.07,0.185493511,0.060280055,0.406312482,0.043971995,10.94748525,0.236840561,0.018897638,0.018763942
115,13,115013,Winter,FG,23,3.135494216,2.23,0.802001585,0,30.22,0.185493511,0.060280055,0.406312482,0.043971995,10.94748525,0.236840561,0.018897638,0.018763942
115,31,115031,Spring,FG,11,2.397895273,2.91,1.068153081,0,29.86,0.185493511,0.060280055,0.406312482,0.043971995,10.94748525,0.236840561,0.018897638,0.018763942
115,71,115071,Winter,FG,36,3.583518938,1.99,0.688134639,1,24.97,0.185493511,0.060280055,0.406312482,0.043971995,10.94748525,0.236840561,0.018897638,0.018763942
115,24,115024,Spring,FG,9,2.197224577,2.73,1.004301609,0,31.25,0.185493511,0.060280055,0.406312482,0.043971995,10.94748525,0.236840561,0.018897638,0.018763942
115,149,115149,Summer,FG,51,3.931825633,1.79,0.58221562,0,14.52,0.185493511,0.060280055,0.406312482,0.043971995,10.94748525,0.236840561,0.018897638,0.018763942
115,79,115079,Spring,FG,12,2.48490665,2.19,0.783901544,0,32.79,0.185493511,0.060280055,0.406312482,0.043971995,10.94748525,0.236840561,0.018897638,0.018763942
115,145,115145,Summer,FG,23,3.135494216,1.79,0.58221562,0,5.86,0.185493511,0.060280055,0.406312482,0.043971995,10.94748525,0.236840561,0.018897638,0.018763942
115,180,115180,Spring,FG,26,3.258096538,1.64,0.494696242,1,17.01,0.185493511,0.060280055,0.406312482,0.043971995,10.94748525,0.236840561,0.018897638,0.018763942
115,123,115123,Winter,FG,11,2.397895273,2.08,0.732367894,0,24.18,0.185493511,0.060280055,0.406312482,0.043971995,10.94748525,0.236840561,0.018897638,0.018763942
115,182,115182,Spring,FG,35,3.555348061,1.79,0.58221562,0,23.29,0.185493511,0.060280055,0.406312482,0.043971995,10.94748525,0.236840561,0.018897638,0.018763942
115,167,115167,Winter,FG,31,3.433987204,1.79,0.58221562,0,7.87,0.185493511,0.060280055,0.406312482,0.043971995,10.94748525,0.236840561,0.018897638,0.018763942
115,148,115148,Summer,FG,28,3.33220451,1.79,0.58221562,0,16.53,0.185493511,0.060280055,0.406312482,0.043971995,10.94748525,0.236840561,0.018897638,0.018763942
115,120,115120,Winter,FG,11,2.397895273,1.67,0.512823626,1,18.44,0.185493511,0.060280055,0.406312482,0.043971995,10.94748525,0.236840561,0.018897638,0.018763942
115,154,115154,Fall,FG,20,2.995732274,1.79,0.58221562,0,15.86,0.185493511,0.060280055,0.406312482,0.043971995,10.94748525,0.236840561,0.018897638,0.018763942
115,196,115196,Summer,FG,22,3.091042453,1.79,0.58221562,0,33.24,0.185493511,0.060280055,0.406312482,0.043971995,10.94748525,0.236840561,0.018897638,0.018763942
115,55,115055,Fall,FG,10,2.302585093,2.91,1.068153081,0,41.2,0.185493511,0.060280055,0.406312482,0.043971995,10.94748525,0.236840561,0.018897638,0.018763942
