Group Assignment 2/Orange Juice Assignment 2.csv
STORE,Week,STOREWEEK,Season,BRAND,MOVE,logmove,PRICE,logprice,Feat,PROFIT,AGE9,AGE60,EDUC,ETHNIC,INCOME,SINGLE,POVERTY,NOCAR
130,75,130075,Winter,FG,43,3.761200116,1.99,0.688134639,1,24.22,0.150929181,0.145117314,0.143406846,0.984896319,9.966650127,0.426659256,0.193144481,0.407351505
130,140,130140,Spring,FG,19,2.944438979,2.39,0.871293366,0,29.49,0.150929181,0.145117314,0.143406846,0.984896319,9.966650127,0.426659256,0.193144481,0.407351505
130,99,130099,Summer,FG,4,1.386294361,2.49,0.91228271,0,48.47,0.150929181,0.145117314,0.143406846,0.984896319,9.966650127,0.426659256,0.193144481,0.407351505
130,126,130126,Winter,FG,14,2.63905733,2.39,0.871293366,0,38.95,0.150929181,0.145117314,0.143406846,0.984896319,9.966650127,0.426659256,0.193144481,0.407351505
130,151,130151,Summer,FG,40,3.688879454,2.12,0.751416089,1,27.31,0.150929181,0.145117314,0.143406846,0.984896319,9.966650127,0.426659256,0.193144481,0.407351505
130,137,130137,Spring,FG,14,2.63905733,2.39,0.871293366,0,29.49,0.150929181,0.145117314,0.143406846,0.984896319,9.966650127,0.426659256,0.193144481,0.407351505
130,91,130091,Summer,FG,6,1.791759469,2.49,0.91228271,0,48.47,0.150929181,0.145117314,0.143406846,0.984896319,9.966650127,0.426659256,0.193144481,0.407351505
130,61,130061,Fall,FG,12,2.48490665,3.08,1.124929597,0,41.85,0.150929181,0.145117314,0.143406846,0.984896319,9.966650127,0.426659256,0.193144481,0.407351505
130,120,130120,Winter,FG,27,3.295836866,1.99,0.688134639,1,33.36,0.150929181,0.145117314,0.143406846,0.984896319,9.966650127,0.426659256,0.193144481,0.407351505
130,46,130046,Summer,FG,16,2.772588722,2.75,1.011600912,1,36.25,0.150929181,0.145117314,0.143406846,0.984896319,9.966650127,0.426659256,0.193144481,0.407351505
130,166,130166,Fall,FG,10,2.302585093,2.22,0.797507196,0,27.97,0.150929181,0.145117314,0.143406846,0.984896319,9.966650127,0.426659256,0.193144481,0.407351505
130,180,130180,Spring,FG,22,3.091042453,2.07,0.727548607,1,34.25,0.150929181,0.145117314,0.143406846,0.984896319,9.966650127,0.426659256,0.193144481,0.407351505
130,85,130085,Spring,FG,48,3.871201011,1.79,0.58221562,0,20.28,0.150929181,0.145117314,0.143406846,0.984896319,9.966650127,0.426659256,0.193144481,0.407351505
130,132,130132,Spring,FG,24,3.17805383,1.61,0.476234179,1,17.26,0.150929181,0.145117314,0.143406846,0.984896319,9.966650127,0.426659256,0.193144481,0.407351505
130,62,130062,Fall,FG,32,3.465735903,2.79,1.026041596,1,35.81,0.150929181,0.145117314,0.143406846,0.984896319,9.966650127,0.426659256,0.193144481,0.407351505
130,134,130134,Spring,FG,43,3.761200116,1.73,0.548121409,1,19.19,0.150929181,0.145117314,0.143406846,0.984896319,9.966650127,0.426659256,0.193144481,0.407351505
130,41,130041,Summer,FG,7,1.945910149,3.08,1.124929597,0,40.45,0.150929181,0.145117314,0.143406846,0.984896319,9.966650127,0.426659256,0.193144481,0.407351505
100,55,100055,Fall,FG,6,1.791759469,3.08,1.124929597,0,44.45,0.184360976,0.136995144,0.049550286,0.564086801,10.0365751,0.360772697,0.166714002,0.365650445
100,126,100126,Winter,FG,9,2.197224577,1.92,0.652325186,0,24.84,0.184360976,0.136995144,0.049550286,0.564086801,10.0365751,0.360772697,0.166714002,0.365650445
100,179,100179,Winter,FG,7,1.945910149,2.22,0.797507196,0,38.69,0.184360976,0.136995144,0.049550286,0.564086801,10.0365751,0.360772697,0.166714002,0.365650445
100,118,100118,Winter,FG,40,3.688879454,1.99,0.688134639,1,32.66,0.184360976,0.136995144,0.049550286,0.564086801,10.0365751,0.360772697,0.166714002,0.365650445
100,99,100099,Summer,FG,8,2.079441542,2.49,0.91228271,0,46.3,0.184360976,0.136995144,0.049550286,0.564086801,10.0365751,0.360772697,0.166714002,0.365650445
100,182,100182,Spring,FG,425,6.052089169,1.79,0.58221562,1,23.29,0.184360976,0.136995144,0.049550286,0.564086801,10.0365751,0.360772697,0.166714002,0.365650445
100,194,100194,Summer,FG,42,3.737669618,1.49,0.39877612,1,19.79,0.184360976,0.136995144,0.049550286,0.564086801,10.0365751,0.360772697,0.166714002,0.365650445
100,78,100078,Spring,FG,87,4.465908119,2.19,0.783901544,1,33.84,0.184360976,0.136995144,0.049550286,0.564086801,10.0365751,0.360772697,0.166714002,0.365650445
100,8,100008,Fall,FG,23,3.135494216,2.19,0.783901544,0,36.07,0.184360976,0.136995144,0.049550286,0.564086801,10.0365751,0.360772697,0.166714002,0.365650445
100,42,100042,Summer,FG,5,1.609437912,3.08,1.124929597,0,40.39,0.184360976,0.136995144,0.049550286,0.564086801,10.0365751,0.360772697,0.166714002,0.365650445
100,196,100196,Summer,FG,13,2.564949357,2.22,0.797507196,0,46.17,0.184360976,0.136995144,0.049550286,0.564086801,10.0365751,0.360772697,0.166714002,0.365650445
100,70,100070,Winter,FG,25,3.218875825,2.49,0.91228271,0,40.04,0.184360976,0.136995144,0.049550286,0.564086801,10.0365751,0.360772697,0.166714002,0.365650445
100,132,100132,Spring,FG,100,4.605170186,1.52,0.418710335,1,12.03,0.184360976,0.136995144,0.049550286,0.564086801,10.0365751,0.360772697,0.166714002,0.365650445
100,129,100129,Spring,FG,76,4.33073334,1.73,0.548121409,0,16.7,0.184360976,0.136995144,0.049550286,0.564086801,10.0365751,0.360772697,0.166714002,0.365650445
100,116,100116,Winter,FG,103,4.634728988,1.52,0.418710335,1,30.72,0.184360976,0.136995144,0.049550286,0.564086801,10.0365751,0.360772697,0.166714002,0.365650445
100,113,100113,Fall,FG,23,3.135494216,2.11,0.746687947,1,41.51,0.184360976,0.136995144,0.049550286,0.564086801,10.0365751,0.360772697,0.166714002,0.365650445
100,86,100086,Spring,FG,35,3.555348061,1.79,0.58221562,0,27.32,0.184360976,0.136995144,0.049550286,0.564086801,10.0365751,0.360772697,0.166714002,0.365650445
100,102,100102,Fall,FG,17,2.833213344,2.49,0.91228271,0,44.97,0.184360976,0.136995144,0.049550286,0.564086801,10.0365751,0.360772697,0.166714002,0.365650445
100,163,100163,Fall,FG,10,2.302585093,2.22,0.797507196,0,30.72,0.184360976,0.136995144,0.049550286,0.564086801,10.0365751,0.360772697,0.166714002,0.365650445
100,71,100071,Winter,FG,61,4.110873864,1.99,0.688134639,1,24.97,0.184360976,0.136995144,0.049550286,0.564086801,10.0365751,0.360772697,0.166714002,0.365650445
100,114,100114,Fall,FG,59,4.077537444,1.99,0.688134639,1,37.03,0.184360976,0.136995144,0.049550286,0.564086801,10.0365751,0.360772697,0.166714002,0.365650445
100,6,100006,Fall,FG,16,2.772588722,2.54,0.932164081,0,34.09,0.184360976,0.136995144,0.049550286,0.564086801,10.0365751,0.360772697,0.166714002,0.365650445
100,117,100117,Winter,FG,60,4.094344562,1.64,0.494696242,1,33.78,0.184360976,0.136995144,0.049550286,0.564086801,10.0365751,0.360772697,0.166714002,0.365650445
100,75,100075,Winter,FG,7,1.945910149,1.99,0.688134639,1,24.22,0.184360976,0.136995144,0.049550286,0.564086801,10.0365751,0.360772697,0.166714002,0.365650445
100,110,100110,Fall,FG,2,0.693147181,2.39,0.871293366,0,49.79,0.184360976,0.136995144,0.049550286,0.564086801,10.0365751,0.360772697,0.166714002,0.365650445
100,146,100146,Summer,FG,97,4.574710979,1.79,0.58221562,0,6.31,0.184360976,0.136995144,0.049550286,0.564086801,10.0365751,0.360772697,0.166714002,0.365650445
83,24,83024,Spring,FG,20,2.995732274,2.39,0.871293366,0,21.46,0.127057732,0.200834686,0.145984905,0.107628101,10.45607873,0.233426918,0.057222695,0.043726467
83,79,83079,Spring,FG,17,2.833213344,1.89,0.636576829,0,22.12,0.127057732,0.200834686,0.145984905,0.107628101,10.45607873,0.233426918,0.057222695,0.043726467
83,167,83167,Winter,FG,43,3.761200116,1.92,0.652325186,0,11.88,0.127057732,0.200834686,0.145984905,0.107628101,10.45607873,0.233426918,0.057222695,0.043726467
83,197,83197,Summer,FG,21,3.044522438,1.99,0.688134639,0,39.94,0.127057732,0.200834686,0.145984905,0.107628101,10.45607873,0.233426918,0.057222695,0.043726467
83,77,83077,Spring,FG,33,3.496507561,1.89,0.636576829,0,20.21,0.127057732,0.200834686,0.145984905,0.107628101,10.45607873,0.233426918,0.057222695,0.043726467
83,10,83010,Fall,FG,5,1.609437912,2.09,0.737164066,0,25.65,0.127057732,0.200834686,0.145984905,0.107628101,10.45607873,0.233426918,0.057222695,0.043726467
83,200,83200,Summer,FG,5,1.609437912,2.19,0.783901544,0,50,0.127057732,0.200834686,0.145984905,0.107628101,10.45607873,0.233426918,0.057222695,0.043726467
83,40,83040,Summer,FG,67,4.204692619,1.85,0.615185639,1,11.03,0.127057732,0.200834686,0.145984905,0.107628101,10.45607873,0.233426918,0.057222695,0.043726467
83,97,83097,Summer,FG,11,2.397895273,1.89,0.636576829,0,32.12,0.127057732,0.200834686,0.145984905,0.107628101,10.45607873,0.233426918,0.057222695,0.043726467
83,62,83062,Fall,FG,9,2.197224577,2.53,0.928219303,1,29.21,0.127057732,0.200834686,0.145984905,0.107628101,10.45607873,0.233426918,0.057222695,0.043726467
83,187,83187,Spring,FG,8,2.079441542,1.92,0.652325186,0,29.69,0.127057732,0.200834686,0.145984905,0.107628101,10.45607873,0.233426918,0.057222695,0.043726467
83,30,83030,Spring,FG,6,1.791759469,2.53,0.928219303,0,25.85,0.127057732,0.200834686,0.145984905,0.107628101,10.45607873,0.233426918,0.057222695,0.043726467
83,66,83066,Winter,FG,19,2.944438979,1.89,0.636576829,0,26.03,0.127057732,0.200834686,0.145984905,0.107628101,10.45607873,0.233426918,0.057222695,0.043726467
83,47,83047,Summer,FG,15,2.708050201,2.53,0.928219303,0,28.89,0.127057732,0.200834686,0.145984905,0.107628101,10.45607873,0.233426918,0.057222695,0.043726467
83,43,83043,Summer,FG,18,2.890371758,2.53,0.928219303,0,23.08,0.127057732,0.200834686,0.145984905,0.107628101,10.45607873,0.233426918,0.057222695,0.043726467
83,55,83055,Fall,FG,11,2.397895273,2.53,0.928219303,0,32.37,0.127057732,0.200834686,0.145984905,0.107628101,10.45607873,0.233426918,0.057222695,0.043726467
83,149,83149,Summer,FG,72,4.276666119,1.79,0.58221562,0,14.53,0.127057732,0.200834686,0.145984905,0.107628101,10.45607873,0.233426918,0.057222695,0.043726467
83,135,83135,Spring,FG,44,3.784189634,1.69,0.524728529,1,11.54,0.127057732,0.200834686,0.145984905,0.107628101,10.45607873,0.233426918,0.057222695,0.043726467
83,13,83013,Winter,FG,11,2.397895273,1.99,0.688134639,0,21.81,0.127057732,0.200834686,0.145984905,0.107628101,10.45607873,0.233426918,0.057222695,0.043726467
83,112,83112,Fall,FG,14,2.63905733,1.89,0.636576829,0,36.51,0.127057732,0.200834686,0.145984905,0.107628101,10.45607873,0.233426918,0.057222695,0.043726467
83,160,83160,Fall,FG,44,3.784189634,1.92,0.652325186,1,30.16,0.127057732,0.200834686,0.145984905,0.107628101,10.45607873,0.233426918,0.057222695,0.043726467
83,189,83189,Spring,FG,25,3.218875825,1.89,0.636576829,1,29.26,0.127057732,0.200834686,0.145984905,0.107628101,10.45607873,0.233426918,0.057222695,0.043726467
83,95,83095,Summer,FG,4,1.386294361,1.89,0.636576829,0,37.25,0.127057732,0.200834686,0.145984905,0.107628101,10.45607873,0.233426918,0.057222695,0.043726467
111,54,111054,Fall,FG,3,1.098612289,3.08,1.124929597,0,44.84,0.145874221,0.210512842,0.096928919,0.995690759,10.13828296,0.377741408,0.171653543,0.334262176
111,79,111079,Spring,FG,151,5.017279837,2.19,0.783901544,0,32.79,0.145874221,0.210512842,0.096928919,0.995690759,10.13828296,0.377741408,0.171653543,0.334262176
111,49,111049,Summer,FG,5,1.609437912,2.71,0.996948635,1,33.62,0.145874221,0.210512842,0.096928919,0.995690759,10.13828296,0.377741408,0.171653543,0.334262176
111,160,111160,Fall,FG,7,1.945910149,2.39,0.871293366,1,43.89,0.145874221,0.210512842,0.096928919,0.995690759,10.13828296,0.377741408,0.171653543,0.334262176
111,194,111194,Summer,FG,2,0.693147181,1.49,0.39877612,1,19.79,0.145874221,0.210512842,0.096928919,0.995690759,10.13828296,0.377741408,0.171653543,0.334262176
111,127,111127,Winter,FG,9969,9.207235557,0.99,-0.010050336,1,45.55,0.145874221,0.210512842,0.096928919,0.995690759,10.13828296,0.377741408,0.171653543,0.334262176
111,98,111098,Summer,FG,15,2.708050201,2.49,0.91228271,0,48.47,0.145874221,0.210512842,0.096928919,0.995690759,10.13828296,0.377741408,0.171653543,0.334262176
111,13,111013,Winter,FG,14,2.63905733,2.32,0.841567186,0,32.93,0.145874221,0.210512842,0.096928919,0.995690759,10.13828296,0.377741408,0.171653543,0.334262176
111,99,111099,Summer,FG,8,2.079441542,2.49,0.91228271,0,48.47,0.145874221,0.210512842,0.096928919,0.995690759,10.13828296,0.377741408,0.171653543,0.334262176
111,7,111007,Fall,FG,7,1.945910149,2.19,0.783901544,0,23.56,0.145874221,0.210512842,0.096928919,0.995690759,10.13828296,0.377741408,0.171653543,0.334262176
111,146,111146,Summer,FG,7,1.945910149,2.22,0.797507196,1,25.27,0.145874221,0.210512842,0.096928919,0.995690759,10.13828296,0.377741408,0.171653543,0.334262176
111,56,111056,Fall,FG,5,1.609437912,3.08,1.124929597,0,44.45,0.145874221,0.210512842,0.096928919,0.995690759,10.13828296,0.377741408,0.171653543,0.334262176
111,16,111016,Winter,FG,21,3.044522438,2.32,0.841567186,1,32.93,0.145874221,0.210512842,0.096928919,0.995690759,10.13828296,0.377741408,0.171653543,0.334262176
111,164,111164,Fall,FG,16,2.772588722,2.39,0.871293366,0,35.64,0.145874221,0.210512842,0.096928919,0.995690759,10.13828296,0.377741408,0.171653543,0.334262176
111,106,111106,Fall,FG,14,2.63905733,1.99,0.688134639,0,32.31,0.145874221,0.210512842,0.096928919,0.995690759,10.13828296,0.377741408,0.171653543,0.334262176
111,118,111118,Winter,FG,37,3.610917913,1.99,0.688134639,1,32.66,0.145874221,0.210512842,0.096928919,0.995690759,10.13828296,0.377741408,0.171653543,0.334262176
111,25,111025,Spring,FG,4,1.386294361,3.08,1.124929597,0,34.55,0.145874221,0.210512842,0.096928919,0.995690759,10.13828296,0.377741408,0.171653543,0.334262176
111,196,111196,Summer,FG,6,1.791759469,2.39,0.871293366,0,50,0.145874221,0.210512842,0.096928919,0.995690759,10.13828296,0.377741408,0.171653543,0.334262176
111,41,111041,Summer,FG,2,0.693147181,3.08,1.124929597,0,40.45,0.145874221,0.210512842,0.096928919,0.995690759,10.13828296,0.377741408,0.171653543,0.334262176
111,200,111200,Summer,FG,5,1.609437912,2.09,0.737164066,0,47.6,0.145874221,0.210512842,0.096928919,0.995690759,10.13828296,0.377741408,0.171653543,0.334262176
111,110,111110,Fall,FG,2,0.693147181,2.39,0.871293366,0,49.79,0.145874221,0.210512842,0.096928919,0.995690759,10.13828296,0.377741408,0.171653543,0.334262176
111,31,111031,Spring,FG,9,2.197224577,3.08,1.124929597,0,33.73,0.145874221,0.210512842,0.096928919,0.995690759,10.13828296,0.377741408,0.171653543,0.334262176
111,109,111109,Fall,FG,10,2.302585093,2.39,0.871293366,0,49.79,0.145874221,0.210512842,0.096928919,0.995690759,10.13828296,0.377741408,0.171653543,0.334262176
111,133,111133,Spring,FG,85,4.442651256,1.29,0.254642218,1,57.28,0.145874221,0.210512842,0.096928919,0.995690759,10.13828296,0.377741408,0.171653543,0.334262176
111,26,111026,Spring,FG,5,1.609437912,3.08,1.124929597,0,34.55,0.145874221,0.210512842,0.096928919,0.995690759,10.13828296,0.377741408,0.171653543,0.334262176
111,73,111073,Winter,FG,185,5.220355825,1.99,0.688134639,1,24.97,0.145874221,0.210512842,0.096928919,0.995690759,10.13828296,0.377741408,0.171653543,0.334262176
111,67,111067,Winter,FG,58,4.060443011,1.99,0.688134639,0,25.08,0.145874221,0.210512842,0.096928919,0.995690759,10.13828296,0.377741408,0.171653543,0.334262176
